Archive member included to satisfy reference by file (symbol)

/mnt/c/qorc-sdk/arm_toolchain_install/gcc-arm-none-eabi-9-2020-q2-update/bin/../lib/gcc/arm-none-eabi/9.3.1/thumb/v7e-m+fp/hard/libgcc.a(_arm_muldf3.o)
                              /mnt/c/qorc-sdk/qf_apps/qf_wbfpga_pio/GCC_Project/output/ql_test_signals.o (__aeabi_dmul)
/mnt/c/qorc-sdk/arm_toolchain_install/gcc-arm-none-eabi-9-2020-q2-update/bin/../lib/gcc/arm-none-eabi/9.3.1/thumb/v7e-m+fp/hard/libgcc.a(_arm_addsubdf3.o)
                              /mnt/c/qorc-sdk/qf_apps/qf_wbfpga_pio/GCC_Project/output/ql_test_signals.o (__aeabi_dadd)
/mnt/c/qorc-sdk/arm_toolchain_install/gcc-arm-none-eabi-9-2020-q2-update/bin/../lib/gcc/arm-none-eabi/9.3.1/thumb/v7e-m+fp/hard/libgcc.a(_arm_muldivdf3.o)
                              /mnt/c/qorc-sdk/qf_apps/qf_wbfpga_pio/GCC_Project/output/eoss3_hal_i2c.o (__aeabi_ddiv)
/mnt/c/qorc-sdk/arm_toolchain_install/gcc-arm-none-eabi-9-2020-q2-update/bin/../lib/gcc/arm-none-eabi/9.3.1/thumb/v7e-m+fp/hard/libgcc.a(_arm_fixdfsi.o)
                              /mnt/c/qorc-sdk/qf_apps/qf_wbfpga_pio/GCC_Project/output/ql_test_signals.o (__aeabi_d2iz)
/mnt/c/qorc-sdk/arm_toolchain_install/gcc-arm-none-eabi-9-2020-q2-update/bin/../lib/gcc/arm-none-eabi/9.3.1/thumb/v7e-m+fp/hard/libgcc.a(_arm_truncdfsf2.o)
                              /mnt/c/qorc-sdk/qf_apps/qf_wbfpga_pio/GCC_Project/output/eoss3_hal_i2c.o (__aeabi_d2f)
/mnt/c/qorc-sdk/arm_toolchain_install/gcc-arm-none-eabi-9-2020-q2-update/bin/../lib/gcc/arm-none-eabi/9.3.1/thumb/v7e-m+fp/hard/libgcc.a(_aeabi_ldivmod.o)
                              /mnt/c/qorc-sdk/qf_apps/qf_wbfpga_pio/GCC_Project/output/dbg_uart.o (__aeabi_ldivmod)
/mnt/c/qorc-sdk/arm_toolchain_install/gcc-arm-none-eabi-9-2020-q2-update/bin/../lib/gcc/arm-none-eabi/9.3.1/thumb/v7e-m+fp/hard/libgcc.a(_aeabi_uldivmod.o)
                              /mnt/c/qorc-sdk/qf_apps/qf_wbfpga_pio/GCC_Project/output/s3x_lpm.o (__aeabi_uldivmod)
/mnt/c/qorc-sdk/arm_toolchain_install/gcc-arm-none-eabi-9-2020-q2-update/bin/../lib/gcc/arm-none-eabi/9.3.1/thumb/v7e-m+fp/hard/libgcc.a(_udivmoddi4.o)
                              /mnt/c/qorc-sdk/arm_toolchain_install/gcc-arm-none-eabi-9-2020-q2-update/bin/../lib/gcc/arm-none-eabi/9.3.1/thumb/v7e-m+fp/hard/libgcc.a(_aeabi_ldivmod.o) (__udivmoddi4)
/mnt/c/qorc-sdk/arm_toolchain_install/gcc-arm-none-eabi-9-2020-q2-update/bin/../lib/gcc/arm-none-eabi/9.3.1/thumb/v7e-m+fp/hard/libgcc.a(_dvmd_tls.o)
                              /mnt/c/qorc-sdk/arm_toolchain_install/gcc-arm-none-eabi-9-2020-q2-update/bin/../lib/gcc/arm-none-eabi/9.3.1/thumb/v7e-m+fp/hard/libgcc.a(_aeabi_ldivmod.o) (__aeabi_ldiv0)
/mnt/c/qorc-sdk/arm_toolchain_install/gcc-arm-none-eabi-9-2020-q2-update/bin/../lib/gcc/arm-none-eabi/9.3.1/../../../../arm-none-eabi/lib/thumb/v7e-m+fp/hard/libg_nano.a(lib_a-exit.o)
                              /mnt/c/qorc-sdk/arm_toolchain_install/gcc-arm-none-eabi-9-2020-q2-update/bin/../lib/gcc/arm-none-eabi/9.3.1/../../../../arm-none-eabi/lib/thumb/v7e-m+fp/hard/crt0.o (exit)
/mnt/c/qorc-sdk/arm_toolchain_install/gcc-arm-none-eabi-9-2020-q2-update/bin/../lib/gcc/arm-none-eabi/9.3.1/../../../../arm-none-eabi/lib/thumb/v7e-m+fp/hard/libg_nano.a(lib_a-impure.o)
                              /mnt/c/qorc-sdk/arm_toolchain_install/gcc-arm-none-eabi-9-2020-q2-update/bin/../lib/gcc/arm-none-eabi/9.3.1/../../../../arm-none-eabi/lib/thumb/v7e-m+fp/hard/libg_nano.a(lib_a-exit.o) (_global_impure_ptr)
/mnt/c/qorc-sdk/arm_toolchain_install/gcc-arm-none-eabi-9-2020-q2-update/bin/../lib/gcc/arm-none-eabi/9.3.1/../../../../arm-none-eabi/lib/thumb/v7e-m+fp/hard/libg_nano.a(lib_a-init.o)
                              /mnt/c/qorc-sdk/arm_toolchain_install/gcc-arm-none-eabi-9-2020-q2-update/bin/../lib/gcc/arm-none-eabi/9.3.1/../../../../arm-none-eabi/lib/thumb/v7e-m+fp/hard/crt0.o (__libc_init_array)
/mnt/c/qorc-sdk/arm_toolchain_install/gcc-arm-none-eabi-9-2020-q2-update/bin/../lib/gcc/arm-none-eabi/9.3.1/../../../../arm-none-eabi/lib/thumb/v7e-m+fp/hard/libg_nano.a(lib_a-malloc.o)
                              /mnt/c/qorc-sdk/qf_apps/qf_wbfpga_pio/GCC_Project/output/circularBuffQueue.o (malloc)
/mnt/c/qorc-sdk/arm_toolchain_install/gcc-arm-none-eabi-9-2020-q2-update/bin/../lib/gcc/arm-none-eabi/9.3.1/../../../../arm-none-eabi/lib/thumb/v7e-m+fp/hard/libg_nano.a(lib_a-memcpy-stub.o)
                              /mnt/c/qorc-sdk/qf_apps/qf_wbfpga_pio/GCC_Project/output/cli_args.o (memcpy)
/mnt/c/qorc-sdk/arm_toolchain_install/gcc-arm-none-eabi-9-2020-q2-update/bin/../lib/gcc/arm-none-eabi/9.3.1/../../../../arm-none-eabi/lib/thumb/v7e-m+fp/hard/libg_nano.a(lib_a-memset.o)
                              /mnt/c/qorc-sdk/arm_toolchain_install/gcc-arm-none-eabi-9-2020-q2-update/bin/../lib/gcc/arm-none-eabi/9.3.1/../../../../arm-none-eabi/lib/thumb/v7e-m+fp/hard/crt0.o (memset)
[...]
Memory Configuration

Name             Origin             Length             Attributes
rom              0x0000000000000000 0x0000000000027000 xr
ram              0x0000000020027000 0x000000000003c800 xrw
spiram           0x0000000020063800 0x0000000000000800 rw
HWA              0x0000000020064000 0x0000000000018000 rw
shm              0x000000002007c000 0x0000000000004000
*default*        0x0000000000000000 0xffffffffffffffff

Linker script and memory map

LOAD /mnt/c/qorc-sdk/arm_toolchain_install/gcc-arm-none-eabi-9-2020-q2-update/bin/../lib/gcc/arm-none-eabi/9.3.1/thumb/v7e-m+fp/hard/crti.o
LOAD /mnt/c/qorc-sdk/arm_toolchain_install/gcc-arm-none-eabi-9-2020-q2-update/bin/../lib/gcc/arm-none-eabi/9.3.1/thumb/v7e-m+fp/hard/crtbegin.o
LOAD /mnt/c/qorc-sdk/arm_toolchain_install/gcc-arm-none-eabi-9-2020-q2-update/bin/../lib/gcc/arm-none-eabi/9.3.1/../../../../arm-none-eabi/lib/thumb/v7e-m+fp/hard/crt0.o
LOAD /mnt/c/qorc-sdk/qf_apps/qf_wbfpga_pio/GCC_Project/output/battery_level_monitor.o
LOAD /mnt/c/qorc-sdk/qf_apps/qf_wbfpga_pio/GCC_Project/output/c_lib_retarget.o
LOAD /mnt/c/qorc-sdk/qf_apps/qf_wbfpga_pio/GCC_Project/output/circularBuffQueue.o
LOAD /mnt/c/qorc-sdk/qf_apps/qf_wbfpga_pio/GCC_Project/output/cli_args.o
LOAD /mnt/c/qorc-sdk/qf_apps/qf_wbfpga_pio/GCC_Project/output/cli_hexdump.o
LOAD /mnt/c/qorc-sdk/qf_apps/qf_wbfpga_pio/GCC_Project/output/cli_io.o
LOAD /mnt/c/qorc-sdk/qf_apps/qf_wbfpga_pio/GCC_Project/output/cli_loop.o
LOAD /mnt/c/qorc-sdk/qf_apps/qf_wbfpga_pio/GCC_Project/output/cli_misc.o
LOAD /mnt/c/qorc-sdk/qf_apps/qf_wbfpga_pio/GCC_Project/output/cli_platform.o
LOAD /mnt/c/qorc-sdk/qf_apps/qf_wbfpga_pio/GCC_Project/output/cli_stdcmds.o
LOAD /mnt/c/qorc-sdk/qf_apps/qf_wbfpga_pio/GCC_Project/output/crc16.o
LOAD /mnt/c/qorc-sdk/qf_apps/qf_wbfpga_pio/GCC_Project/output/crc32.o
LOAD /mnt/c/qorc-sdk/qf_apps/qf_wbfpga_pio/GCC_Project/output/croutine.o
LOAD /mnt/c/qorc-sdk/qf_apps/qf_wbfpga_pio/GCC_Project/output/dbg_bufferedprinttask.o
LOAD /mnt/c/qorc-sdk/qf_apps/qf_wbfpga_pio/GCC_Project/output/dbg_queue_monitor.o
LOAD /mnt/c/qorc-sdk/qf_apps/qf_wbfpga_pio/GCC_Project/output/dbg_uart.o
LOAD /mnt/c/qorc-sdk/qf_apps/qf_wbfpga_pio/GCC_Project/output/dbgtrace.o
LOAD /mnt/c/qorc-sdk/qf_apps/qf_wbfpga_pio/GCC_Project/output/eoss3_hal_adc.o
LOAD /mnt/c/qorc-sdk/qf_apps/qf_wbfpga_pio/GCC_Project/output/eoss3_hal_gpio.o
LOAD /mnt/c/qorc-sdk/qf_apps/qf_wbfpga_pio/GCC_Project/output/eoss3_hal_i2c.o
LOAD /mnt/c/qorc-sdk/qf_apps/qf_wbfpga_pio/GCC_Project/output/eoss3_hal_i2s.o
LOAD /mnt/c/qorc-sdk/qf_apps/qf_wbfpga_pio/GCC_Project/output/eoss3_hal_i2s_slave_assp.o
LOAD /mnt/c/qorc-sdk/qf_apps/qf_wbfpga_pio/GCC_Project/output/eoss3_hal_pad_config.o
LOAD /mnt/c/qorc-sdk/qf_apps/qf_wbfpga_pio/GCC_Project/output/eoss3_hal_pkfb.o
LOAD /mnt/c/qorc-sdk/qf_apps/qf_wbfpga_pio/GCC_Project/output/eoss3_hal_rtc.o
LOAD /mnt/c/qorc-sdk/qf_apps/qf_wbfpga_pio/GCC_Project/output/eoss3_hal_sdma.o
LOAD /mnt/c/qorc-sdk/qf_apps/qf_wbfpga_pio/GCC_Project/output/eoss3_hal_spi.o
LOAD /mnt/c/qorc-sdk/qf_apps/qf_wbfpga_pio/GCC_Project/output/eoss3_hal_timer.o
LOAD /mnt/c/qorc-sdk/qf_apps/qf_wbfpga_pio/GCC_Project/output/eoss3_hal_uart.o
LOAD /mnt/c/qorc-sdk/qf_apps/qf_wbfpga_pio/GCC_Project/output/eoss3_hal_wb.o
LOAD /mnt/c/qorc-sdk/qf_apps/qf_wbfpga_pio/GCC_Project/output/eoss3_hal_wdt.o
LOAD /mnt/c/qorc-sdk/qf_apps/qf_wbfpga_pio/GCC_Project/output/event_groups.o
LOAD /mnt/c/qorc-sdk/qf_apps/qf_wbfpga_pio/GCC_Project/output/exceptions.o
LOAD /mnt/c/qorc-sdk/qf_apps/qf_wbfpga_pio/GCC_Project/output/fpga_ledctlr.o
LOAD /mnt/c/qorc-sdk/qf_apps/qf_wbfpga_pio/GCC_Project/output/fpga_loader.o
LOAD /mnt/c/qorc-sdk/qf_apps/qf_wbfpga_pio/GCC_Project/output/freertos_static_memory.o
LOAD /mnt/c/qorc-sdk/qf_apps/qf_wbfpga_pio/GCC_Project/output/heap_4.o
LOAD /mnt/c/qorc-sdk/qf_apps/qf_wbfpga_pio/GCC_Project/output/hearable_pwrcfg.o
LOAD /mnt/c/qorc-sdk/qf_apps/qf_wbfpga_pio/GCC_Project/output/leds.o
LOAD /mnt/c/qorc-sdk/qf_apps/qf_wbfpga_pio/GCC_Project/output/list.o
LOAD /mnt/c/qorc-sdk/qf_apps/qf_wbfpga_pio/GCC_Project/output/main.o
LOAD /mnt/c/qorc-sdk/qf_apps/qf_wbfpga_pio/GCC_Project/output/main_dbg_cli_menu.o
LOAD /mnt/c/qorc-sdk/qf_apps/qf_wbfpga_pio/GCC_Project/output/pincfg_table.o
LOAD /mnt/c/qorc-sdk/qf_apps/qf_wbfpga_pio/GCC_Project/output/port.o
LOAD /mnt/c/qorc-sdk/qf_apps/qf_wbfpga_pio/GCC_Project/output/qf_baremetalsetup.o
LOAD /mnt/c/qorc-sdk/qf_apps/qf_wbfpga_pio/GCC_Project/output/qf_hardwaresetup.o
LOAD /mnt/c/qorc-sdk/qf_apps/qf_wbfpga_pio/GCC_Project/output/ql_base64.o
LOAD /mnt/c/qorc-sdk/qf_apps/qf_wbfpga_pio/GCC_Project/output/ql_stackwatermark.o
LOAD /mnt/c/qorc-sdk/qf_apps/qf_wbfpga_pio/GCC_Project/output/ql_test_signals.o
LOAD /mnt/c/qorc-sdk/qf_apps/qf_wbfpga_pio/GCC_Project/output/ql_time.o
LOAD /mnt/c/qorc-sdk/qf_apps/qf_wbfpga_pio/GCC_Project/output/queue.o
LOAD /mnt/c/qorc-sdk/qf_apps/qf_wbfpga_pio/GCC_Project/output/s3x_clock.o
LOAD /mnt/c/qorc-sdk/qf_apps/qf_wbfpga_pio/GCC_Project/output/s3x_clock_hal.o
LOAD /mnt/c/qorc-sdk/qf_apps/qf_wbfpga_pio/GCC_Project/output/s3x_cpuload.o
LOAD /mnt/c/qorc-sdk/qf_apps/qf_wbfpga_pio/GCC_Project/output/s3x_dfs.o
LOAD /mnt/c/qorc-sdk/qf_apps/qf_wbfpga_pio/GCC_Project/output/s3x_lpm.o
LOAD /mnt/c/qorc-sdk/qf_apps/qf_wbfpga_pio/GCC_Project/output/s3x_pi.o
LOAD /mnt/c/qorc-sdk/qf_apps/qf_wbfpga_pio/GCC_Project/output/s3x_pwrcfg.o
LOAD /mnt/c/qorc-sdk/qf_apps/qf_wbfpga_pio/GCC_Project/output/s3x_qos.o
LOAD /mnt/c/qorc-sdk/qf_apps/qf_wbfpga_pio/GCC_Project/output/sec_debug.o
LOAD /mnt/c/qorc-sdk/qf_apps/qf_wbfpga_pio/GCC_Project/output/spi_flash.o
LOAD /mnt/c/qorc-sdk/qf_apps/qf_wbfpga_pio/GCC_Project/output/startup_EOSS3B_GCC.o
LOAD /mnt/c/qorc-sdk/qf_apps/qf_wbfpga_pio/GCC_Project/output/stream_buffer.o
LOAD /mnt/c/qorc-sdk/qf_apps/qf_wbfpga_pio/GCC_Project/output/tasks.o
LOAD /mnt/c/qorc-sdk/qf_apps/qf_wbfpga_pio/GCC_Project/output/timers.o
LOAD /mnt/c/qorc-sdk/qf_apps/qf_wbfpga_pio/GCC_Project/output/vectors_CM4F_gcc.o
LOAD /mnt/c/qorc-sdk/qf_apps/qf_wbfpga_pio/GCC_Project/output/watchdog.o
LOAD /mnt/c/qorc-sdk/arm_toolchain_install/gcc-arm-none-eabi-9-2020-q2-update/bin/../lib/gcc/arm-none-eabi/9.3.1/../../../../arm-none-eabi/lib/thumb/v7e-m+fp/hard/libm.a
LOAD /mnt/c/qorc-sdk/qf_apps/qf_wbfpga_pio/GCC_Project/../../../Libraries/CMSIS/lib/GCC/libarm_cortexM4lf_math.a
START GROUP
LOAD /mnt/c/qorc-sdk/arm_toolchain_install/gcc-arm-none-eabi-9-2020-q2-update/bin/../lib/gcc/arm-none-eabi/9.3.1/thumb/v7e-m+fp/hard/libgcc.a
LOAD /mnt/c/qorc-sdk/arm_toolchain_install/gcc-arm-none-eabi-9-2020-q2-update/bin/../lib/gcc/arm-none-eabi/9.3.1/../../../../arm-none-eabi/lib/thumb/v7e-m+fp/hard/libg_nano.a
LOAD /mnt/c/qorc-sdk/arm_toolchain_install/gcc-arm-none-eabi-9-2020-q2-update/bin/../lib/gcc/arm-none-eabi/9.3.1/../../../../arm-none-eabi/lib/thumb/v7e-m+fp/hard/libc_nano.a
END GROUP
START GROUP
LOAD /mnt/c/qorc-sdk/arm_toolchain_install/gcc-arm-none-eabi-9-2020-q2-update/bin/../lib/gcc/arm-none-eabi/9.3.1/thumb/v7e-m+fp/hard/libgcc.a
LOAD /mnt/c/qorc-sdk/arm_toolchain_install/gcc-arm-none-eabi-9-2020-q2-update/bin/../lib/gcc/arm-none-eabi/9.3.1/../../../../arm-none-eabi/lib/thumb/v7e-m+fp/hard/libc_nano.a
LOAD /mnt/c/qorc-sdk/arm_toolchain_install/gcc-arm-none-eabi-9-2020-q2-update/bin/../lib/gcc/arm-none-eabi/9.3.1/../../../../arm-none-eabi/lib/thumb/v7e-m+fp/hard/libnosys.a
END GROUP
START GROUP
LOAD /mnt/c/qorc-sdk/arm_toolchain_install/gcc-arm-none-eabi-9-2020-q2-update/bin/../lib/gcc/arm-none-eabi/9.3.1/thumb/v7e-m+fp/hard/libgcc.a
LOAD /mnt/c/qorc-sdk/arm_toolchain_install/gcc-arm-none-eabi-9-2020-q2-update/bin/../lib/gcc/arm-none-eabi/9.3.1/../../../../arm-none-eabi/lib/thumb/v7e-m+fp/hard/libc_nano.a
LOAD /mnt/c/qorc-sdk/arm_toolchain_install/gcc-arm-none-eabi-9-2020-q2-update/bin/../lib/gcc/arm-none-eabi/9.3.1/../../../../arm-none-eabi/lib/thumb/v7e-m+fp/hard/libnosys.a
END GROUP
LOAD /mnt/c/qorc-sdk/arm_toolchain_install/gcc-arm-none-eabi-9-2020-q2-update/bin/../lib/gcc/arm-none-eabi/9.3.1/thumb/v7e-m+fp/hard/crtend.o
LOAD /mnt/c/qorc-sdk/arm_toolchain_install/gcc-arm-none-eabi-9-2020-q2-update/bin/../lib/gcc/arm-none-eabi/9.3.1/thumb/v7e-m+fp/hard/crtn.o

.text           0x0000000000000000     0x7617
 *(.isr_vector)
 .isr_vector    0x0000000000000000      0x124 /mnt/c/qorc-sdk/qf_apps/qf_wbfpga_pio/GCC_Project/output/vectors_CM4F_gcc.o
                0x0000000000000000                __Vectors
 *(.text*)
 .text          0x0000000000000124       0x40 /mnt/c/qorc-sdk/arm_toolchain_install/gcc-arm-none-eabi-9-2020-q2-update/bin/../lib/gcc/arm-none-eabi/9.3.1/thumb/v7e-m+fp/hard/crtbegin.o
 .text          0x0000000000000164       0x7c /mnt/c/qorc-sdk/arm_toolchain_install/gcc-arm-none-eabi-9-2020-q2-update/bin/../lib/gcc/arm-none-eabi/9.3.1/../../../../arm-none-eabi/lib/thumb/v7e-m+fp/hard/crt0.o
                0x0000000000000164                _stack_init
                0x000000000000016c                _mainCRTStartup
                0x000000000000016c                _start
 .text._write   0x00000000000001e0        0xe /mnt/c/qorc-sdk/qf_apps/qf_wbfpga_pio/GCC_Project/output/c_lib_retarget.o
                0x00000000000001e0                _write
 .text._close   0x00000000000001ee        0x6 /mnt/c/qorc-sdk/qf_apps/qf_wbfpga_pio/GCC_Project/output/c_lib_retarget.o
                0x00000000000001ee                _close
 .text._lseek   0x00000000000001f4        0x4 /mnt/c/qorc-sdk/qf_apps/qf_wbfpga_pio/GCC_Project/output/c_lib_retarget.o
                0x00000000000001f4                _lseek
 .text._read    0x00000000000001f8        0x4 /mnt/c/qorc-sdk/qf_apps/qf_wbfpga_pio/GCC_Project/output/c_lib_retarget.o
                0x00000000000001f8                _read
 .text.append_key
                0x00000000000001fc       0x30 /mnt/c/qorc-sdk/qf_apps/qf_wbfpga_pio/GCC_Project/output/cli_io.o
 .text.get_key_ignore_null
                0x000000000000022c       0x18 /mnt/c/qorc-sdk/qf_apps/qf_wbfpga_pio/GCC_Project/output/cli_io.o
 .text.CLI_getkey_peek
                0x0000000000000244      0x110 /mnt/c/qorc-sdk/qf_apps/qf_wbfpga_pio/GCC_Project/output/cli_io.o
                0x0000000000000244                CLI_getkey_peek
 .text.CLI_getkey
                0x0000000000000354       0x30 /mnt/c/qorc-sdk/qf_apps/qf_wbfpga_pio/GCC_Project/output/cli_io.o
                0x0000000000000354                CLI_getkey
 .text.CLI_timeout_expired
                0x0000000000000384       0x22 /mnt/c/qorc-sdk/qf_apps/qf_wbfpga_pio/GCC_Project/output/cli_platform.o
                0x0000000000000384                CLI_timeout_expired
 .text.CLI_getkey_raw
                0x00000000000003a6       0x3c /mnt/c/qorc-sdk/qf_apps/qf_wbfpga_pio/GCC_Project/output/cli_platform.o
                0x00000000000003a6                CLI_getkey_raw
 *fill*         0x00000000000003e2        0x2 
 .text.__debug_lockup
                0x00000000000003e4       0x14 /mnt/c/qorc-sdk/qf_apps/qf_wbfpga_pio/GCC_Project/output/dbg_uart.o
 .text._semihost_write
                0x00000000000003f8       0x54 /mnt/c/qorc-sdk/qf_apps/qf_wbfpga_pio/GCC_Project/output/dbg_uart.o
                0x00000000000003f8                _semihost_write
 .text.dbg_ch_raw
                0x000000000000044c       0x74 /mnt/c/qorc-sdk/qf_apps/qf_wbfpga_pio/GCC_Project/output/dbg_uart.o
                0x000000000000044c                dbg_ch_raw
 .text.dbg_nl   0x00000000000004c0       0x12 /mnt/c/qorc-sdk/qf_apps/qf_wbfpga_pio/GCC_Project/output/dbg_uart.o
                0x00000000000004c0                dbg_nl
 .text.dbg_ch   0x00000000000004d2        0xc /mnt/c/qorc-sdk/qf_apps/qf_wbfpga_pio/GCC_Project/output/dbg_uart.o
                0x00000000000004d2                dbg_ch
 .text.dbg_hex4
                0x00000000000004de       0x14 /mnt/c/qorc-sdk/qf_apps/qf_wbfpga_pio/GCC_Project/output/dbg_uart.o
 .text.dbg_hex8
                0x00000000000004f2       0x14 /mnt/c/qorc-sdk/qf_apps/qf_wbfpga_pio/GCC_Project/output/dbg_uart.o
                0x00000000000004f2                dbg_hex8
 .text.dbg_hex16
                0x0000000000000506       0x14 /mnt/c/qorc-sdk/qf_apps/qf_wbfpga_pio/GCC_Project/output/dbg_uart.o
                0x0000000000000506                dbg_hex16
 .text.dbg_hex32
                0x000000000000051a       0x14 /mnt/c/qorc-sdk/qf_apps/qf_wbfpga_pio/GCC_Project/output/dbg_uart.o
                0x000000000000051a                dbg_hex32
 .text._dbg_int
                0x000000000000052e       0x20 /mnt/c/qorc-sdk/qf_apps/qf_wbfpga_pio/GCC_Project/output/dbg_uart.o
 .text.dbg_memdumpx
                0x000000000000054e       0xea /mnt/c/qorc-sdk/qf_apps/qf_wbfpga_pio/GCC_Project/output/dbg_uart.o
 .text.dbg_str  0x0000000000000638       0x84 /mnt/c/qorc-sdk/qf_apps/qf_wbfpga_pio/GCC_Project/output/dbg_uart.o
                0x0000000000000638                dbg_str
 .text._dbg_str_xxx
                0x00000000000006bc       0x16 /mnt/c/qorc-sdk/qf_apps/qf_wbfpga_pio/GCC_Project/output/dbg_uart.o
 .text.dbg_str_hexXX
                0x00000000000006d2       0x22 /mnt/c/qorc-sdk/qf_apps/qf_wbfpga_pio/GCC_Project/output/dbg_uart.o
 .text.dbg_int  0x00000000000006f4       0x24 /mnt/c/qorc-sdk/qf_apps/qf_wbfpga_pio/GCC_Project/output/dbg_uart.o
                0x00000000000006f4                dbg_int
 .text.dbg_str_str
                0x0000000000000718       0x16 /mnt/c/qorc-sdk/qf_apps/qf_wbfpga_pio/GCC_Project/output/dbg_uart.o
                0x0000000000000718                dbg_str_str
 .text.dbg_str_int
                0x000000000000072e       0x16 /mnt/c/qorc-sdk/qf_apps/qf_wbfpga_pio/GCC_Project/output/dbg_uart.o
                0x000000000000072e                dbg_str_int
 .text.dbg_str_int_noln
                0x0000000000000744       0x12 /mnt/c/qorc-sdk/qf_apps/qf_wbfpga_pio/GCC_Project/output/dbg_uart.o
                0x0000000000000744                dbg_str_int_noln
 *fill*         0x0000000000000756        0x2 
 .text.dbg_str_hex32
                0x0000000000000758        0xc /mnt/c/qorc-sdk/qf_apps/qf_wbfpga_pio/GCC_Project/output/dbg_uart.o
                0x0000000000000758                dbg_str_hex32
 .text.dbg_fatal_error
                0x0000000000000764       0x12 /mnt/c/qorc-sdk/qf_apps/qf_wbfpga_pio/GCC_Project/output/dbg_uart.o
                0x0000000000000764                dbg_fatal_error
 .text.dbg_fatal_error_int
                0x0000000000000776        0xe /mnt/c/qorc-sdk/qf_apps/qf_wbfpga_pio/GCC_Project/output/dbg_uart.o
                0x0000000000000776                dbg_fatal_error_int
 .text.dbg_memdump32
                0x0000000000000784       0x1e /mnt/c/qorc-sdk/qf_apps/qf_wbfpga_pio/GCC_Project/output/dbg_uart.o
                0x0000000000000784                dbg_memdump32
 *fill*         0x00000000000007a2        0x2 
 .text.HAL_PAD_Config
                0x00000000000007a4      0x190 /mnt/c/qorc-sdk/qf_apps/qf_wbfpga_pio/GCC_Project/output/eoss3_hal_pad_config.o
                0x00000000000007a4                HAL_PAD_Config
 .text.configure_s3_pads
                0x0000000000000934       0x1a /mnt/c/qorc-sdk/qf_apps/qf_wbfpga_pio/GCC_Project/output/eoss3_hal_pad_config.o
                0x0000000000000934                configure_s3_pads
 *fill*         0x000000000000094e        0x2 
 .text.eoss3_rtc_enable_irq
                0x0000000000000950       0x28 /mnt/c/qorc-sdk/qf_apps/qf_wbfpga_pio/GCC_Project/output/eoss3_hal_rtc.o
 .text.write_rtc_reg
                0x0000000000000978       0x18 /mnt/c/qorc-sdk/qf_apps/qf_wbfpga_pio/GCC_Project/output/eoss3_hal_rtc.o
 .text.__rtc_setup_alarm.isra.0
                0x0000000000000990       0x44 /mnt/c/qorc-sdk/qf_apps/qf_wbfpga_pio/GCC_Project/output/eoss3_hal_rtc.o
 .text.HAL_RTC_ISR
                0x00000000000009d4       0x24 /mnt/c/qorc-sdk/qf_apps/qf_wbfpga_pio/GCC_Project/output/eoss3_hal_rtc.o
                0x00000000000009d4                HAL_RTC_ISR
 .text.unlock_spi1_bus
                0x00000000000009f8       0x58 /mnt/c/qorc-sdk/qf_apps/qf_wbfpga_pio/GCC_Project/output/eoss3_hal_spi.o
                0x00000000000009f8                unlock_spi1_bus
 .text.SPI_DMA_Complete
                0x0000000000000a50       0x88 /mnt/c/qorc-sdk/qf_apps/qf_wbfpga_pio/GCC_Project/output/eoss3_hal_spi.o
                0x0000000000000a50                SPI_DMA_Complete
 .text.HAL_SPI_IRQHandler
                0x0000000000000ad8       0x6c /mnt/c/qorc-sdk/qf_apps/qf_wbfpga_pio/GCC_Project/output/eoss3_hal_spi.o
                0x0000000000000ad8                HAL_SPI_IRQHandler
 .text.HAL_Timer_ISR
                0x0000000000000b44       0x88 /mnt/c/qorc-sdk/qf_apps/qf_wbfpga_pio/GCC_Project/output/eoss3_hal_timer.o
                0x0000000000000b44                HAL_Timer_ISR
 .text.uart_baud_rate
                0x0000000000000bcc       0x60 /mnt/c/qorc-sdk/qf_apps/qf_wbfpga_pio/GCC_Project/output/eoss3_hal_uart.o
 .text.is_hw_uart_enabled
                0x0000000000000c2c       0x20 /mnt/c/qorc-sdk/qf_apps/qf_wbfpga_pio/GCC_Project/output/eoss3_hal_uart.o
 .text.uart_disable
                0x0000000000000c4c       0x1c /mnt/c/qorc-sdk/qf_apps/qf_wbfpga_pio/GCC_Project/output/eoss3_hal_uart.o
 .text.uart_lpm_callback
                0x0000000000000c68       0x70 /mnt/c/qorc-sdk/qf_apps/qf_wbfpga_pio/GCC_Project/output/eoss3_hal_uart.o
 .text.uart_init
                0x0000000000000cd8      0x168 /mnt/c/qorc-sdk/qf_apps/qf_wbfpga_pio/GCC_Project/output/eoss3_hal_uart.o
                0x0000000000000cd8                uart_init
 .text.uart_isr_handler
                0x0000000000000e40       0x84 /mnt/c/qorc-sdk/qf_apps/qf_wbfpga_pio/GCC_Project/output/eoss3_hal_uart.o
                0x0000000000000e40                uart_isr_handler
 .text.uart_tx_raw
                0x0000000000000ec4       0x38 /mnt/c/qorc-sdk/qf_apps/qf_wbfpga_pio/GCC_Project/output/eoss3_hal_uart.o
                0x0000000000000ec4                uart_tx_raw
 .text.uart_tx  0x0000000000000efc       0x1c /mnt/c/qorc-sdk/qf_apps/qf_wbfpga_pio/GCC_Project/output/eoss3_hal_uart.o
                0x0000000000000efc                uart_tx
 .text.uart_tx_buf
                0x0000000000000f18       0x1a /mnt/c/qorc-sdk/qf_apps/qf_wbfpga_pio/GCC_Project/output/eoss3_hal_uart.o
                0x0000000000000f18                uart_tx_buf
 *fill*         0x0000000000000f32        0x2 
 .text.uart_rx_wait
                0x0000000000000f34       0x34 /mnt/c/qorc-sdk/qf_apps/qf_wbfpga_pio/GCC_Project/output/eoss3_hal_uart.o
                0x0000000000000f34                uart_rx_wait
 .text.uart_rx_available
                0x0000000000000f68       0x34 /mnt/c/qorc-sdk/qf_apps/qf_wbfpga_pio/GCC_Project/output/eoss3_hal_uart.o
                0x0000000000000f68                uart_rx_available
 .text.uart_rx  0x0000000000000f9c       0x60 /mnt/c/qorc-sdk/qf_apps/qf_wbfpga_pio/GCC_Project/output/eoss3_hal_uart.o
                0x0000000000000f9c                uart_rx
 .text.WDT_ISR  0x0000000000000ffc       0x8c /mnt/c/qorc-sdk/qf_apps/qf_wbfpga_pio/GCC_Project/output/eoss3_hal_wdt.o
                0x0000000000000ffc                WDT_ISR
 .text.spurious_interrupt
                0x0000000000001088        0xc /mnt/c/qorc-sdk/qf_apps/qf_wbfpga_pio/GCC_Project/output/exceptions.o
 .text.prvGetRegistersFromStack
                0x0000000000001094       0xf0 /mnt/c/qorc-sdk/qf_apps/qf_wbfpga_pio/GCC_Project/output/exceptions.o
                0x0000000000001094                prvGetRegistersFromStack
 .text.HardFault_Handler
                0x0000000000001184       0x16 /mnt/c/qorc-sdk/qf_apps/qf_wbfpga_pio/GCC_Project/output/exceptions.o
                0x0000000000001184                HardFault_Handler
 .text.NMI_Handler
                0x000000000000119a        0x6 /mnt/c/qorc-sdk/qf_apps/qf_wbfpga_pio/GCC_Project/output/exceptions.o
                0x000000000000119a                NMI_Handler
 .text.MemManage_Handler
                0x00000000000011a0        0x6 /mnt/c/qorc-sdk/qf_apps/qf_wbfpga_pio/GCC_Project/output/exceptions.o
                0x00000000000011a0                MemManage_Handler
 .text.BusFault_Handler
                0x00000000000011a6        0x6 /mnt/c/qorc-sdk/qf_apps/qf_wbfpga_pio/GCC_Project/output/exceptions.o
                0x00000000000011a6                BusFault_Handler
 .text.UsageFault_Handler
                0x00000000000011ac        0x6 /mnt/c/qorc-sdk/qf_apps/qf_wbfpga_pio/GCC_Project/output/exceptions.o
                0x00000000000011ac                UsageFault_Handler
 .text.DebugMon_Handler
                0x00000000000011b2        0x6 /mnt/c/qorc-sdk/qf_apps/qf_wbfpga_pio/GCC_Project/output/exceptions.o
                0x00000000000011b2                DebugMon_Handler
 .text.Uart_Handler
                0x00000000000011b8       0x50 /mnt/c/qorc-sdk/qf_apps/qf_wbfpga_pio/GCC_Project/output/exceptions.o
                0x00000000000011b8                Uart_Handler
 .text.Timer_Handler
                0x0000000000001208       0x24 /mnt/c/qorc-sdk/qf_apps/qf_wbfpga_pio/GCC_Project/output/exceptions.o
                0x0000000000001208                Timer_Handler
 .text.CpuWdtInt_Handler
                0x000000000000122c       0x24 /mnt/c/qorc-sdk/qf_apps/qf_wbfpga_pio/GCC_Project/output/exceptions.o
                0x000000000000122c                CpuWdtInt_Handler
 .text.CpuWdtRst_Handler
                0x0000000000001250        0x6 /mnt/c/qorc-sdk/qf_apps/qf_wbfpga_pio/GCC_Project/output/exceptions.o
                0x0000000000001250                CpuWdtRst_Handler
 .text.BusTimeout_Handler
                0x0000000000001256        0x6 /mnt/c/qorc-sdk/qf_apps/qf_wbfpga_pio/GCC_Project/output/exceptions.o
                0x0000000000001256                BusTimeout_Handler
 .text.Fpu_Handler
                0x000000000000125c        0x6 /mnt/c/qorc-sdk/qf_apps/qf_wbfpga_pio/GCC_Project/output/exceptions.o
                0x000000000000125c                Fpu_Handler
 *fill*         0x0000000000001262        0x2 
 .text.Pkfb_Handler
                0x0000000000001264       0x10 /mnt/c/qorc-sdk/qf_apps/qf_wbfpga_pio/GCC_Project/output/exceptions.o
                0x0000000000001264                Pkfb_Handler
 .text.I2s_Handler
                0x0000000000001274        0x6 /mnt/c/qorc-sdk/qf_apps/qf_wbfpga_pio/GCC_Project/output/exceptions.o
                0x0000000000001274                I2s_Handler
 .text.Audio_Handler
                0x000000000000127a        0x6 /mnt/c/qorc-sdk/qf_apps/qf_wbfpga_pio/GCC_Project/output/exceptions.o
                0x000000000000127a                Audio_Handler
 .text.SpiMs_Handler
                0x0000000000001280       0x5c /mnt/c/qorc-sdk/qf_apps/qf_wbfpga_pio/GCC_Project/output/exceptions.o
                0x0000000000001280                SpiMs_Handler
 .text.CfgDma_Handler
                0x00000000000012dc       0x28 /mnt/c/qorc-sdk/qf_apps/qf_wbfpga_pio/GCC_Project/output/exceptions.o
                0x00000000000012dc                CfgDma_Handler
 .text.PmuTimer_Handler
                0x0000000000001304        0x2 /mnt/c/qorc-sdk/qf_apps/qf_wbfpga_pio/GCC_Project/output/exceptions.o
                0x0000000000001304                PmuTimer_Handler
 .text.AdcDone_Handler
                0x0000000000001306        0x8 /mnt/c/qorc-sdk/qf_apps/qf_wbfpga_pio/GCC_Project/output/exceptions.o
                0x0000000000001306                AdcDone_Handler
 *fill*         0x000000000000130e        0x2 
 .text.RtcAlarm_Handler
                0x0000000000001310       0x1c /mnt/c/qorc-sdk/qf_apps/qf_wbfpga_pio/GCC_Project/output/exceptions.o
                0x0000000000001310                RtcAlarm_Handler
 .text.ResetInt_Handler
                0x000000000000132c        0x8 /mnt/c/qorc-sdk/qf_apps/qf_wbfpga_pio/GCC_Project/output/exceptions.o
                0x000000000000132c                ResetInt_Handler
 .text.Ffe0_Handler
                0x0000000000001334       0x18 /mnt/c/qorc-sdk/qf_apps/qf_wbfpga_pio/GCC_Project/output/exceptions.o
                0x0000000000001334                Ffe0_Handler
 .text.FbMsg_Handler
                0x000000000000134c       0x6c /mnt/c/qorc-sdk/qf_apps/qf_wbfpga_pio/GCC_Project/output/exceptions.o
                0x000000000000134c                FbMsg_Handler
 .text.SensorGpio_Handler
                0x00000000000013b8        0x8 /mnt/c/qorc-sdk/qf_apps/qf_wbfpga_pio/GCC_Project/output/exceptions.o
                0x00000000000013b8                SensorGpio_Handler
 .text.M4SramSleep_Handler
                0x00000000000013c0        0x8 /mnt/c/qorc-sdk/qf_apps/qf_wbfpga_pio/GCC_Project/output/exceptions.o
                0x00000000000013c0                M4SramSleep_Handler
 .text.LDO30_PG_Handler
                0x00000000000013c8        0x8 /mnt/c/qorc-sdk/qf_apps/qf_wbfpga_pio/GCC_Project/output/exceptions.o
                0x00000000000013c8                LDO30_PG_Handler
 .text.LDO50_PG_Handler
                0x00000000000013d0        0x8 /mnt/c/qorc-sdk/qf_apps/qf_wbfpga_pio/GCC_Project/output/exceptions.o
                0x00000000000013d0                LDO50_PG_Handler
 .text.DMIC_Voice_Det_Handler
                0x00000000000013d8        0x8 /mnt/c/qorc-sdk/qf_apps/qf_wbfpga_pio/GCC_Project/output/exceptions.o
                0x00000000000013d8                DMIC_Voice_Det_Handler
 .text.ApPDMClkOn_Handler
                0x00000000000013e0        0x8 /mnt/c/qorc-sdk/qf_apps/qf_wbfpga_pio/GCC_Project/output/exceptions.o
                0x00000000000013e0                ApPDMClkOn_Handler
 .text.ApPDMClkOff_Handler
                0x00000000000013e8        0x8 /mnt/c/qorc-sdk/qf_apps/qf_wbfpga_pio/GCC_Project/output/exceptions.o
                0x00000000000013e8                ApPDMClkOff_Handler
 .text.Dmac0BlkDone_Handler
                0x00000000000013f0        0x8 /mnt/c/qorc-sdk/qf_apps/qf_wbfpga_pio/GCC_Project/output/exceptions.o
                0x00000000000013f0                Dmac0BlkDone_Handler
 .text.Dmac0BufDone_Handler
                0x00000000000013f8        0x8 /mnt/c/qorc-sdk/qf_apps/qf_wbfpga_pio/GCC_Project/output/exceptions.o
                0x00000000000013f8                Dmac0BufDone_Handler
 .text.Dmac1BlkDone_Handler
                0x0000000000001400        0x8 /mnt/c/qorc-sdk/qf_apps/qf_wbfpga_pio/GCC_Project/output/exceptions.o
                0x0000000000001400                Dmac1BlkDone_Handler
 .text.Dmac1BufDone_Handler
                0x0000000000001408        0x8 /mnt/c/qorc-sdk/qf_apps/qf_wbfpga_pio/GCC_Project/output/exceptions.o
                0x0000000000001408                Dmac1BufDone_Handler
 .text.Sdma0Done_Handler
                0x0000000000001410        0x8 /mnt/c/qorc-sdk/qf_apps/qf_wbfpga_pio/GCC_Project/output/exceptions.o
                0x0000000000001410                Sdma0Done_Handler
 .text.Sdma1Done_Handler
                0x0000000000001418        0x8 /mnt/c/qorc-sdk/qf_apps/qf_wbfpga_pio/GCC_Project/output/exceptions.o
                0x0000000000001418                Sdma1Done_Handler
 .text.Sdma2Done_Handler
                0x0000000000001420        0x8 /mnt/c/qorc-sdk/qf_apps/qf_wbfpga_pio/GCC_Project/output/exceptions.o
                0x0000000000001420                Sdma2Done_Handler
 .text.Sdma3Done_Handler
                0x0000000000001428        0x8 /mnt/c/qorc-sdk/qf_apps/qf_wbfpga_pio/GCC_Project/output/exceptions.o
                0x0000000000001428                Sdma3Done_Handler
 .text.Sdma4Done_Handler
                0x0000000000001430        0x8 /mnt/c/qorc-sdk/qf_apps/qf_wbfpga_pio/GCC_Project/output/exceptions.o
                0x0000000000001430                Sdma4Done_Handler
 .text.Sdma5Done_Handler
                0x0000000000001438        0x8 /mnt/c/qorc-sdk/qf_apps/qf_wbfpga_pio/GCC_Project/output/exceptions.o
                0x0000000000001438                Sdma5Done_Handler
 .text.Sdma6Done_Handler
                0x0000000000001440        0x8 /mnt/c/qorc-sdk/qf_apps/qf_wbfpga_pio/GCC_Project/output/exceptions.o
                0x0000000000001440                Sdma6Done_Handler
 .text.Sdma7Done_Handler
                0x0000000000001448        0x8 /mnt/c/qorc-sdk/qf_apps/qf_wbfpga_pio/GCC_Project/output/exceptions.o
                0x0000000000001448                Sdma7Done_Handler
 .text.Sdma8Done_Handler
                0x0000000000001450        0x8 /mnt/c/qorc-sdk/qf_apps/qf_wbfpga_pio/GCC_Project/output/exceptions.o
                0x0000000000001450                Sdma8Done_Handler
 .text.Sdma9Done_Handler
                0x0000000000001458        0x8 /mnt/c/qorc-sdk/qf_apps/qf_wbfpga_pio/GCC_Project/output/exceptions.o
                0x0000000000001458                Sdma9Done_Handler
 .text.Sdma10Done_Handler
                0x0000000000001460        0x8 /mnt/c/qorc-sdk/qf_apps/qf_wbfpga_pio/GCC_Project/output/exceptions.o
                0x0000000000001460                Sdma10Done_Handler
 .text.Sdma11Done_Handler
                0x0000000000001468        0x8 /mnt/c/qorc-sdk/qf_apps/qf_wbfpga_pio/GCC_Project/output/exceptions.o
                0x0000000000001468                Sdma11Done_Handler
 .text.SdmaErr_Handler
                0x0000000000001470        0x8 /mnt/c/qorc-sdk/qf_apps/qf_wbfpga_pio/GCC_Project/output/exceptions.o
                0x0000000000001470                SdmaErr_Handler
 .text.I2S_SlvM4TxOr_Handler
                0x0000000000001478        0x8 /mnt/c/qorc-sdk/qf_apps/qf_wbfpga_pio/GCC_Project/output/exceptions.o
                0x0000000000001478                I2S_SlvM4TxOr_Handler
 .text.SRAM_128KB_Handler
                0x0000000000001480        0x8 /mnt/c/qorc-sdk/qf_apps/qf_wbfpga_pio/GCC_Project/output/exceptions.o
                0x0000000000001480                SRAM_128KB_Handler
 .text.LPSD_Voice_Det_Handler
                0x0000000000001488        0x8 /mnt/c/qorc-sdk/qf_apps/qf_wbfpga_pio/GCC_Project/output/exceptions.o
                0x0000000000001488                LPSD_Voice_Det_Handler
 .text.FfeWdt_Handler
                0x0000000000001490        0x8 /mnt/c/qorc-sdk/qf_apps/qf_wbfpga_pio/GCC_Project/output/exceptions.o
                0x0000000000001490                FfeWdt_Handler
 .text.ApBoot_Handler
                0x0000000000001498        0x8 /mnt/c/qorc-sdk/qf_apps/qf_wbfpga_pio/GCC_Project/output/exceptions.o
                0x0000000000001498                ApBoot_Handler
 .text.SwInt2_Handler
                0x00000000000014a0        0x8 /mnt/c/qorc-sdk/qf_apps/qf_wbfpga_pio/GCC_Project/output/exceptions.o
                0x00000000000014a0                SwInt2_Handler
 .text.SwInt1_Handler
                0x00000000000014a8       0x24 /mnt/c/qorc-sdk/qf_apps/qf_wbfpga_pio/GCC_Project/output/exceptions.o
                0x00000000000014a8                SwInt1_Handler
 .text.Ffe0Msg_Handler
                0x00000000000014cc        0x8 /mnt/c/qorc-sdk/qf_apps/qf_wbfpga_pio/GCC_Project/output/exceptions.o
                0x00000000000014cc                Ffe0Msg_Handler
 .text.lpsdVoiceOffHandler
                0x00000000000014d4        0x8 /mnt/c/qorc-sdk/qf_apps/qf_wbfpga_pio/GCC_Project/output/exceptions.o
                0x00000000000014d4                lpsdVoiceOffHandler
 .text.dmicVoiceOffHandler
                0x00000000000014dc        0x8 /mnt/c/qorc-sdk/qf_apps/qf_wbfpga_pio/GCC_Project/output/exceptions.o
                0x00000000000014dc                dmicVoiceOffHandler
 .text.vApplicationMallocFailedHook
                0x00000000000014e4       0x24 /mnt/c/qorc-sdk/qf_apps/qf_wbfpga_pio/GCC_Project/output/exceptions.o
                0x00000000000014e4                vApplicationMallocFailedHook
 .text.vApplicationStackOverflowHook
                0x0000000000001508       0x24 /mnt/c/qorc-sdk/qf_apps/qf_wbfpga_pio/GCC_Project/output/exceptions.o
                0x0000000000001508                vApplicationStackOverflowHook
 .text.vApplicationTickHook
                0x000000000000152c        0x2 /mnt/c/qorc-sdk/qf_apps/qf_wbfpga_pio/GCC_Project/output/exceptions.o
                0x000000000000152c                vApplicationTickHook
 .text.vApplicationIdleHook
                0x000000000000152e        0x2 /mnt/c/qorc-sdk/qf_apps/qf_wbfpga_pio/GCC_Project/output/exceptions.o
                0x000000000000152e                vApplicationIdleHook
 .text.fpga_ledctlr_init
                0x0000000000001530       0x5c /mnt/c/qorc-sdk/qf_apps/qf_wbfpga_pio/GCC_Project/output/fpga_ledctlr.o
                0x0000000000001530                fpga_ledctlr_init
 .text.load_fpga
                0x000000000000158c      0x118 /mnt/c/qorc-sdk/qf_apps/qf_wbfpga_pio/GCC_Project/output/fpga_loader.o
                0x000000000000158c                load_fpga
 .text.prvInsertBlockIntoFreeList
                0x00000000000016a4       0x74 /mnt/c/qorc-sdk/qf_apps/qf_wbfpga_pio/GCC_Project/output/heap_4.o
 .text.pvPortMalloc
                0x0000000000001718      0x198 /mnt/c/qorc-sdk/qf_apps/qf_wbfpga_pio/GCC_Project/output/heap_4.o
                0x0000000000001718                pvPortMalloc
 .text.vPortFree
                0x00000000000018b0       0xa0 /mnt/c/qorc-sdk/qf_apps/qf_wbfpga_pio/GCC_Project/output/heap_4.o
                0x00000000000018b0                vPortFree
 .text.vListInitialise
                0x0000000000001950       0x16 /mnt/c/qorc-sdk/qf_apps/qf_wbfpga_pio/GCC_Project/output/list.o
                0x0000000000001950                vListInitialise
 .text.vListInitialiseItem
                0x0000000000001966        0x6 /mnt/c/qorc-sdk/qf_apps/qf_wbfpga_pio/GCC_Project/output/list.o
                0x0000000000001966                vListInitialiseItem
 .text.vListInsertEnd
                0x000000000000196c       0x18 /mnt/c/qorc-sdk/qf_apps/qf_wbfpga_pio/GCC_Project/output/list.o
                0x000000000000196c                vListInsertEnd
 .text.vListInsert
                0x0000000000001984       0x2e /mnt/c/qorc-sdk/qf_apps/qf_wbfpga_pio/GCC_Project/output/list.o
                0x0000000000001984                vListInsert
 .text.uxListRemove
                0x00000000000019b2       0x20 /mnt/c/qorc-sdk/qf_apps/qf_wbfpga_pio/GCC_Project/output/list.o
                0x00000000000019b2                uxListRemove
 *fill*         0x00000000000019d2        0x2 
 .text.vTask1   0x00000000000019d4       0x2c /mnt/c/qorc-sdk/qf_apps/qf_wbfpga_pio/GCC_Project/output/main.o
                0x00000000000019d4                vTask1
 .text.startup.main
                0x0000000000001a00       0xd0 /mnt/c/qorc-sdk/qf_apps/qf_wbfpga_pio/GCC_Project/output/main.o
                0x0000000000001a00                main
 .text.SystemInit
                0x0000000000001ad0        0x2 /mnt/c/qorc-sdk/qf_apps/qf_wbfpga_pio/GCC_Project/output/main.o
                0x0000000000001ad0                SystemInit
 *fill*         0x0000000000001ad2        0x2 
 .text.prvPortStartFirstTask
                0x0000000000001ad4       0x28 /mnt/c/qorc-sdk/qf_apps/qf_wbfpga_pio/GCC_Project/output/port.o
 .text.vPortEnableVFP
                0x0000000000001afc       0x14 /mnt/c/qorc-sdk/qf_apps/qf_wbfpga_pio/GCC_Project/output/port.o
 .text.prvTaskExitError
                0x0000000000001b10       0x50 /mnt/c/qorc-sdk/qf_apps/qf_wbfpga_pio/GCC_Project/output/port.o
 .text.pxPortInitialiseStack
                0x0000000000001b60       0x2c /mnt/c/qorc-sdk/qf_apps/qf_wbfpga_pio/GCC_Project/output/port.o
                0x0000000000001b60                pxPortInitialiseStack
 *fill*         0x0000000000001b8c        0x4 
 .text.SVC_Handler
                0x0000000000001b90       0x24 /mnt/c/qorc-sdk/qf_apps/qf_wbfpga_pio/GCC_Project/output/port.o
                0x0000000000001b90                SVC_Handler
 .text.vPortEnterCritical
                0x0000000000001bb4       0x58 /mnt/c/qorc-sdk/qf_apps/qf_wbfpga_pio/GCC_Project/output/port.o
                0x0000000000001bb4                vPortEnterCritical
 .text.vPortExitCritical
                0x0000000000001c0c       0x3c /mnt/c/qorc-sdk/qf_apps/qf_wbfpga_pio/GCC_Project/output/port.o
                0x0000000000001c0c                vPortExitCritical
 *fill*         0x0000000000001c48        0x8 
 .text.PendSV_Handler
                0x0000000000001c50       0x64 /mnt/c/qorc-sdk/qf_apps/qf_wbfpga_pio/GCC_Project/output/port.o
                0x0000000000001c50                PendSV_Handler
 .text.xPortSysTickHandler
                0x0000000000001cb4       0x2c /mnt/c/qorc-sdk/qf_apps/qf_wbfpga_pio/GCC_Project/output/port.o
                0x0000000000001cb4                xPortSysTickHandler
 .text.xPortStartScheduler
                0x0000000000001ce0      0x158 /mnt/c/qorc-sdk/qf_apps/qf_wbfpga_pio/GCC_Project/output/port.o
                0x0000000000001ce0                xPortStartScheduler
 .text.vPortValidateInterruptPriority
                0x0000000000001e38       0x7c /mnt/c/qorc-sdk/qf_apps/qf_wbfpga_pio/GCC_Project/output/port.o
                0x0000000000001e38                vPortValidateInterruptPriority
 .text.system_init
                0x0000000000001eb4       0x6c /mnt/c/qorc-sdk/qf_apps/qf_wbfpga_pio/GCC_Project/output/qf_hardwaresetup.o
                0x0000000000001eb4                system_init
 .text.qf_hardwareSetup
                0x0000000000001f20       0x78 /mnt/c/qorc-sdk/qf_apps/qf_wbfpga_pio/GCC_Project/output/qf_hardwaresetup.o
                0x0000000000001f20                qf_hardwareSetup
 .text.prvIsQueueEmpty
                0x0000000000001f98       0x16 /mnt/c/qorc-sdk/qf_apps/qf_wbfpga_pio/GCC_Project/output/queue.o
 .text.prvCopyDataToQueue
                0x0000000000001fae       0x78 /mnt/c/qorc-sdk/qf_apps/qf_wbfpga_pio/GCC_Project/output/queue.o
 .text.prvCopyDataFromQueue
                0x0000000000002026       0x2c /mnt/c/qorc-sdk/qf_apps/qf_wbfpga_pio/GCC_Project/output/queue.o
 .text.prvUnlockQueue
                0x0000000000002052       0x70 /mnt/c/qorc-sdk/qf_apps/qf_wbfpga_pio/GCC_Project/output/queue.o
 *fill*         0x00000000000020c2        0x2 
 .text.xQueueGenericReset
                0x00000000000020c4       0x90 /mnt/c/qorc-sdk/qf_apps/qf_wbfpga_pio/GCC_Project/output/queue.o
                0x00000000000020c4                xQueueGenericReset
 .text.xQueueGenericCreate
                0x0000000000002154       0x74 /mnt/c/qorc-sdk/qf_apps/qf_wbfpga_pio/GCC_Project/output/queue.o
                0x0000000000002154                xQueueGenericCreate
 .text.xQueueGenericSend
                0x00000000000021c8      0x19c /mnt/c/qorc-sdk/qf_apps/qf_wbfpga_pio/GCC_Project/output/queue.o
                0x00000000000021c8                xQueueGenericSend
 .text.xQueueGenericSendFromISR
                0x0000000000002364       0xf0 /mnt/c/qorc-sdk/qf_apps/qf_wbfpga_pio/GCC_Project/output/queue.o
                0x0000000000002364                xQueueGenericSendFromISR
 .text.xQueueGenericSendFromISRDebug
                0x0000000000002454       0x30 /mnt/c/qorc-sdk/qf_apps/qf_wbfpga_pio/GCC_Project/output/queue.o
                0x0000000000002454                xQueueGenericSendFromISRDebug
 .text.xQueueGiveFromISR
                0x0000000000002484       0xdc /mnt/c/qorc-sdk/qf_apps/qf_wbfpga_pio/GCC_Project/output/queue.o
                0x0000000000002484                xQueueGiveFromISR
 .text.xQueueReceive
                0x0000000000002560      0x160 /mnt/c/qorc-sdk/qf_apps/qf_wbfpga_pio/GCC_Project/output/queue.o
                0x0000000000002560                xQueueReceive
 .text.xQueueSemaphoreTake
                0x00000000000026c0      0x1b0 /mnt/c/qorc-sdk/qf_apps/qf_wbfpga_pio/GCC_Project/output/queue.o
                0x00000000000026c0                xQueueSemaphoreTake
 .text.xQueuePeek
                0x0000000000002870      0x160 /mnt/c/qorc-sdk/qf_apps/qf_wbfpga_pio/GCC_Project/output/queue.o
                0x0000000000002870                xQueuePeek
 .text.uxQueueMessagesWaiting
                0x00000000000029d0       0x3c /mnt/c/qorc-sdk/qf_apps/qf_wbfpga_pio/GCC_Project/output/queue.o
                0x00000000000029d0                uxQueueMessagesWaiting
 .text.vQueueAddToRegistry
                0x0000000000002a0c       0x24 /mnt/c/qorc-sdk/qf_apps/qf_wbfpga_pio/GCC_Project/output/queue.o
                0x0000000000002a0c                vQueueAddToRegistry
 .text.vQueueWaitForMessageRestricted
                0x0000000000002a30       0x46 /mnt/c/qorc-sdk/qf_apps/qf_wbfpga_pio/GCC_Project/output/queue.o
                0x0000000000002a30                vQueueWaitForMessageRestricted
 .text.s3x_clkd_write_div
                0x0000000000002a76       0xa8 /mnt/c/qorc-sdk/qf_apps/qf_wbfpga_pio/GCC_Project/output/s3x_clock.o
 .text.s3x_clkd_read_div
                0x0000000000002b1e       0x44 /mnt/c/qorc-sdk/qf_apps/qf_wbfpga_pio/GCC_Project/output/s3x_clock.o
 *fill*         0x0000000000002b62        0x2 
 .text.s3x_clkd_cal_div.part.0
                0x0000000000002b64       0x30 /mnt/c/qorc-sdk/qf_apps/qf_wbfpga_pio/GCC_Project/output/s3x_clock.o
 .text.S3x_Id_To_Domain
                0x0000000000002b94       0x1c /mnt/c/qorc-sdk/qf_apps/qf_wbfpga_pio/GCC_Project/output/s3x_clock.o
                0x0000000000002b94                S3x_Id_To_Domain
 .text.s3x_clkd_get_init_rate
                0x0000000000002bb0       0x28 /mnt/c/qorc-sdk/qf_apps/qf_wbfpga_pio/GCC_Project/output/s3x_clock.o
                0x0000000000002bb0                s3x_clkd_get_init_rate
 .text.s3x_clkd_update_div_val
                0x0000000000002bd8       0x4c /mnt/c/qorc-sdk/qf_apps/qf_wbfpga_pio/GCC_Project/output/s3x_clock.o
                0x0000000000002bd8                s3x_clkd_update_div_val
 .text.s3x_clkd_update_fd_rate
                0x0000000000002c24        0xe /mnt/c/qorc-sdk/qf_apps/qf_wbfpga_pio/GCC_Project/output/s3x_clock.o
                0x0000000000002c24                s3x_clkd_update_fd_rate
 *fill*         0x0000000000002c32        0x2 
 .text.s3x_clkd_update_sd_div
                0x0000000000002c34       0x5c /mnt/c/qorc-sdk/qf_apps/qf_wbfpga_pio/GCC_Project/output/s3x_clock.o
 .text.s3x_clkd_update_all_src_div
                0x0000000000002c90       0xcc /mnt/c/qorc-sdk/qf_apps/qf_wbfpga_pio/GCC_Project/output/s3x_clock.o
                0x0000000000002c90                s3x_clkd_update_all_src_div
 .text.S3x_Clkd_Get_Hsosc_Rate
                0x0000000000002d5c       0x34 /mnt/c/qorc-sdk/qf_apps/qf_wbfpga_pio/GCC_Project/output/s3x_clock.o
                0x0000000000002d5c                S3x_Clkd_Get_Hsosc_Rate
 .text.s3x_clkd_get_active_HSOSC_qos
                0x0000000000002d90        0xc /mnt/c/qorc-sdk/qf_apps/qf_wbfpga_pio/GCC_Project/output/s3x_clock.o
                0x0000000000002d90                s3x_clkd_get_active_HSOSC_qos
 .text.S3x_Clkd_Change_Hsosc
                0x0000000000002d9c       0x70 /mnt/c/qorc-sdk/qf_apps/qf_wbfpga_pio/GCC_Project/output/s3x_clock.o
                0x0000000000002d9c                S3x_Clkd_Change_Hsosc
 .text.s3x_clkd_get_src_rate
                0x0000000000002e0c       0x12 /mnt/c/qorc-sdk/qf_apps/qf_wbfpga_pio/GCC_Project/output/s3x_clock.o
                0x0000000000002e0c                s3x_clkd_get_src_rate
 *fill*         0x0000000000002e1e        0x2 
 .text.s3x_clkd_get_div
                0x0000000000002e20       0x74 /mnt/c/qorc-sdk/qf_apps/qf_wbfpga_pio/GCC_Project/output/s3x_clock.o
                0x0000000000002e20                s3x_clkd_get_div
 .text.s3x_clkd_srate
                0x0000000000002e94      0x158 /mnt/c/qorc-sdk/qf_apps/qf_wbfpga_pio/GCC_Project/output/s3x_clock.o
 .text.s3x_clkd_grate
                0x0000000000002fec       0x8c /mnt/c/qorc-sdk/qf_apps/qf_wbfpga_pio/GCC_Project/output/s3x_clock.o
 .text.s3x_clkd_set_src_div_st
                0x0000000000003078       0x4c /mnt/c/qorc-sdk/qf_apps/qf_wbfpga_pio/GCC_Project/output/s3x_clock.o
 .text.s3x_update_clk_rate
                0x00000000000030c4       0xb0 /mnt/c/qorc-sdk/qf_apps/qf_wbfpga_pio/GCC_Project/output/s3x_clock.o
                0x00000000000030c4                s3x_update_clk_rate
 .text.s3x_clkd_get_gate_mask_st
                0x0000000000003174       0x16 /mnt/c/qorc-sdk/qf_apps/qf_wbfpga_pio/GCC_Project/output/s3x_clock.o
                0x0000000000003174                s3x_clkd_get_gate_mask_st
 *fill*         0x000000000000318a        0x2 
 .text.s3x_clkd_set_gate_mask
                0x000000000000318c       0x50 /mnt/c/qorc-sdk/qf_apps/qf_wbfpga_pio/GCC_Project/output/s3x_clock.o
                0x000000000000318c                s3x_clkd_set_gate_mask
 .text.s3x_clkd_enable_gate
                0x00000000000031dc       0x68 /mnt/c/qorc-sdk/qf_apps/qf_wbfpga_pio/GCC_Project/output/s3x_clock.o
 .text.s3x_clkd_disable_gate
                0x0000000000003244       0x54 /mnt/c/qorc-sdk/qf_apps/qf_wbfpga_pio/GCC_Project/output/s3x_clock.o
 .text._S3x_Clk_Enable
                0x0000000000003298       0xb8 /mnt/c/qorc-sdk/qf_apps/qf_wbfpga_pio/GCC_Project/output/s3x_clock.o
                0x0000000000003298                _S3x_Clk_Enable
 .text._S3x_Clk_Disable
                0x0000000000003350       0xc8 /mnt/c/qorc-sdk/qf_apps/qf_wbfpga_pio/GCC_Project/output/s3x_clock.o
                0x0000000000003350                _S3x_Clk_Disable
 .text._S3x_Clk_Get_Status
                0x0000000000003418       0x2c /mnt/c/qorc-sdk/qf_apps/qf_wbfpga_pio/GCC_Project/output/s3x_clock.o
                0x0000000000003418                _S3x_Clk_Get_Status
 .text._S3x_Clk_Get_Rate
                0x0000000000003444       0x28 /mnt/c/qorc-sdk/qf_apps/qf_wbfpga_pio/GCC_Project/output/s3x_clock.o
                0x0000000000003444                _S3x_Clk_Get_Rate
 .text._S3x_Clk_Set_Rate
                0x000000000000346c       0x48 /mnt/c/qorc-sdk/qf_apps/qf_wbfpga_pio/GCC_Project/output/s3x_clock.o
                0x000000000000346c                _S3x_Clk_Set_Rate
 .text.S3x_Clk_Init
                0x00000000000034b4      0x15c /mnt/c/qorc-sdk/qf_apps/qf_wbfpga_pio/GCC_Project/output/s3x_clock.o
                0x00000000000034b4                S3x_Clk_Init
 .text.S3x_Clk_Enable
                0x0000000000003610        0x4 /mnt/c/qorc-sdk/qf_apps/qf_wbfpga_pio/GCC_Project/output/s3x_clock_hal.o
                0x0000000000003610                S3x_Clk_Enable
 .text.S3x_Clk_Disable
                0x0000000000003614        0x4 /mnt/c/qorc-sdk/qf_apps/qf_wbfpga_pio/GCC_Project/output/s3x_clock_hal.o
                0x0000000000003614                S3x_Clk_Disable
 .text.S3x_Clk_Set_Rate
                0x0000000000003618        0x4 /mnt/c/qorc-sdk/qf_apps/qf_wbfpga_pio/GCC_Project/output/s3x_clock_hal.o
                0x0000000000003618                S3x_Clk_Set_Rate
 .text.S3x_Clk_Get_Rate
                0x000000000000361c        0x4 /mnt/c/qorc-sdk/qf_apps/qf_wbfpga_pio/GCC_Project/output/s3x_clock_hal.o
                0x000000000000361c                S3x_Clk_Get_Rate
 .text.DFS_cpuload
                0x0000000000003620       0x4c /mnt/c/qorc-sdk/qf_apps/qf_wbfpga_pio/GCC_Project/output/s3x_cpuload.o
                0x0000000000003620                DFS_cpuload
 .text.DFS_updatesleepticks
                0x000000000000366c       0x10 /mnt/c/qorc-sdk/qf_apps/qf_wbfpga_pio/GCC_Project/output/s3x_cpuload.o
                0x000000000000366c                DFS_updatesleepticks
 .text.DFS_resetsleepticks
                0x000000000000367c        0xc /mnt/c/qorc-sdk/qf_apps/qf_wbfpga_pio/GCC_Project/output/s3x_cpuload.o
                0x000000000000367c                DFS_resetsleepticks
 .text.DFS_UpdateTimer
                0x0000000000003688       0x5c /mnt/c/qorc-sdk/qf_apps/qf_wbfpga_pio/GCC_Project/output/s3x_dfs.o
 .text.DFS_StartTimer
                0x00000000000036e4       0x88 /mnt/c/qorc-sdk/qf_apps/qf_wbfpga_pio/GCC_Project/output/s3x_dfs.o
                0x00000000000036e4                DFS_StartTimer
 .text.s3x_suspend_dfs
                0x000000000000376c        0xc /mnt/c/qorc-sdk/qf_apps/qf_wbfpga_pio/GCC_Project/output/s3x_dfs.o
                0x000000000000376c                s3x_suspend_dfs
 .text.S3x_Set_Policy
                0x0000000000003778       0xf8 /mnt/c/qorc-sdk/qf_apps/qf_wbfpga_pio/GCC_Project/output/s3x_dfs.o
                0x0000000000003778                S3x_Set_Policy
 .text.S3x_get_max_rate_dfs_node
                0x0000000000003870       0x28 /mnt/c/qorc-sdk/qf_apps/qf_wbfpga_pio/GCC_Project/output/s3x_dfs.o
                0x0000000000003870                S3x_get_max_rate_dfs_node
 .text.S3x_Stepup_Policy
                0x0000000000003898       0x7c /mnt/c/qorc-sdk/qf_apps/qf_wbfpga_pio/GCC_Project/output/s3x_dfs.o
 .text.DFS_TimerCB
                0x0000000000003914        0xe /mnt/c/qorc-sdk/qf_apps/qf_wbfpga_pio/GCC_Project/output/s3x_dfs.o
 *fill*         0x0000000000003922        0x2 
 .text.DFS_AlignPolicy
                0x0000000000003924       0x38 /mnt/c/qorc-sdk/qf_apps/qf_wbfpga_pio/GCC_Project/output/s3x_dfs.o
                0x0000000000003924                DFS_AlignPolicy
 .text.S3x_Reduce_Hsosc
                0x000000000000395c       0x50 /mnt/c/qorc-sdk/qf_apps/qf_wbfpga_pio/GCC_Project/output/s3x_dfs.o
                0x000000000000395c                S3x_Reduce_Hsosc
 .text.DFS_fPolicyHasDeepSleep
                0x00000000000039ac       0x1c /mnt/c/qorc-sdk/qf_apps/qf_wbfpga_pio/GCC_Project/output/s3x_dfs.o
                0x00000000000039ac                DFS_fPolicyHasDeepSleep
 .text.DFS_SwitchToSleepPolicy
                0x00000000000039c8       0x74 /mnt/c/qorc-sdk/qf_apps/qf_wbfpga_pio/GCC_Project/output/s3x_dfs.o
                0x00000000000039c8                DFS_SwitchToSleepPolicy
 .text.DFS_RestoreFromSleep
                0x0000000000003a3c       0x34 /mnt/c/qorc-sdk/qf_apps/qf_wbfpga_pio/GCC_Project/output/s3x_dfs.o
                0x0000000000003a3c                DFS_RestoreFromSleep
 .text.s3x_get_index_in_dfs_node
                0x0000000000003a70       0x20 /mnt/c/qorc-sdk/qf_apps/qf_wbfpga_pio/GCC_Project/output/s3x_dfs.o
                0x0000000000003a70                s3x_get_index_in_dfs_node
 .text.s3x_get_policy_max_rate
                0x0000000000003a90       0x2c /mnt/c/qorc-sdk/qf_apps/qf_wbfpga_pio/GCC_Project/output/s3x_dfs.o
                0x0000000000003a90                s3x_get_policy_max_rate
 .text.S3x_Is_Dfs_En
                0x0000000000003abc       0x10 /mnt/c/qorc-sdk/qf_apps/qf_wbfpga_pio/GCC_Project/output/s3x_dfs.o
                0x0000000000003abc                S3x_Is_Dfs_En
 .text.S3x_Set_Dfs_st
                0x0000000000003acc        0xc /mnt/c/qorc-sdk/qf_apps/qf_wbfpga_pio/GCC_Project/output/s3x_dfs.o
                0x0000000000003acc                S3x_Set_Dfs_st
 .text.DFS_Get_Curr_Policy
                0x0000000000003ad8        0xc /mnt/c/qorc-sdk/qf_apps/qf_wbfpga_pio/GCC_Project/output/s3x_dfs.o
                0x0000000000003ad8                DFS_Get_Curr_Policy
 .text.DFS_Initialize
                0x0000000000003ae4       0x14 /mnt/c/qorc-sdk/qf_apps/qf_wbfpga_pio/GCC_Project/output/s3x_dfs.o
                0x0000000000003ae4                DFS_Initialize
 .text.trace_this
                0x0000000000003af8       0x28 /mnt/c/qorc-sdk/qf_apps/qf_wbfpga_pio/GCC_Project/output/s3x_lpm.o
 .text.S3x_Register_Lpm_Cb
                0x0000000000003b20       0x40 /mnt/c/qorc-sdk/qf_apps/qf_wbfpga_pio/GCC_Project/output/s3x_lpm.o
                0x0000000000003b20                S3x_Register_Lpm_Cb
 .text.s3x_setup_systick_interrupt
                0x0000000000003b60       0x54 /mnt/c/qorc-sdk/qf_apps/qf_wbfpga_pio/GCC_Project/output/s3x_lpm.o
                0x0000000000003b60                s3x_setup_systick_interrupt
 .text.prvStopTickInterruptTimer
                0x0000000000003bb4       0x10 /mnt/c/qorc-sdk/qf_apps/qf_wbfpga_pio/GCC_Project/output/s3x_lpm.o
                0x0000000000003bb4                prvStopTickInterruptTimer
 .text.prvStartTickInterruptTimer
                0x0000000000003bc4        0x8 /mnt/c/qorc-sdk/qf_apps/qf_wbfpga_pio/GCC_Project/output/s3x_lpm.o
                0x0000000000003bc4                prvStartTickInterruptTimer
 .text.SysTick_Handler
                0x0000000000003bcc       0x12 /mnt/c/qorc-sdk/qf_apps/qf_wbfpga_pio/GCC_Project/output/s3x_lpm.o
                0x0000000000003bcc                SysTick_Handler
 .text.vPortSetupTimerInterrupt
                0x0000000000003bde        0x6 /mnt/c/qorc-sdk/qf_apps/qf_wbfpga_pio/GCC_Project/output/s3x_lpm.o
                0x0000000000003bde                vPortSetupTimerInterrupt
 .text.S3x_Pre_Lpm
                0x0000000000003be4       0x20 /mnt/c/qorc-sdk/qf_apps/qf_wbfpga_pio/GCC_Project/output/s3x_lpm.o
                0x0000000000003be4                S3x_Pre_Lpm
 .text.S3x_Post_Lpm
                0x0000000000003c04       0x18 /mnt/c/qorc-sdk/qf_apps/qf_wbfpga_pio/GCC_Project/output/s3x_lpm.o
                0x0000000000003c04                S3x_Post_Lpm
 .text.S3x_Lpm_Handler
                0x0000000000003c1c      0x3ac /mnt/c/qorc-sdk/qf_apps/qf_wbfpga_pio/GCC_Project/output/s3x_lpm.o
                0x0000000000003c1c                S3x_Lpm_Handler
 .text.s3x_get_pi
                0x0000000000003fc8       0x20 /mnt/c/qorc-sdk/qf_apps/qf_wbfpga_pio/GCC_Project/output/s3x_pi.o
                0x0000000000003fc8                s3x_get_pi
 .text.s3x_get_pi_gindex
                0x0000000000003fe8       0x14 /mnt/c/qorc-sdk/qf_apps/qf_wbfpga_pio/GCC_Project/output/s3x_pi.o
                0x0000000000003fe8                s3x_get_pi_gindex
 .text.s3x_pi_get_st
                0x0000000000003ffc       0x24 /mnt/c/qorc-sdk/qf_apps/qf_wbfpga_pio/GCC_Project/output/s3x_pi.o
                0x0000000000003ffc                s3x_pi_get_st
 .text.s3x_pi_set_cfg_st
                0x0000000000004020       0x94 /mnt/c/qorc-sdk/qf_apps/qf_wbfpga_pio/GCC_Project/output/s3x_pi.o
                0x0000000000004020                s3x_pi_set_cfg_st
 .text.s3x_pi_set_active_st
                0x00000000000040b4       0xa8 /mnt/c/qorc-sdk/qf_apps/qf_wbfpga_pio/GCC_Project/output/s3x_pi.o
                0x00000000000040b4                s3x_pi_set_active_st
 .text.s3x_pi_get_clkg_st
                0x000000000000415c       0x36 /mnt/c/qorc-sdk/qf_apps/qf_wbfpga_pio/GCC_Project/output/s3x_pi.o
                0x000000000000415c                s3x_pi_get_clkg_st
 .text.s3x_pi_set_clkg_st
                0x0000000000004192       0x26 /mnt/c/qorc-sdk/qf_apps/qf_wbfpga_pio/GCC_Project/output/s3x_pi.o
                0x0000000000004192                s3x_pi_set_clkg_st
 .text.s3x_set_pi_state
                0x00000000000041b8        0xc /mnt/c/qorc-sdk/qf_apps/qf_wbfpga_pio/GCC_Project/output/s3x_pi.o
                0x00000000000041b8                s3x_set_pi_state
 .text.s3x_get_pi_init_state
                0x00000000000041c4       0x18 /mnt/c/qorc-sdk/qf_apps/qf_wbfpga_pio/GCC_Project/output/s3x_pi.o
                0x00000000000041c4                s3x_get_pi_init_state
 .text.S3x_pi_init
                0x00000000000041dc       0x20 /mnt/c/qorc-sdk/qf_apps/qf_wbfpga_pio/GCC_Project/output/s3x_pi.o
                0x00000000000041dc                S3x_pi_init
 .text.S3x_pwrcfg_init
                0x00000000000041fc       0x2c /mnt/c/qorc-sdk/qf_apps/qf_wbfpga_pio/GCC_Project/output/s3x_pwrcfg.o
                0x00000000000041fc                S3x_pwrcfg_init
 .text.s3x_sram_in_lpm
                0x0000000000004228       0x1c /mnt/c/qorc-sdk/qf_apps/qf_wbfpga_pio/GCC_Project/output/s3x_pwrcfg.o
                0x0000000000004228                s3x_sram_in_lpm
 .text.S3x_get_qos_rate
                0x0000000000004244       0x38 /mnt/c/qorc-sdk/qf_apps/qf_wbfpga_pio/GCC_Project/output/s3x_qos.o
                0x0000000000004244                S3x_get_qos_rate
 .text.save_assert_info
                0x000000000000427c       0x74 /mnt/c/qorc-sdk/qf_apps/qf_wbfpga_pio/GCC_Project/output/sec_debug.o
                0x000000000000427c                save_assert_info
 .text.invoke_soft_fault
                0x00000000000042f0       0x20 /mnt/c/qorc-sdk/qf_apps/qf_wbfpga_pio/GCC_Project/output/sec_debug.o
                0x00000000000042f0                invoke_soft_fault
 .text.Reset_Handler
                0x0000000000004310       0x2c /mnt/c/qorc-sdk/qf_apps/qf_wbfpga_pio/GCC_Project/output/startup_EOSS3B_GCC.o
                0x0000000000004310                Reset_Handler
 .text.__semihost_call
                0x000000000000433c        0x6 /mnt/c/qorc-sdk/qf_apps/qf_wbfpga_pio/GCC_Project/output/startup_EOSS3B_GCC.o
                0x000000000000433c                __semihost_call
 *fill*         0x0000000000004342        0x2 
 .text.prvGetExpectedIdleTime
                0x0000000000004344       0x3c /mnt/c/qorc-sdk/qf_apps/qf_wbfpga_pio/GCC_Project/output/tasks.o
 .text.prvResetNextTaskUnblockTime
                0x0000000000004380       0x24 /mnt/c/qorc-sdk/qf_apps/qf_wbfpga_pio/GCC_Project/output/tasks.o
 .text.prvAddCurrentTaskToDelayedList
                0x00000000000043a4       0x8c /mnt/c/qorc-sdk/qf_apps/qf_wbfpga_pio/GCC_Project/output/tasks.o
 .text.xTaskCreate
                0x0000000000004430      0x1e0 /mnt/c/qorc-sdk/qf_apps/qf_wbfpga_pio/GCC_Project/output/tasks.o
                0x0000000000004430                xTaskCreate
 .text.vTaskStartScheduler
                0x0000000000004610       0x98 /mnt/c/qorc-sdk/qf_apps/qf_wbfpga_pio/GCC_Project/output/tasks.o
                0x0000000000004610                vTaskStartScheduler
 .text.vTaskSuspendAll
                0x00000000000046a8       0x10 /mnt/c/qorc-sdk/qf_apps/qf_wbfpga_pio/GCC_Project/output/tasks.o
                0x00000000000046a8                vTaskSuspendAll
 .text.xTaskGetTickCount
                0x00000000000046b8        0xc /mnt/c/qorc-sdk/qf_apps/qf_wbfpga_pio/GCC_Project/output/tasks.o
                0x00000000000046b8                xTaskGetTickCount
 .text.vTaskStepTick
                0x00000000000046c4       0x44 /mnt/c/qorc-sdk/qf_apps/qf_wbfpga_pio/GCC_Project/output/tasks.o
                0x00000000000046c4                vTaskStepTick
 .text.xTaskIncrementTick
                0x0000000000004708      0x14c /mnt/c/qorc-sdk/qf_apps/qf_wbfpga_pio/GCC_Project/output/tasks.o
                0x0000000000004708                xTaskIncrementTick
 .text.xTaskResumeAll
                0x0000000000004854      0x100 /mnt/c/qorc-sdk/qf_apps/qf_wbfpga_pio/GCC_Project/output/tasks.o
                0x0000000000004854                xTaskResumeAll
 .text.vTaskDelay
                0x0000000000004954       0x60 /mnt/c/qorc-sdk/qf_apps/qf_wbfpga_pio/GCC_Project/output/tasks.o
                0x0000000000004954                vTaskDelay
 .text.prvIdleTask
                0x00000000000049b4       0xc4 /mnt/c/qorc-sdk/qf_apps/qf_wbfpga_pio/GCC_Project/output/tasks.o
 .text.vTaskSwitchContext
                0x0000000000004a78       0xb8 /mnt/c/qorc-sdk/qf_apps/qf_wbfpga_pio/GCC_Project/output/tasks.o
                0x0000000000004a78                vTaskSwitchContext
 .text.vTaskPlaceOnEventList
                0x0000000000004b30       0x48 /mnt/c/qorc-sdk/qf_apps/qf_wbfpga_pio/GCC_Project/output/tasks.o
                0x0000000000004b30                vTaskPlaceOnEventList
 .text.vTaskPlaceOnEventListRestricted
                0x0000000000004b78       0x50 /mnt/c/qorc-sdk/qf_apps/qf_wbfpga_pio/GCC_Project/output/tasks.o
                0x0000000000004b78                vTaskPlaceOnEventListRestricted
 .text.xTaskRemoveFromEventList
                0x0000000000004bc8       0x9c /mnt/c/qorc-sdk/qf_apps/qf_wbfpga_pio/GCC_Project/output/tasks.o
                0x0000000000004bc8                xTaskRemoveFromEventList
 .text.vTaskInternalSetTimeOutState
                0x0000000000004c64       0x18 /mnt/c/qorc-sdk/qf_apps/qf_wbfpga_pio/GCC_Project/output/tasks.o
                0x0000000000004c64                vTaskInternalSetTimeOutState
 .text.xTaskCheckForTimeOut
                0x0000000000004c7c       0x94 /mnt/c/qorc-sdk/qf_apps/qf_wbfpga_pio/GCC_Project/output/tasks.o
                0x0000000000004c7c                xTaskCheckForTimeOut
 .text.vTaskMissedYield
                0x0000000000004d10        0xc /mnt/c/qorc-sdk/qf_apps/qf_wbfpga_pio/GCC_Project/output/tasks.o
                0x0000000000004d10                vTaskMissedYield
 .text.uxTaskGetTCBNumber
                0x0000000000004d1c       0x14 /mnt/c/qorc-sdk/qf_apps/qf_wbfpga_pio/GCC_Project/output/tasks.o
                0x0000000000004d1c                uxTaskGetTCBNumber
 .text.eTaskConfirmSleepModeStatus
                0x0000000000004d30       0x34 /mnt/c/qorc-sdk/qf_apps/qf_wbfpga_pio/GCC_Project/output/tasks.o
                0x0000000000004d30                eTaskConfirmSleepModeStatus
 .text.xTaskGetCurrentTaskHandle
                0x0000000000004d64        0xc /mnt/c/qorc-sdk/qf_apps/qf_wbfpga_pio/GCC_Project/output/tasks.o
                0x0000000000004d64                xTaskGetCurrentTaskHandle
 .text.xTaskGetSchedulerState
                0x0000000000004d70       0x20 /mnt/c/qorc-sdk/qf_apps/qf_wbfpga_pio/GCC_Project/output/tasks.o
                0x0000000000004d70                xTaskGetSchedulerState
 .text.xTaskPriorityInherit
                0x0000000000004d90       0xa8 /mnt/c/qorc-sdk/qf_apps/qf_wbfpga_pio/GCC_Project/output/tasks.o
                0x0000000000004d90                xTaskPriorityInherit
 .text.xTaskPriorityDisinherit
                0x0000000000004e38       0xc4 /mnt/c/qorc-sdk/qf_apps/qf_wbfpga_pio/GCC_Project/output/tasks.o
                0x0000000000004e38                xTaskPriorityDisinherit
 .text.vTaskPriorityDisinheritAfterTimeout
                0x0000000000004efc       0xd8 /mnt/c/qorc-sdk/qf_apps/qf_wbfpga_pio/GCC_Project/output/tasks.o
                0x0000000000004efc                vTaskPriorityDisinheritAfterTimeout
 .text.pvTaskIncrementMutexHeldCount
                0x0000000000004fd4       0x18 /mnt/c/qorc-sdk/qf_apps/qf_wbfpga_pio/GCC_Project/output/tasks.o
                0x0000000000004fd4                pvTaskIncrementMutexHeldCount
 .text.prvCheckForValidListAndQueue
                0x0000000000004fec       0x58 /mnt/c/qorc-sdk/qf_apps/qf_wbfpga_pio/GCC_Project/output/timers.o
 .text.prvInsertTimerInActiveList
                0x0000000000005044       0x3c /mnt/c/qorc-sdk/qf_apps/qf_wbfpga_pio/GCC_Project/output/timers.o
 .text.xTimerCreateTimerTask
                0x0000000000005080       0x64 /mnt/c/qorc-sdk/qf_apps/qf_wbfpga_pio/GCC_Project/output/timers.o
                0x0000000000005080                xTimerCreateTimerTask
 .text.xTimerCreate
                0x00000000000050e4       0x58 /mnt/c/qorc-sdk/qf_apps/qf_wbfpga_pio/GCC_Project/output/timers.o
                0x00000000000050e4                xTimerCreate
 .text.xTimerGenericCommand
                0x000000000000513c       0x70 /mnt/c/qorc-sdk/qf_apps/qf_wbfpga_pio/GCC_Project/output/timers.o
                0x000000000000513c                xTimerGenericCommand
 .text.prvSwitchTimerLists
                0x00000000000051ac       0x90 /mnt/c/qorc-sdk/qf_apps/qf_wbfpga_pio/GCC_Project/output/timers.o
 .text.prvTimerTask
                0x000000000000523c      0x218 /mnt/c/qorc-sdk/qf_apps/qf_wbfpga_pio/GCC_Project/output/timers.o
 .text          0x0000000000005454       0x30 /mnt/c/qorc-sdk/arm_toolchain_install/gcc-arm-none-eabi-9-2020-q2-update/bin/../lib/gcc/arm-none-eabi/9.3.1/thumb/v7e-m+fp/hard/libgcc.a(_aeabi_uldivmod.o)
                0x0000000000005454                __aeabi_uldivmod
 .text          0x0000000000005484      0x2c4 /mnt/c/qorc-sdk/arm_toolchain_install/gcc-arm-none-eabi-9-2020-q2-update/bin/../lib/gcc/arm-none-eabi/9.3.1/thumb/v7e-m+fp/hard/libgcc.a(_udivmoddi4.o)
                0x0000000000005484                __udivmoddi4
 .text          0x0000000000005748        0x4 /mnt/c/qorc-sdk/arm_toolchain_install/gcc-arm-none-eabi-9-2020-q2-update/bin/../lib/gcc/arm-none-eabi/9.3.1/thumb/v7e-m+fp/hard/libgcc.a(_dvmd_tls.o)
                0x0000000000005748                __aeabi_ldiv0
                0x0000000000005748                __aeabi_idiv0
 .text.exit     0x000000000000574c       0x28 /mnt/c/qorc-sdk/arm_toolchain_install/gcc-arm-none-eabi-9-2020-q2-update/bin/../lib/gcc/arm-none-eabi/9.3.1/../../../../arm-none-eabi/lib/thumb/v7e-m+fp/hard/libg_nano.a(lib_a-exit.o)
                0x000000000000574c                exit
 .text.__libc_init_array
                0x0000000000005774       0x48 /mnt/c/qorc-sdk/arm_toolchain_install/gcc-arm-none-eabi-9-2020-q2-update/bin/../lib/gcc/arm-none-eabi/9.3.1/../../../../arm-none-eabi/lib/thumb/v7e-m+fp/hard/libg_nano.a(lib_a-init.o)
                0x0000000000005774                __libc_init_array
 .text.memcpy   0x00000000000057bc       0x1c /mnt/c/qorc-sdk/arm_toolchain_install/gcc-arm-none-eabi-9-2020-q2-update/bin/../lib/gcc/arm-none-eabi/9.3.1/../../../../arm-none-eabi/lib/thumb/v7e-m+fp/hard/libg_nano.a(lib_a-memcpy-stub.o)
                0x00000000000057bc                memcpy
 .text.memset   0x00000000000057d8       0x10 /mnt/c/qorc-sdk/arm_toolchain_install/gcc-arm-none-eabi-9-2020-q2-update/bin/../lib/gcc/arm-none-eabi/9.3.1/../../../../arm-none-eabi/lib/thumb/v7e-m+fp/hard/libg_nano.a(lib_a-memset.o)
                0x00000000000057d8                memset
 .text._free_r  0x00000000000057e8       0xa0 /mnt/c/qorc-sdk/arm_toolchain_install/gcc-arm-none-eabi-9-2020-q2-update/bin/../lib/gcc/arm-none-eabi/9.3.1/../../../../arm-none-eabi/lib/thumb/v7e-m+fp/hard/libg_nano.a(lib_a-nano-freer.o)
                0x00000000000057e8                _free_r
 .text._malloc_r
                0x0000000000005888       0xb4 /mnt/c/qorc-sdk/arm_toolchain_install/gcc-arm-none-eabi-9-2020-q2-update/bin/../lib/gcc/arm-none-eabi/9.3.1/../../../../arm-none-eabi/lib/thumb/v7e-m+fp/hard/libg_nano.a(lib_a-nano-mallocr.o)
                0x0000000000005888                _malloc_r
 .text.printf   0x000000000000593c       0x30 /mnt/c/qorc-sdk/arm_toolchain_install/gcc-arm-none-eabi-9-2020-q2-update/bin/../lib/gcc/arm-none-eabi/9.3.1/../../../../arm-none-eabi/lib/thumb/v7e-m+fp/hard/libg_nano.a(lib_a-printf.o)
                0x000000000000593c                printf
                0x000000000000593c                iprintf
 .text._puts_r  0x000000000000596c       0xdc /mnt/c/qorc-sdk/arm_toolchain_install/gcc-arm-none-eabi-9-2020-q2-update/bin/../lib/gcc/arm-none-eabi/9.3.1/../../../../arm-none-eabi/lib/thumb/v7e-m+fp/hard/libg_nano.a(lib_a-puts.o)
                0x000000000000596c                _puts_r
 .text.puts     0x0000000000005a48       0x10 /mnt/c/qorc-sdk/arm_toolchain_install/gcc-arm-none-eabi-9-2020-q2-update/bin/../lib/gcc/arm-none-eabi/9.3.1/../../../../arm-none-eabi/lib/thumb/v7e-m+fp/hard/libg_nano.a(lib_a-puts.o)
                0x0000000000005a48                puts
 .text._sbrk_r  0x0000000000005a58       0x20 /mnt/c/qorc-sdk/arm_toolchain_install/gcc-arm-none-eabi-9-2020-q2-update/bin/../lib/gcc/arm-none-eabi/9.3.1/../../../../arm-none-eabi/lib/thumb/v7e-m+fp/hard/libg_nano.a(lib_a-sbrkr.o)
                0x0000000000005a58                _sbrk_r
 .text.snprintf
                0x0000000000005a78       0x68 /mnt/c/qorc-sdk/arm_toolchain_install/gcc-arm-none-eabi-9-2020-q2-update/bin/../lib/gcc/arm-none-eabi/9.3.1/../../../../arm-none-eabi/lib/thumb/v7e-m+fp/hard/libg_nano.a(lib_a-snprintf.o)
                0x0000000000005a78                snprintf
                0x0000000000005a78                sniprintf
 .text.sprintf  0x0000000000005ae0       0x40 /mnt/c/qorc-sdk/arm_toolchain_install/gcc-arm-none-eabi-9-2020-q2-update/bin/../lib/gcc/arm-none-eabi/9.3.1/../../../../arm-none-eabi/lib/thumb/v7e-m+fp/hard/libg_nano.a(lib_a-sprintf.o)
                0x0000000000005ae0                sprintf
                0x0000000000005ae0                siprintf
 .text.strchr   0x0000000000005b20       0x1a /mnt/c/qorc-sdk/arm_toolchain_install/gcc-arm-none-eabi-9-2020-q2-update/bin/../lib/gcc/arm-none-eabi/9.3.1/../../../../arm-none-eabi/lib/thumb/v7e-m+fp/hard/libg_nano.a(lib_a-strchr.o)
                0x0000000000005b20                strchr
 .text.strcpy   0x0000000000005b3a       0x10 /mnt/c/qorc-sdk/arm_toolchain_install/gcc-arm-none-eabi-9-2020-q2-update/bin/../lib/gcc/arm-none-eabi/9.3.1/../../../../arm-none-eabi/lib/thumb/v7e-m+fp/hard/libg_nano.a(lib_a-strcpy.o)
                0x0000000000005b3a                strcpy
 .text          0x0000000000005b4a       0x10 /mnt/c/qorc-sdk/arm_toolchain_install/gcc-arm-none-eabi-9-2020-q2-update/bin/../lib/gcc/arm-none-eabi/9.3.1/../../../../arm-none-eabi/lib/thumb/v7e-m+fp/hard/libg_nano.a(lib_a-strlen.o)
                0x0000000000005b4a                strlen
 .text.strncpy  0x0000000000005b5a       0x26 /mnt/c/qorc-sdk/arm_toolchain_install/gcc-arm-none-eabi-9-2020-q2-update/bin/../lib/gcc/arm-none-eabi/9.3.1/../../../../arm-none-eabi/lib/thumb/v7e-m+fp/hard/libg_nano.a(lib_a-strncpy.o)
                0x0000000000005b5a                strncpy
 .text.strrchr  0x0000000000005b80       0x28 /mnt/c/qorc-sdk/arm_toolchain_install/gcc-arm-none-eabi-9-2020-q2-update/bin/../lib/gcc/arm-none-eabi/9.3.1/../../../../arm-none-eabi/lib/thumb/v7e-m+fp/hard/libg_nano.a(lib_a-strrchr.o)
                0x0000000000005b80                strrchr
 .text.__swbuf_r
                0x0000000000005ba8       0xa4 /mnt/c/qorc-sdk/arm_toolchain_install/gcc-arm-none-eabi-9-2020-q2-update/bin/../lib/gcc/arm-none-eabi/9.3.1/../../../../arm-none-eabi/lib/thumb/v7e-m+fp/hard/libg_nano.a(lib_a-wbuf.o)
                0x0000000000005ba8                __swbuf_r
 .text.__swsetup_r
                0x0000000000005c4c       0xdc /mnt/c/qorc-sdk/arm_toolchain_install/gcc-arm-none-eabi-9-2020-q2-update/bin/../lib/gcc/arm-none-eabi/9.3.1/../../../../arm-none-eabi/lib/thumb/v7e-m+fp/hard/libg_nano.a(lib_a-wsetup.o)
                0x0000000000005c4c                __swsetup_r
 .text.__sflush_r
                0x0000000000005d28      0x10c /mnt/c/qorc-sdk/arm_toolchain_install/gcc-arm-none-eabi-9-2020-q2-update/bin/../lib/gcc/arm-none-eabi/9.3.1/../../../../arm-none-eabi/lib/thumb/v7e-m+fp/hard/libg_nano.a(lib_a-fflush.o)
                0x0000000000005d28                __sflush_r
 .text._fflush_r
                0x0000000000005e34       0x78 /mnt/c/qorc-sdk/arm_toolchain_install/gcc-arm-none-eabi-9-2020-q2-update/bin/../lib/gcc/arm-none-eabi/9.3.1/../../../../arm-none-eabi/lib/thumb/v7e-m+fp/hard/libg_nano.a(lib_a-fflush.o)
                0x0000000000005e34                _fflush_r
 .text.std      0x0000000000005eac       0x48 /mnt/c/qorc-sdk/arm_toolchain_install/gcc-arm-none-eabi-9-2020-q2-update/bin/../lib/gcc/arm-none-eabi/9.3.1/../../../../arm-none-eabi/lib/thumb/v7e-m+fp/hard/libg_nano.a(lib_a-findfp.o)
 .text._cleanup_r
                0x0000000000005ef4        0xc /mnt/c/qorc-sdk/arm_toolchain_install/gcc-arm-none-eabi-9-2020-q2-update/bin/../lib/gcc/arm-none-eabi/9.3.1/../../../../arm-none-eabi/lib/thumb/v7e-m+fp/hard/libg_nano.a(lib_a-findfp.o)
                0x0000000000005ef4                _cleanup_r
 .text.__sfmoreglue
                0x0000000000005f00       0x2c /mnt/c/qorc-sdk/arm_toolchain_install/gcc-arm-none-eabi-9-2020-q2-update/bin/../lib/gcc/arm-none-eabi/9.3.1/../../../../arm-none-eabi/lib/thumb/v7e-m+fp/hard/libg_nano.a(lib_a-findfp.o)
                0x0000000000005f00                __sfmoreglue
 .text.__sfp_lock_acquire
                0x0000000000005f2c        0xc /mnt/c/qorc-sdk/arm_toolchain_install/gcc-arm-none-eabi-9-2020-q2-update/bin/../lib/gcc/arm-none-eabi/9.3.1/../../../../arm-none-eabi/lib/thumb/v7e-m+fp/hard/libg_nano.a(lib_a-findfp.o)
                0x0000000000005f2c                __sfp_lock_acquire
 .text.__sfp_lock_release
                0x0000000000005f38        0xc /mnt/c/qorc-sdk/arm_toolchain_install/gcc-arm-none-eabi-9-2020-q2-update/bin/../lib/gcc/arm-none-eabi/9.3.1/../../../../arm-none-eabi/lib/thumb/v7e-m+fp/hard/libg_nano.a(lib_a-findfp.o)
                0x0000000000005f38                __sfp_lock_release
 .text.__sinit_lock_acquire
                0x0000000000005f44        0xc /mnt/c/qorc-sdk/arm_toolchain_install/gcc-arm-none-eabi-9-2020-q2-update/bin/../lib/gcc/arm-none-eabi/9.3.1/../../../../arm-none-eabi/lib/thumb/v7e-m+fp/hard/libg_nano.a(lib_a-findfp.o)
                0x0000000000005f44                __sinit_lock_acquire
 .text.__sinit_lock_release
                0x0000000000005f50        0xc /mnt/c/qorc-sdk/arm_toolchain_install/gcc-arm-none-eabi-9-2020-q2-update/bin/../lib/gcc/arm-none-eabi/9.3.1/../../../../arm-none-eabi/lib/thumb/v7e-m+fp/hard/libg_nano.a(lib_a-findfp.o)
                0x0000000000005f50                __sinit_lock_release
 .text.__sinit  0x0000000000005f5c       0x70 /mnt/c/qorc-sdk/arm_toolchain_install/gcc-arm-none-eabi-9-2020-q2-update/bin/../lib/gcc/arm-none-eabi/9.3.1/../../../../arm-none-eabi/lib/thumb/v7e-m+fp/hard/libg_nano.a(lib_a-findfp.o)
                0x0000000000005f5c                __sinit
 .text.__sfp    0x0000000000005fcc       0x8c /mnt/c/qorc-sdk/arm_toolchain_install/gcc-arm-none-eabi-9-2020-q2-update/bin/../lib/gcc/arm-none-eabi/9.3.1/../../../../arm-none-eabi/lib/thumb/v7e-m+fp/hard/libg_nano.a(lib_a-findfp.o)
                0x0000000000005fcc                __sfp
 .text._fwalk_reent
                0x0000000000006058       0x3e /mnt/c/qorc-sdk/arm_toolchain_install/gcc-arm-none-eabi-9-2020-q2-update/bin/../lib/gcc/arm-none-eabi/9.3.1/../../../../arm-none-eabi/lib/thumb/v7e-m+fp/hard/libg_nano.a(lib_a-fwalk.o)
                0x0000000000006058                _fwalk_reent
 .text.__retarget_lock_init_recursive
                0x0000000000006096        0x2 /mnt/c/qorc-sdk/arm_toolchain_install/gcc-arm-none-eabi-9-2020-q2-update/bin/../lib/gcc/arm-none-eabi/9.3.1/../../../../arm-none-eabi/lib/thumb/v7e-m+fp/hard/libg_nano.a(lib_a-lock.o)
                0x0000000000006096                __retarget_lock_init_recursive
 .text.__retarget_lock_acquire_recursive
                0x0000000000006098        0x2 /mnt/c/qorc-sdk/arm_toolchain_install/gcc-arm-none-eabi-9-2020-q2-update/bin/../lib/gcc/arm-none-eabi/9.3.1/../../../../arm-none-eabi/lib/thumb/v7e-m+fp/hard/libg_nano.a(lib_a-lock.o)
                0x0000000000006098                __retarget_lock_acquire_recursive
 .text.__retarget_lock_release_recursive
                0x000000000000609a        0x2 /mnt/c/qorc-sdk/arm_toolchain_install/gcc-arm-none-eabi-9-2020-q2-update/bin/../lib/gcc/arm-none-eabi/9.3.1/../../../../arm-none-eabi/lib/thumb/v7e-m+fp/hard/libg_nano.a(lib_a-lock.o)
                0x000000000000609a                __retarget_lock_release_recursive
 .text.__swhatbuf_r
                0x000000000000609c       0x48 /mnt/c/qorc-sdk/arm_toolchain_install/gcc-arm-none-eabi-9-2020-q2-update/bin/../lib/gcc/arm-none-eabi/9.3.1/../../../../arm-none-eabi/lib/thumb/v7e-m+fp/hard/libg_nano.a(lib_a-makebuf.o)
                0x000000000000609c                __swhatbuf_r
 .text.__smakebuf_r
                0x00000000000060e4       0x80 /mnt/c/qorc-sdk/arm_toolchain_install/gcc-arm-none-eabi-9-2020-q2-update/bin/../lib/gcc/arm-none-eabi/9.3.1/../../../../arm-none-eabi/lib/thumb/v7e-m+fp/hard/libg_nano.a(lib_a-makebuf.o)
                0x00000000000060e4                __smakebuf_r
 .text.__malloc_lock
                0x0000000000006164        0xc /mnt/c/qorc-sdk/arm_toolchain_install/gcc-arm-none-eabi-9-2020-q2-update/bin/../lib/gcc/arm-none-eabi/9.3.1/../../../../arm-none-eabi/lib/thumb/v7e-m+fp/hard/libg_nano.a(lib_a-mlock.o)
                0x0000000000006164                __malloc_lock
 .text.__malloc_unlock
                0x0000000000006170        0xc /mnt/c/qorc-sdk/arm_toolchain_install/gcc-arm-none-eabi-9-2020-q2-update/bin/../lib/gcc/arm-none-eabi/9.3.1/../../../../arm-none-eabi/lib/thumb/v7e-m+fp/hard/libg_nano.a(lib_a-mlock.o)
                0x0000000000006170                __malloc_unlock
 .text.__ssputs_r
                0x000000000000617c       0xb6 /mnt/c/qorc-sdk/arm_toolchain_install/gcc-arm-none-eabi-9-2020-q2-update/bin/../lib/gcc/arm-none-eabi/9.3.1/../../../../arm-none-eabi/lib/thumb/v7e-m+fp/hard/libg_nano.a(lib_a-nano-svfprintf.o)
                0x000000000000617c                __ssputs_r
 *fill*         0x0000000000006232        0x2 
 .text._svfprintf_r
                0x0000000000006234      0x200 /mnt/c/qorc-sdk/arm_toolchain_install/gcc-arm-none-eabi-9-2020-q2-update/bin/../lib/gcc/arm-none-eabi/9.3.1/../../../../arm-none-eabi/lib/thumb/v7e-m+fp/hard/libg_nano.a(lib_a-nano-svfprintf.o)
                0x0000000000006234                _svfprintf_r
                0x0000000000006234                _svfiprintf_r
 .text.__sfputc_r
                0x0000000000006434       0x2e /mnt/c/qorc-sdk/arm_toolchain_install/gcc-arm-none-eabi-9-2020-q2-update/bin/../lib/gcc/arm-none-eabi/9.3.1/../../../../arm-none-eabi/lib/thumb/v7e-m+fp/hard/libg_nano.a(lib_a-nano-vfprintf.o)
 .text.__sfputs_r
                0x0000000000006462       0x24 /mnt/c/qorc-sdk/arm_toolchain_install/gcc-arm-none-eabi-9-2020-q2-update/bin/../lib/gcc/arm-none-eabi/9.3.1/../../../../arm-none-eabi/lib/thumb/v7e-m+fp/hard/libg_nano.a(lib_a-nano-vfprintf.o)
                0x0000000000006462                __sfputs_r
 *fill*         0x0000000000006486        0x2 
 .text._vfprintf_r
                0x0000000000006488      0x260 /mnt/c/qorc-sdk/arm_toolchain_install/gcc-arm-none-eabi-9-2020-q2-update/bin/../lib/gcc/arm-none-eabi/9.3.1/../../../../arm-none-eabi/lib/thumb/v7e-m+fp/hard/libg_nano.a(lib_a-nano-vfprintf.o)
                0x0000000000006488                _vfiprintf_r
                0x0000000000006488                _vfprintf_r
 .text._printf_common
                0x00000000000066e8       0xda /mnt/c/qorc-sdk/arm_toolchain_install/gcc-arm-none-eabi-9-2020-q2-update/bin/../lib/gcc/arm-none-eabi/9.3.1/../../../../arm-none-eabi/lib/thumb/v7e-m+fp/hard/libg_nano.a(lib_a-nano-vfprintf_i.o)
                0x00000000000066e8                _printf_common
 *fill*         0x00000000000067c2        0x2 
 .text._printf_i
                0x00000000000067c4      0x24c /mnt/c/qorc-sdk/arm_toolchain_install/gcc-arm-none-eabi-9-2020-q2-update/bin/../lib/gcc/arm-none-eabi/9.3.1/../../../../arm-none-eabi/lib/thumb/v7e-m+fp/hard/libg_nano.a(lib_a-nano-vfprintf_i.o)
                0x00000000000067c4                _printf_i
 .text.__sread  0x0000000000006a10       0x22 /mnt/c/qorc-sdk/arm_toolchain_install/gcc-arm-none-eabi-9-2020-q2-update/bin/../lib/gcc/arm-none-eabi/9.3.1/../../../../arm-none-eabi/lib/thumb/v7e-m+fp/hard/libg_nano.a(lib_a-stdio.o)
                0x0000000000006a10                __sread
 .text.__swrite
                0x0000000000006a32       0x38 /mnt/c/qorc-sdk/arm_toolchain_install/gcc-arm-none-eabi-9-2020-q2-update/bin/../lib/gcc/arm-none-eabi/9.3.1/../../../../arm-none-eabi/lib/thumb/v7e-m+fp/hard/libg_nano.a(lib_a-stdio.o)
                0x0000000000006a32                __swrite
 .text.__sseek  0x0000000000006a6a       0x24 /mnt/c/qorc-sdk/arm_toolchain_install/gcc-arm-none-eabi-9-2020-q2-update/bin/../lib/gcc/arm-none-eabi/9.3.1/../../../../arm-none-eabi/lib/thumb/v7e-m+fp/hard/libg_nano.a(lib_a-stdio.o)
                0x0000000000006a6a                __sseek
 .text.__sclose
                0x0000000000006a8e        0x8 /mnt/c/qorc-sdk/arm_toolchain_install/gcc-arm-none-eabi-9-2020-q2-update/bin/../lib/gcc/arm-none-eabi/9.3.1/../../../../arm-none-eabi/lib/thumb/v7e-m+fp/hard/libg_nano.a(lib_a-stdio.o)
                0x0000000000006a8e                __sclose
 *fill*         0x0000000000006a96        0x2 
 .text._write_r
                0x0000000000006a98       0x24 /mnt/c/qorc-sdk/arm_toolchain_install/gcc-arm-none-eabi-9-2020-q2-update/bin/../lib/gcc/arm-none-eabi/9.3.1/../../../../arm-none-eabi/lib/thumb/v7e-m+fp/hard/libg_nano.a(lib_a-writer.o)
                0x0000000000006a98                _write_r
 .text._close_r
                0x0000000000006abc       0x20 /mnt/c/qorc-sdk/arm_toolchain_install/gcc-arm-none-eabi-9-2020-q2-update/bin/../lib/gcc/arm-none-eabi/9.3.1/../../../../arm-none-eabi/lib/thumb/v7e-m+fp/hard/libg_nano.a(lib_a-closer.o)
                0x0000000000006abc                _close_r
 .text._fstat_r
                0x0000000000006adc       0x24 /mnt/c/qorc-sdk/arm_toolchain_install/gcc-arm-none-eabi-9-2020-q2-update/bin/../lib/gcc/arm-none-eabi/9.3.1/../../../../arm-none-eabi/lib/thumb/v7e-m+fp/hard/libg_nano.a(lib_a-fstatr.o)
                0x0000000000006adc                _fstat_r
 .text._isatty_r
                0x0000000000006b00       0x20 /mnt/c/qorc-sdk/arm_toolchain_install/gcc-arm-none-eabi-9-2020-q2-update/bin/../lib/gcc/arm-none-eabi/9.3.1/../../../../arm-none-eabi/lib/thumb/v7e-m+fp/hard/libg_nano.a(lib_a-isattyr.o)
                0x0000000000006b00                _isatty_r
 .text._lseek_r
                0x0000000000006b20       0x24 /mnt/c/qorc-sdk/arm_toolchain_install/gcc-arm-none-eabi-9-2020-q2-update/bin/../lib/gcc/arm-none-eabi/9.3.1/../../../../arm-none-eabi/lib/thumb/v7e-m+fp/hard/libg_nano.a(lib_a-lseekr.o)
                0x0000000000006b20                _lseek_r
 *fill*         0x0000000000006b44        0xc 
 .text          0x0000000000006b50       0xa0 /mnt/c/qorc-sdk/arm_toolchain_install/gcc-arm-none-eabi-9-2020-q2-update/bin/../lib/gcc/arm-none-eabi/9.3.1/../../../../arm-none-eabi/lib/thumb/v7e-m+fp/hard/libg_nano.a(lib_a-memchr.o)
                0x0000000000006b50                memchr
 .text.memmove  0x0000000000006bf0       0x34 /mnt/c/qorc-sdk/arm_toolchain_install/gcc-arm-none-eabi-9-2020-q2-update/bin/../lib/gcc/arm-none-eabi/9.3.1/../../../../arm-none-eabi/lib/thumb/v7e-m+fp/hard/libg_nano.a(lib_a-memmove.o)
                0x0000000000006bf0                memmove
 .text._realloc_r
                0x0000000000006c24       0x4c /mnt/c/qorc-sdk/arm_toolchain_install/gcc-arm-none-eabi-9-2020-q2-update/bin/../lib/gcc/arm-none-eabi/9.3.1/../../../../arm-none-eabi/lib/thumb/v7e-m+fp/hard/libg_nano.a(lib_a-nano-reallocr.o)
                0x0000000000006c24                _realloc_r
 .text._read_r  0x0000000000006c70       0x24 /mnt/c/qorc-sdk/arm_toolchain_install/gcc-arm-none-eabi-9-2020-q2-update/bin/../lib/gcc/arm-none-eabi/9.3.1/../../../../arm-none-eabi/lib/thumb/v7e-m+fp/hard/libg_nano.a(lib_a-readr.o)
                0x0000000000006c70                _read_r
 .text._malloc_usable_size_r
                0x0000000000006c94       0x10 /mnt/c/qorc-sdk/arm_toolchain_install/gcc-arm-none-eabi-9-2020-q2-update/bin/../lib/gcc/arm-none-eabi/9.3.1/../../../../arm-none-eabi/lib/thumb/v7e-m+fp/hard/libg_nano.a(lib_a-nano-msizer.o)
                0x0000000000006c94                _malloc_usable_size_r
 .text._fstat   0x0000000000006ca4       0x10 /mnt/c/qorc-sdk/arm_toolchain_install/gcc-arm-none-eabi-9-2020-q2-update/bin/../lib/gcc/arm-none-eabi/9.3.1/../../../../arm-none-eabi/lib/thumb/v7e-m+fp/hard/libnosys.a(fstat.o)
                0x0000000000006ca4                _fstat
 .text._isatty  0x0000000000006cb4       0x10 /mnt/c/qorc-sdk/arm_toolchain_install/gcc-arm-none-eabi-9-2020-q2-update/bin/../lib/gcc/arm-none-eabi/9.3.1/../../../../arm-none-eabi/lib/thumb/v7e-m+fp/hard/libnosys.a(isatty.o)
                0x0000000000006cb4                _isatty
 .text._sbrk    0x0000000000006cc4       0x1c /mnt/c/qorc-sdk/arm_toolchain_install/gcc-arm-none-eabi-9-2020-q2-update/bin/../lib/gcc/arm-none-eabi/9.3.1/../../../../arm-none-eabi/lib/thumb/v7e-m+fp/hard/libnosys.a(sbrk.o)
                0x0000000000006cc4                _sbrk
 .text._exit    0x0000000000006ce0        0x4 /mnt/c/qorc-sdk/arm_toolchain_install/gcc-arm-none-eabi-9-2020-q2-update/bin/../lib/gcc/arm-none-eabi/9.3.1/../../../../arm-none-eabi/lib/thumb/v7e-m+fp/hard/libnosys.a(_exit.o)
                0x0000000000006ce0                _exit
 *(.init)
 .init          0x0000000000006ce4        0x4 /mnt/c/qorc-sdk/arm_toolchain_install/gcc-arm-none-eabi-9-2020-q2-update/bin/../lib/gcc/arm-none-eabi/9.3.1/thumb/v7e-m+fp/hard/crti.o
                0x0000000000006ce4                _init
 .init          0x0000000000006ce8        0x8 /mnt/c/qorc-sdk/arm_toolchain_install/gcc-arm-none-eabi-9-2020-q2-update/bin/../lib/gcc/arm-none-eabi/9.3.1/thumb/v7e-m+fp/hard/crtn.o
 *(.fini)
 .fini          0x0000000000006cf0        0x4 /mnt/c/qorc-sdk/arm_toolchain_install/gcc-arm-none-eabi-9-2020-q2-update/bin/../lib/gcc/arm-none-eabi/9.3.1/thumb/v7e-m+fp/hard/crti.o
                0x0000000000006cf0                _fini
 .fini          0x0000000000006cf4        0x8 /mnt/c/qorc-sdk/arm_toolchain_install/gcc-arm-none-eabi-9-2020-q2-update/bin/../lib/gcc/arm-none-eabi/9.3.1/thumb/v7e-m+fp/hard/crtn.o
 *crtbegin.o(.ctors)
 *crtbegin?.o(.ctors)
 *(EXCLUDE_FILE(*crtend.o *crtend?.o) .ctors)
 *(SORT_BY_NAME(.ctors.*))
 *(.ctors)
 *crtbegin.o(.dtors)
 *crtbegin?.o(.dtors)
 *(EXCLUDE_FILE(*crtend.o *crtend?.o) .dtors)
 *(SORT_BY_NAME(.dtors.*))
 *(.dtors)
 *(.rodata*)
 .rodata.dbg_str.str1.1
                0x0000000000006cfc        0x0 /mnt/c/qorc-sdk/qf_apps/qf_wbfpga_pio/GCC_Project/output/dbg_uart.o
                                          0x3 (size before relaxing)
 .rodata._colon_tt.8573
                0x0000000000006cfc        0x4 /mnt/c/qorc-sdk/qf_apps/qf_wbfpga_pio/GCC_Project/output/dbg_uart.o
 .rodata.HAL_PAD_Config.str1.1
                0x0000000000006d00       0x5a /mnt/c/qorc-sdk/qf_apps/qf_wbfpga_pio/GCC_Project/output/eoss3_hal_pad_config.o
 .rodata.IO_INPUT_PAD_SEL
                0x0000000000006d5a       0x10 /mnt/c/qorc-sdk/qf_apps/qf_wbfpga_pio/GCC_Project/output/eoss3_hal_pad_config.o
                0x0000000000006d5a                IO_INPUT_PAD_SEL
 .rodata.SEL_EXT_PAD_REGS
                0x0000000000006d6a      0x160 /mnt/c/qorc-sdk/qf_apps/qf_wbfpga_pio/GCC_Project/output/eoss3_hal_pad_config.o
                0x0000000000006d6a                SEL_EXT_PAD_REGS
 .rodata.unlock_spi1_bus.str1.1
                0x0000000000006eca       0x36 /mnt/c/qorc-sdk/qf_apps/qf_wbfpga_pio/GCC_Project/output/eoss3_hal_spi.o
 .rodata.SendEventToTimerThread.str1.1
                0x0000000000006f00       0x82 /mnt/c/qorc-sdk/qf_apps/qf_wbfpga_pio/GCC_Project/output/eoss3_hal_timer.o
 .rodata.HAL_Timer_ISR.str1.1
                0x0000000000006f82       0x20 /mnt/c/qorc-sdk/qf_apps/qf_wbfpga_pio/GCC_Project/output/eoss3_hal_timer.o
 .rodata.__FUNCTION__.9334
                0x0000000000006fa2        0xe /mnt/c/qorc-sdk/qf_apps/qf_wbfpga_pio/GCC_Project/output/eoss3_hal_timer.o
 .rodata.uart_init.str1.1
                0x0000000000006fb0        0xc /mnt/c/qorc-sdk/qf_apps/qf_wbfpga_pio/GCC_Project/output/eoss3_hal_uart.o
 .rodata.CSWTCH.25
                0x0000000000006fbc       0x28 /mnt/c/qorc-sdk/qf_apps/qf_wbfpga_pio/GCC_Project/output/eoss3_hal_uart.o
 .rodata.WDT_ISR.str1.1
                0x0000000000006fe4       0x4d /mnt/c/qorc-sdk/qf_apps/qf_wbfpga_pio/GCC_Project/output/eoss3_hal_wdt.o
 .rodata.__FUNCTION__.8698
                0x0000000000007031        0x8 /mnt/c/qorc-sdk/qf_apps/qf_wbfpga_pio/GCC_Project/output/eoss3_hal_wdt.o
 .rodata.spurious_interrupt.str1.1
                0x0000000000007039        0xd /mnt/c/qorc-sdk/qf_apps/qf_wbfpga_pio/GCC_Project/output/exceptions.o
 .rodata.prvGetRegistersFromStack.str1.1
                0x0000000000007046       0x44 /mnt/c/qorc-sdk/qf_apps/qf_wbfpga_pio/GCC_Project/output/exceptions.o
 .rodata.vApplicationMallocFailedHook.str1.1
                0x000000000000708a       0x20 /mnt/c/qorc-sdk/qf_apps/qf_wbfpga_pio/GCC_Project/output/exceptions.o
 .rodata.vApplicationStackOverflowHook.str1.1
                0x00000000000070aa       0x21 /mnt/c/qorc-sdk/qf_apps/qf_wbfpga_pio/GCC_Project/output/exceptions.o
 .rodata.fpga_ledctlr_init.str1.1
                0x00000000000070cb       0x3e /mnt/c/qorc-sdk/qf_apps/qf_wbfpga_pio/GCC_Project/output/fpga_ledctlr.o
 .rodata.pvPortMalloc.str1.1
                0x0000000000007109       0x5e /mnt/c/qorc-sdk/qf_apps/qf_wbfpga_pio/GCC_Project/output/heap_4.o
 .rodata.vPortFree.str1.1
                0x0000000000007167       0x35 /mnt/c/qorc-sdk/qf_apps/qf_wbfpga_pio/GCC_Project/output/heap_4.o
 .rodata.vTask1.str1.1
                0x000000000000719c        0xd /mnt/c/qorc-sdk/qf_apps/qf_wbfpga_pio/GCC_Project/output/main.o
 .rodata.main.str1.1
                0x00000000000071a9       0x9c /mnt/c/qorc-sdk/qf_apps/qf_wbfpga_pio/GCC_Project/output/main.o
                                         0xa1 (size before relaxing)
 .rodata.prvTaskExitError.str1.1
                0x0000000000007245       0x71 /mnt/c/qorc-sdk/qf_apps/qf_wbfpga_pio/GCC_Project/output/port.o
 .rodata.xQueueGenericReset.str1.1
                0x00000000000072b6       0x4c /mnt/c/qorc-sdk/qf_apps/qf_wbfpga_pio/GCC_Project/output/queue.o
 .rodata.S3x_Clk_Init.str1.1
                0x0000000000007302       0x62 /mnt/c/qorc-sdk/qf_apps/qf_wbfpga_pio/GCC_Project/output/s3x_clock.o
 .rodata.DFS_StartTimer.str1.1
                0x0000000000007364       0x63 /mnt/c/qorc-sdk/qf_apps/qf_wbfpga_pio/GCC_Project/output/s3x_dfs.o
 .rodata.S3x_Set_Policy.str1.1
                0x00000000000073c7       0x17 /mnt/c/qorc-sdk/qf_apps/qf_wbfpga_pio/GCC_Project/output/s3x_dfs.o
 .rodata.S3x_Lpm_Handler.str1.1
                0x00000000000073de       0x82 /mnt/c/qorc-sdk/qf_apps/qf_wbfpga_pio/GCC_Project/output/s3x_lpm.o
 .rodata.s3x_pi_set_active_st.str1.1
                0x0000000000007460       0x2f /mnt/c/qorc-sdk/qf_apps/qf_wbfpga_pio/GCC_Project/output/s3x_pi.o
 .rodata.__func__.9047
                0x000000000000748f       0x15 /mnt/c/qorc-sdk/qf_apps/qf_wbfpga_pio/GCC_Project/output/s3x_pi.o
 .rodata.save_assert_info.str1.1
                0x00000000000074a4       0x1c /mnt/c/qorc-sdk/qf_apps/qf_wbfpga_pio/GCC_Project/output/sec_debug.o
 .rodata.invoke_soft_fault.str1.1
                0x00000000000074c0        0xc /mnt/c/qorc-sdk/qf_apps/qf_wbfpga_pio/GCC_Project/output/sec_debug.o
 .rodata        0x00000000000074cc        0x8 /mnt/c/qorc-sdk/qf_apps/qf_wbfpga_pio/GCC_Project/output/sec_debug.o
 .rodata.prvTaskIsTaskSuspended.str1.1
                0x00000000000074d4       0x4c /mnt/c/qorc-sdk/qf_apps/qf_wbfpga_pio/GCC_Project/output/tasks.o
 .rodata.vTaskStartScheduler.str1.1
                0x0000000000007520        0x5 /mnt/c/qorc-sdk/qf_apps/qf_wbfpga_pio/GCC_Project/output/tasks.o
 .rodata.prvCheckForValidListAndQueue.str1.1
                0x0000000000007525        0x5 /mnt/c/qorc-sdk/qf_apps/qf_wbfpga_pio/GCC_Project/output/timers.o
 .rodata.xTimerCreateTimerTask.str1.1
                0x000000000000752a       0x55 /mnt/c/qorc-sdk/qf_apps/qf_wbfpga_pio/GCC_Project/output/timers.o
 *fill*         0x000000000000757f        0x1 
 .rodata._global_impure_ptr
                0x0000000000007580        0x4 /mnt/c/qorc-sdk/arm_toolchain_install/gcc-arm-none-eabi-9-2020-q2-update/bin/../lib/gcc/arm-none-eabi/9.3.1/../../../../arm-none-eabi/lib/thumb/v7e-m+fp/hard/libg_nano.a(lib_a-impure.o)
                0x0000000000007580                _global_impure_ptr
 .rodata.__sf_fake_stderr
                0x0000000000007584       0x20 /mnt/c/qorc-sdk/arm_toolchain_install/gcc-arm-none-eabi-9-2020-q2-update/bin/../lib/gcc/arm-none-eabi/9.3.1/../../../../arm-none-eabi/lib/thumb/v7e-m+fp/hard/libg_nano.a(lib_a-findfp.o)
                0x0000000000007584                __sf_fake_stderr
 .rodata.__sf_fake_stdin
                0x00000000000075a4       0x20 /mnt/c/qorc-sdk/arm_toolchain_install/gcc-arm-none-eabi-9-2020-q2-update/bin/../lib/gcc/arm-none-eabi/9.3.1/../../../../arm-none-eabi/lib/thumb/v7e-m+fp/hard/libg_nano.a(lib_a-findfp.o)
                0x00000000000075a4                __sf_fake_stdin
 .rodata.__sf_fake_stdout
                0x00000000000075c4       0x20 /mnt/c/qorc-sdk/arm_toolchain_install/gcc-arm-none-eabi-9-2020-q2-update/bin/../lib/gcc/arm-none-eabi/9.3.1/../../../../arm-none-eabi/lib/thumb/v7e-m+fp/hard/libg_nano.a(lib_a-findfp.o)
                0x00000000000075c4                __sf_fake_stdout
 .rodata._svfprintf_r.str1.1
                0x00000000000075e4       0x11 /mnt/c/qorc-sdk/arm_toolchain_install/gcc-arm-none-eabi-9-2020-q2-update/bin/../lib/gcc/arm-none-eabi/9.3.1/../../../../arm-none-eabi/lib/thumb/v7e-m+fp/hard/libg_nano.a(lib_a-nano-svfprintf.o)
 .rodata._vfprintf_r.str1.1
                0x00000000000075f5       0x11 /mnt/c/qorc-sdk/arm_toolchain_install/gcc-arm-none-eabi-9-2020-q2-update/bin/../lib/gcc/arm-none-eabi/9.3.1/../../../../arm-none-eabi/lib/thumb/v7e-m+fp/hard/libg_nano.a(lib_a-nano-vfprintf.o)
 .rodata._printf_i.str1.1
                0x00000000000075f5       0x22 /mnt/c/qorc-sdk/arm_toolchain_install/gcc-arm-none-eabi-9-2020-q2-update/bin/../lib/gcc/arm-none-eabi/9.3.1/../../../../arm-none-eabi/lib/thumb/v7e-m+fp/hard/libg_nano.a(lib_a-nano-vfprintf_i.o)
 *(.eh_fram e*)

.eh_frame       0x0000000000007618        0x0
 .eh_frame      0x0000000000007618        0x0 /mnt/c/qorc-sdk/arm_toolchain_install/gcc-arm-none-eabi-9-2020-q2-update/bin/../lib/gcc/arm-none-eabi/9.3.1/thumb/v7e-m+fp/hard/crtbegin.o

.glue_7         0x0000000000007618        0x0
 .glue_7        0x0000000000007618        0x0 linker stubs

.glue_7t        0x0000000000007618        0x0
 .glue_7t       0x0000000000007618        0x0 linker stubs

.vfp11_veneer   0x0000000000007618        0x0
 .vfp11_veneer  0x0000000000007618        0x0 linker stubs

.v4_bx          0x0000000000007618        0x0
 .v4_bx         0x0000000000007618        0x0 linker stubs

.iplt           0x0000000000007618        0x0
 .iplt          0x0000000000007618        0x0 /mnt/c/qorc-sdk/arm_toolchain_install/gcc-arm-none-eabi-9-2020-q2-update/bin/../lib/gcc/arm-none-eabi/9.3.1/thumb/v7e-m+fp/hard/crtbegin.o

.ARM.extab
 *(.ARM.extab* .gnu.linkonce.armextab.*)
                0x0000000000007617                __exidx_start = .

.ARM.exidx      0x0000000000007618        0x8
 *(.ARM.exidx* .gnu.linkonce.armexidx.*)
 .ARM.exidx     0x0000000000007618        0x8 /mnt/c/qorc-sdk/arm_toolchain_install/gcc-arm-none-eabi-9-2020-q2-update/bin/../lib/gcc/arm-none-eabi/9.3.1/../../../../arm-none-eabi/lib/thumb/v7e-m+fp/hard/crt0.o
                                         0x10 (size before relaxing)
 .ARM.exidx     0x0000000000007620        0x0 /mnt/c/qorc-sdk/arm_toolchain_install/gcc-arm-none-eabi-9-2020-q2-update/bin/../lib/gcc/arm-none-eabi/9.3.1/thumb/v7e-m+fp/hard/libgcc.a(_udivmoddi4.o)
                                          0x8 (size before relaxing)
                0x0000000000007620                __exidx_end = .
                0x0000000000007620                __etext = .
                0x0000000000007620                _sidata = __etext

.rel.dyn        0x0000000000007620        0x0
 .rel.iplt      0x0000000000007620        0x0 /mnt/c/qorc-sdk/arm_toolchain_install/gcc-arm-none-eabi-9-2020-q2-update/bin/../lib/gcc/arm-none-eabi/9.3.1/thumb/v7e-m+fp/hard/crtbegin.o

.data           0x0000000020027000    0x1322c load address 0x0000000000007620