Archive member included to satisfy reference by file (symbol)

/usr/lib/gcc/arm-none-eabi/7.3.1/thumb/v7e-m/fpv4-sp/hard/libgcc.a(_arm_addsubdf3.o)
                              /qorc-sdk/qf_apps/qf_wbfpga_pio/GCC_Project/output/ql_test_signals.o (__aeabi_dadd)
/usr/lib/gcc/arm-none-eabi/7.3.1/thumb/v7e-m/fpv4-sp/hard/libgcc.a(_arm_muldivdf3.o)
                              /qorc-sdk/qf_apps/qf_wbfpga_pio/GCC_Project/output/ql_test_signals.o (__aeabi_dmul)
/usr/lib/gcc/arm-none-eabi/7.3.1/thumb/v7e-m/fpv4-sp/hard/libgcc.a(_arm_fixdfsi.o)
                              /qorc-sdk/qf_apps/qf_wbfpga_pio/GCC_Project/output/ql_test_signals.o (__aeabi_d2iz)
/usr/lib/gcc/arm-none-eabi/7.3.1/thumb/v7e-m/fpv4-sp/hard/libgcc.a(_arm_truncdfsf2.o)
                              /qorc-sdk/qf_apps/qf_wbfpga_pio/GCC_Project/output/eoss3_hal_i2c.o (__aeabi_d2f)
/usr/lib/gcc/arm-none-eabi/7.3.1/thumb/v7e-m/fpv4-sp/hard/libgcc.a(_aeabi_ldivmod.o)
                              /qorc-sdk/qf_apps/qf_wbfpga_pio/GCC_Project/output/dbg_uart.o (__aeabi_ldivmod)
/usr/lib/gcc/arm-none-eabi/7.3.1/thumb/v7e-m/fpv4-sp/hard/libgcc.a(_aeabi_uldivmod.o)
                              /qorc-sdk/qf_apps/qf_wbfpga_pio/GCC_Project/output/ff_format.o (__aeabi_uldivmod)
/usr/lib/gcc/arm-none-eabi/7.3.1/thumb/v7e-m/fpv4-sp/hard/libgcc.a(_udivmoddi4.o)
                              /usr/lib/gcc/arm-none-eabi/7.3.1/thumb/v7e-m/fpv4-sp/hard/libgcc.a(_aeabi_ldivmod.o) (__udivmoddi4)
/usr/lib/gcc/arm-none-eabi/7.3.1/thumb/v7e-m/fpv4-sp/hard/libgcc.a(_dvmd_tls.o)
                              /usr/lib/gcc/arm-none-eabi/7.3.1/thumb/v7e-m/fpv4-sp/hard/libgcc.a(_aeabi_ldivmod.o) (__aeabi_ldiv0)
/usr/lib/gcc/arm-none-eabi/7.3.1/../../../arm-none-eabi/lib/thumb/v7e-m/fpv4-sp/hard/libg_nano.a(lib_a-atexit.o)
                              /usr/lib/gcc/arm-none-eabi/7.3.1/../../../arm-none-eabi/lib/thumb/v7e-m/fpv4-sp/hard/crt0.o (atexit)
/usr/lib/gcc/arm-none-eabi/7.3.1/../../../arm-none-eabi/lib/thumb/v7e-m/fpv4-sp/hard/libg_nano.a(lib_a-exit.o)
                              /usr/lib/gcc/arm-none-eabi/7.3.1/../../../arm-none-eabi/lib/thumb/v7e-m/fpv4-sp/hard/crt0.o (exit)
/usr/lib/gcc/arm-none-eabi/7.3.1/../../../arm-none-eabi/lib/thumb/v7e-m/fpv4-sp/hard/libg_nano.a(lib_a-fini.o)
                              /usr/lib/gcc/arm-none-eabi/7.3.1/../../../arm-none-eabi/lib/thumb/v7e-m/fpv4-sp/hard/crt0.o (__libc_fini_array)
/usr/lib/gcc/arm-none-eabi/7.3.1/../../../arm-none-eabi/lib/thumb/v7e-m/fpv4-sp/hard/libg_nano.a(lib_a-impure.o)
                              /usr/lib/gcc/arm-none-eabi/7.3.1/../../../arm-none-eabi/lib/thumb/v7e-m/fpv4-sp/hard/libg_nano.a(lib_a-exit.o) (_global_impure_ptr)
/usr/lib/gcc/arm-none-eabi/7.3.1/../../../arm-none-eabi/lib/thumb/v7e-m/fpv4-sp/hard/libg_nano.a(lib_a-init.o)
                              /usr/lib/gcc/arm-none-eabi/7.3.1/../../../arm-none-eabi/lib/thumb/v7e-m/fpv4-sp/hard/crt0.o (__libc_init_array)
/usr/lib/gcc/arm-none-eabi/7.3.1/../../../arm-none-eabi/lib/thumb/v7e-m/fpv4-sp/hard/libg_nano.a(lib_a-malloc.o)
                              /qorc-sdk/qf_apps/qf_wbfpga_pio/GCC_Project/output/circularBuffQueue.o (malloc)
/usr/lib/gcc/arm-none-eabi/7.3.1/../../../arm-none-eabi/lib/thumb/v7e-m/fpv4-sp/hard/libg_nano.a(lib_a-memcmp.o)
                              /qorc-sdk/qf_apps/qf_wbfpga_pio/GCC_Project/output/ff_dir.o (memcmp)
/usr/lib/gcc/arm-none-eabi/7.3.1/../../../arm-none-eabi/lib/thumb/v7e-m/fpv4-sp/hard/libg_nano.a(lib_a-memcpy.o)
                              /qorc-sdk/qf_apps/qf_wbfpga_pio/GCC_Project/output/cli_args.o (memcpy)
/usr/lib/gcc/arm-none-eabi/7.3.1/../../../arm-none-eabi/lib/thumb/v7e-m/fpv4-sp/hard/libg_nano.a(lib_a-memset.o)
                              /usr/lib/gcc/arm-none-eabi/7.3.1/../../../arm-none-eabi/lib/thumb/v7e-m/fpv4-sp/hard/crt0.o (memset)
/usr/lib/gcc/arm-none-eabi/7.3.1/../../../arm-none-eabi/lib/thumb/v7e-m/fpv4-sp/hard/libg_nano.a(lib_a-mktime.o)
                              /qorc-sdk/qf_apps/qf_wbfpga_pio/GCC_Project/output/ql_fs.o (mktime)
/usr/lib/gcc/arm-none-eabi/7.3.1/../../../arm-none-eabi/lib/thumb/v7e-m/fpv4-sp/hard/libg_nano.a(lib_a-nano-freer.o)
                              /usr/lib/gcc/arm-none-eabi/7.3.1/../../../arm-none-eabi/lib/thumb/v7e-m/fpv4-sp/hard/libg_nano.a(lib_a-malloc.o) (_free_r)
/usr/lib/gcc/arm-none-eabi/7.3.1/../../../arm-none-eabi/lib/thumb/v7e-m/fpv4-sp/hard/libg_nano.a(lib_a-nano-mallocr.o)
                              /usr/lib/gcc/arm-none-eabi/7.3.1/../../../arm-none-eabi/lib/thumb/v7e-m/fpv4-sp/hard/libg_nano.a(lib_a-malloc.o) (_malloc_r)
/usr/lib/gcc/arm-none-eabi/7.3.1/../../../arm-none-eabi/lib/thumb/v7e-m/fpv4-sp/hard/libg_nano.a(lib_a-nano-vfprintf_float.o)
                              (_printf_float)
/usr/lib/gcc/arm-none-eabi/7.3.1/../../../arm-none-eabi/lib/thumb/v7e-m/fpv4-sp/hard/libg_nano.a(lib_a-nano-vfprintf_i.o)
[...]
Memory Configuration

Name             Origin             Length             Attributes
rom              0x0000000000000000 0x0000000000036c00 xr
ram              0x0000000020036c00 0x0000000000034800 xrw
spiram           0x000000002006b400 0x0000000000000800 rw
HWA              0x0000000020078000 0x000000000000cc00 rw
shm              0x000000002007c000 0x0000000000004000
*default*        0x0000000000000000 0xffffffffffffffff

Linker script and memory map

LOAD /usr/lib/gcc/arm-none-eabi/7.3.1/thumb/v7e-m/fpv4-sp/hard/crti.o
LOAD /usr/lib/gcc/arm-none-eabi/7.3.1/thumb/v7e-m/fpv4-sp/hard/crtbegin.o
LOAD /usr/lib/gcc/arm-none-eabi/7.3.1/../../../arm-none-eabi/lib/thumb/v7e-m/fpv4-sp/hard/crt0.o
LOAD /qorc-sdk/qf_apps/qf_wbfpga_pio/GCC_Project/output/Sensor_Attributes.o
LOAD /qorc-sdk/qf_apps/qf_wbfpga_pio/GCC_Project/output/battery_level_monitor.o
LOAD /qorc-sdk/qf_apps/qf_wbfpga_pio/GCC_Project/output/c_lib_retarget.o
LOAD /qorc-sdk/qf_apps/qf_wbfpga_pio/GCC_Project/output/circularBuffQueue.o
LOAD /qorc-sdk/qf_apps/qf_wbfpga_pio/GCC_Project/output/cli_args.o
LOAD /qorc-sdk/qf_apps/qf_wbfpga_pio/GCC_Project/output/cli_hexdump.o
LOAD /qorc-sdk/qf_apps/qf_wbfpga_pio/GCC_Project/output/cli_io.o
LOAD /qorc-sdk/qf_apps/qf_wbfpga_pio/GCC_Project/output/cli_loop.o
LOAD /qorc-sdk/qf_apps/qf_wbfpga_pio/GCC_Project/output/cli_misc.o
LOAD /qorc-sdk/qf_apps/qf_wbfpga_pio/GCC_Project/output/cli_platform.o
LOAD /qorc-sdk/qf_apps/qf_wbfpga_pio/GCC_Project/output/cli_stdcmds.o
LOAD /qorc-sdk/qf_apps/qf_wbfpga_pio/GCC_Project/output/crc16.o
LOAD /qorc-sdk/qf_apps/qf_wbfpga_pio/GCC_Project/output/crc32.o
LOAD /qorc-sdk/qf_apps/qf_wbfpga_pio/GCC_Project/output/croutine.o
LOAD /qorc-sdk/qf_apps/qf_wbfpga_pio/GCC_Project/output/datablk_mgr.o
LOAD /qorc-sdk/qf_apps/qf_wbfpga_pio/GCC_Project/output/datablk_processor.o
LOAD /qorc-sdk/qf_apps/qf_wbfpga_pio/GCC_Project/output/dbg_bufferedprinttask.o
LOAD /qorc-sdk/qf_apps/qf_wbfpga_pio/GCC_Project/output/dbg_queue_monitor.o
LOAD /qorc-sdk/qf_apps/qf_wbfpga_pio/GCC_Project/output/dbg_uart.o
LOAD /qorc-sdk/qf_apps/qf_wbfpga_pio/GCC_Project/output/dbgtrace.o
LOAD /qorc-sdk/qf_apps/qf_wbfpga_pio/GCC_Project/output/eoss3_hal_adc.o
LOAD /qorc-sdk/qf_apps/qf_wbfpga_pio/GCC_Project/output/eoss3_hal_audio.o
LOAD /qorc-sdk/qf_apps/qf_wbfpga_pio/GCC_Project/output/eoss3_hal_gpio.o
LOAD /qorc-sdk/qf_apps/qf_wbfpga_pio/GCC_Project/output/eoss3_hal_i2c.o
LOAD /qorc-sdk/qf_apps/qf_wbfpga_pio/GCC_Project/output/eoss3_hal_i2s.o
LOAD /qorc-sdk/qf_apps/qf_wbfpga_pio/GCC_Project/output/eoss3_hal_i2s_slave_assp.o
LOAD /qorc-sdk/qf_apps/qf_wbfpga_pio/GCC_Project/output/eoss3_hal_pad_config.o
LOAD /qorc-sdk/qf_apps/qf_wbfpga_pio/GCC_Project/output/eoss3_hal_pkfb.o
LOAD /qorc-sdk/qf_apps/qf_wbfpga_pio/GCC_Project/output/eoss3_hal_rtc.o
LOAD /qorc-sdk/qf_apps/qf_wbfpga_pio/GCC_Project/output/eoss3_hal_sdma.o
LOAD /qorc-sdk/qf_apps/qf_wbfpga_pio/GCC_Project/output/eoss3_hal_spi.o
LOAD /qorc-sdk/qf_apps/qf_wbfpga_pio/GCC_Project/output/eoss3_hal_timer.o
LOAD /qorc-sdk/qf_apps/qf_wbfpga_pio/GCC_Project/output/eoss3_hal_uart.o
LOAD /qorc-sdk/qf_apps/qf_wbfpga_pio/GCC_Project/output/eoss3_hal_wb.o
LOAD /qorc-sdk/qf_apps/qf_wbfpga_pio/GCC_Project/output/eoss3_hal_wdt.o
LOAD /qorc-sdk/qf_apps/qf_wbfpga_pio/GCC_Project/output/event_groups.o
LOAD /qorc-sdk/qf_apps/qf_wbfpga_pio/GCC_Project/output/exceptions.o
LOAD /qorc-sdk/qf_apps/qf_wbfpga_pio/GCC_Project/output/ff_crc.o
LOAD /qorc-sdk/qf_apps/qf_wbfpga_pio/GCC_Project/output/ff_dir.o
LOAD /qorc-sdk/qf_apps/qf_wbfpga_pio/GCC_Project/output/ff_dir_apis.o
LOAD /qorc-sdk/qf_apps/qf_wbfpga_pio/GCC_Project/output/ff_error.o
LOAD /qorc-sdk/qf_apps/qf_wbfpga_pio/GCC_Project/output/ff_fat.o
LOAD /qorc-sdk/qf_apps/qf_wbfpga_pio/GCC_Project/output/ff_file.o
LOAD /qorc-sdk/qf_apps/qf_wbfpga_pio/GCC_Project/output/ff_format.o
LOAD /qorc-sdk/qf_apps/qf_wbfpga_pio/GCC_Project/output/ff_ioman.o
LOAD /qorc-sdk/qf_apps/qf_wbfpga_pio/GCC_Project/output/ff_locking.o
LOAD /qorc-sdk/qf_apps/qf_wbfpga_pio/GCC_Project/output/ff_memory.o
LOAD /qorc-sdk/qf_apps/qf_wbfpga_pio/GCC_Project/output/ff_ramdisk.o
LOAD /qorc-sdk/qf_apps/qf_wbfpga_pio/GCC_Project/output/ff_stdio.o
LOAD /qorc-sdk/qf_apps/qf_wbfpga_pio/GCC_Project/output/ff_string.o
LOAD /qorc-sdk/qf_apps/qf_wbfpga_pio/GCC_Project/output/ff_sys.o
LOAD /qorc-sdk/qf_apps/qf_wbfpga_pio/GCC_Project/output/ff_test_apis.o
LOAD /qorc-sdk/qf_apps/qf_wbfpga_pio/GCC_Project/output/ff_time.o
LOAD /qorc-sdk/qf_apps/qf_wbfpga_pio/GCC_Project/output/fpga_fifoctrl.o
LOAD /qorc-sdk/qf_apps/qf_wbfpga_pio/GCC_Project/output/fpga_loader.o
LOAD /qorc-sdk/qf_apps/qf_wbfpga_pio/GCC_Project/output/freeRTOSFs_test.o
LOAD /qorc-sdk/qf_apps/qf_wbfpga_pio/GCC_Project/output/freertos_static_memory.o
LOAD /qorc-sdk/qf_apps/qf_wbfpga_pio/GCC_Project/output/heap_4.o
LOAD /qorc-sdk/qf_apps/qf_wbfpga_pio/GCC_Project/output/hearable_pwrcfg.o
LOAD /qorc-sdk/qf_apps/qf_wbfpga_pio/GCC_Project/output/leds.o
LOAD /qorc-sdk/qf_apps/qf_wbfpga_pio/GCC_Project/output/list.o
LOAD /qorc-sdk/qf_apps/qf_wbfpga_pio/GCC_Project/output/main.o
LOAD /qorc-sdk/qf_apps/qf_wbfpga_pio/GCC_Project/output/main_dbg_cli_menu.o
LOAD /qorc-sdk/qf_apps/qf_wbfpga_pio/GCC_Project/output/mc3635.o
LOAD /qorc-sdk/qf_apps/qf_wbfpga_pio/GCC_Project/output/media_drv_spi.o
LOAD /qorc-sdk/qf_apps/qf_wbfpga_pio/GCC_Project/output/media_drv_spi_sd.o
LOAD /qorc-sdk/qf_apps/qf_wbfpga_pio/GCC_Project/output/micro_tick64.o
LOAD /qorc-sdk/qf_apps/qf_wbfpga_pio/GCC_Project/output/mmc_s3.o
LOAD /qorc-sdk/qf_apps/qf_wbfpga_pio/GCC_Project/output/pincfg_table.o
LOAD /qorc-sdk/qf_apps/qf_wbfpga_pio/GCC_Project/output/port.o
LOAD /qorc-sdk/qf_apps/qf_wbfpga_pio/GCC_Project/output/qf_baremetalsetup.o
LOAD /qorc-sdk/qf_apps/qf_wbfpga_pio/GCC_Project/output/qf_hardwaresetup.o
LOAD /qorc-sdk/qf_apps/qf_wbfpga_pio/GCC_Project/output/ql_base64.o
LOAD /qorc-sdk/qf_apps/qf_wbfpga_pio/GCC_Project/output/ql_fs.o
LOAD /qorc-sdk/qf_apps/qf_wbfpga_pio/GCC_Project/output/ql_stackwatermark.o
LOAD /qorc-sdk/qf_apps/qf_wbfpga_pio/GCC_Project/output/ql_test_signals.o
LOAD /qorc-sdk/qf_apps/qf_wbfpga_pio/GCC_Project/output/ql_time.o
LOAD /qorc-sdk/qf_apps/qf_wbfpga_pio/GCC_Project/output/queue.o
LOAD /qorc-sdk/qf_apps/qf_wbfpga_pio/GCC_Project/output/s3x_clock.o
LOAD /qorc-sdk/qf_apps/qf_wbfpga_pio/GCC_Project/output/s3x_clock_hal.o
LOAD /qorc-sdk/qf_apps/qf_wbfpga_pio/GCC_Project/output/s3x_cpuload.o
LOAD /qorc-sdk/qf_apps/qf_wbfpga_pio/GCC_Project/output/s3x_dfs.o
LOAD /qorc-sdk/qf_apps/qf_wbfpga_pio/GCC_Project/output/s3x_lpm.o
LOAD /qorc-sdk/qf_apps/qf_wbfpga_pio/GCC_Project/output/s3x_pi.o
LOAD /qorc-sdk/qf_apps/qf_wbfpga_pio/GCC_Project/output/s3x_pwrcfg.o
LOAD /qorc-sdk/qf_apps/qf_wbfpga_pio/GCC_Project/output/s3x_qos.o
LOAD /qorc-sdk/qf_apps/qf_wbfpga_pio/GCC_Project/output/sccb_if.o
LOAD /qorc-sdk/qf_apps/qf_wbfpga_pio/GCC_Project/output/sec_debug.o
LOAD /qorc-sdk/qf_apps/qf_wbfpga_pio/GCC_Project/output/spi_flash.o
LOAD /qorc-sdk/qf_apps/qf_wbfpga_pio/GCC_Project/output/startup_EOSS3B_GCC.o
LOAD /qorc-sdk/qf_apps/qf_wbfpga_pio/GCC_Project/output/stream_buffer.o
LOAD /qorc-sdk/qf_apps/qf_wbfpga_pio/GCC_Project/output/tasks.o
LOAD /qorc-sdk/qf_apps/qf_wbfpga_pio/GCC_Project/output/timers.o
LOAD /qorc-sdk/qf_apps/qf_wbfpga_pio/GCC_Project/output/vectors_CM4F_gcc.o
LOAD /qorc-sdk/qf_apps/qf_wbfpga_pio/GCC_Project/output/watchdog.o
LOAD /usr/lib/gcc/arm-none-eabi/7.3.1/../../../arm-none-eabi/lib/thumb/v7e-m/fpv4-sp/hard/libm.a
LOAD /usr/lib/gcc/arm-none-eabi/7.3.1/../../../arm-none-eabi/lib/thumb/v7e-m/fpv4-sp/hard/libm.a
LOAD /qorc-sdk/qf_apps/qf_wbfpga_pio/GCC_Project/../../../Libraries/CMSIS/lib/GCC/libarm_cortexM4lf_math.a
START GROUP
LOAD /usr/lib/gcc/arm-none-eabi/7.3.1/thumb/v7e-m/fpv4-sp/hard/libgcc.a
LOAD /usr/lib/gcc/arm-none-eabi/7.3.1/../../../arm-none-eabi/lib/thumb/v7e-m/fpv4-sp/hard/libg_nano.a
LOAD /usr/lib/gcc/arm-none-eabi/7.3.1/../../../arm-none-eabi/lib/thumb/v7e-m/fpv4-sp/hard/libc_nano.a
END GROUP
START GROUP
LOAD /usr/lib/gcc/arm-none-eabi/7.3.1/thumb/v7e-m/fpv4-sp/hard/libgcc.a
LOAD /usr/lib/gcc/arm-none-eabi/7.3.1/../../../arm-none-eabi/lib/thumb/v7e-m/fpv4-sp/hard/libc_nano.a
LOAD /usr/lib/gcc/arm-none-eabi/7.3.1/../../../arm-none-eabi/lib/thumb/v7e-m/fpv4-sp/hard/libnosys.a
END GROUP
START GROUP
LOAD /usr/lib/gcc/arm-none-eabi/7.3.1/thumb/v7e-m/fpv4-sp/hard/libgcc.a
LOAD /usr/lib/gcc/arm-none-eabi/7.3.1/../../../arm-none-eabi/lib/thumb/v7e-m/fpv4-sp/hard/libc_nano.a
LOAD /usr/lib/gcc/arm-none-eabi/7.3.1/../../../arm-none-eabi/lib/thumb/v7e-m/fpv4-sp/hard/libnosys.a
END GROUP
LOAD /usr/lib/gcc/arm-none-eabi/7.3.1/thumb/v7e-m/fpv4-sp/hard/crtend.o
LOAD /usr/lib/gcc/arm-none-eabi/7.3.1/thumb/v7e-m/fpv4-sp/hard/crtn.o

.text           0x0000000000000000     0xcfc4
 *(.isr_vector)
 .isr_vector    0x0000000000000000      0x124 /qorc-sdk/qf_apps/qf_wbfpga_pio/GCC_Project/output/vectors_CM4F_gcc.o
                0x0000000000000000                __Vectors
 *(.text*)
 .text          0x0000000000000124       0x88 /usr/lib/gcc/arm-none-eabi/7.3.1/thumb/v7e-m/fpv4-sp/hard/crtbegin.o
 .text          0x00000000000001ac       0x68 /usr/lib/gcc/arm-none-eabi/7.3.1/../../../arm-none-eabi/lib/thumb/v7e-m/fpv4-sp/hard/crt0.o
                0x00000000000001ac                _mainCRTStartup
                0x00000000000001ac                _start
 .text._write   0x0000000000000214        0xe /qorc-sdk/qf_apps/qf_wbfpga_pio/GCC_Project/output/c_lib_retarget.o
                0x0000000000000214                _write
 .text._close   0x0000000000000222        0x6 /qorc-sdk/qf_apps/qf_wbfpga_pio/GCC_Project/output/c_lib_retarget.o
                0x0000000000000222                _close
 .text._lseek   0x0000000000000228        0x4 /qorc-sdk/qf_apps/qf_wbfpga_pio/GCC_Project/output/c_lib_retarget.o
                0x0000000000000228                _lseek
 .text._read    0x000000000000022c        0x4 /qorc-sdk/qf_apps/qf_wbfpga_pio/GCC_Project/output/c_lib_retarget.o
                0x000000000000022c                _read
 .text.__debug_lockup
                0x0000000000000230       0x14 /qorc-sdk/qf_apps/qf_wbfpga_pio/GCC_Project/output/dbg_uart.o
 .text._semihost_write
                0x0000000000000244       0x54 /qorc-sdk/qf_apps/qf_wbfpga_pio/GCC_Project/output/dbg_uart.o
                0x0000000000000244                _semihost_write
 .text.dbg_ch_raw
                0x0000000000000298       0x74 /qorc-sdk/qf_apps/qf_wbfpga_pio/GCC_Project/output/dbg_uart.o
                0x0000000000000298                dbg_ch_raw
 .text.dbg_nl   0x000000000000030c       0x12 /qorc-sdk/qf_apps/qf_wbfpga_pio/GCC_Project/output/dbg_uart.o
                0x000000000000030c                dbg_nl
 .text.dbg_ch   0x000000000000031e        0xc /qorc-sdk/qf_apps/qf_wbfpga_pio/GCC_Project/output/dbg_uart.o
                0x000000000000031e                dbg_ch
 .text.dbg_hex4
                0x000000000000032a       0x14 /qorc-sdk/qf_apps/qf_wbfpga_pio/GCC_Project/output/dbg_uart.o
 .text.dbg_hex8
                0x000000000000033e       0x14 /qorc-sdk/qf_apps/qf_wbfpga_pio/GCC_Project/output/dbg_uart.o
                0x000000000000033e                dbg_hex8
 .text.dbg_hex16
                0x0000000000000352       0x14 /qorc-sdk/qf_apps/qf_wbfpga_pio/GCC_Project/output/dbg_uart.o
                0x0000000000000352                dbg_hex16
 .text.dbg_hex32
                0x0000000000000366       0x14 /qorc-sdk/qf_apps/qf_wbfpga_pio/GCC_Project/output/dbg_uart.o
                0x0000000000000366                dbg_hex32
 .text._dbg_int
                0x000000000000037a       0x20 /qorc-sdk/qf_apps/qf_wbfpga_pio/GCC_Project/output/dbg_uart.o
 .text.dbg_memdumpx
                0x000000000000039a       0xde /qorc-sdk/qf_apps/qf_wbfpga_pio/GCC_Project/output/dbg_uart.o
 .text.dbg_str  0x0000000000000478       0x84 /qorc-sdk/qf_apps/qf_wbfpga_pio/GCC_Project/output/dbg_uart.o
                0x0000000000000478                dbg_str
 .text._dbg_str_xxx
                0x00000000000004fc       0x16 /qorc-sdk/qf_apps/qf_wbfpga_pio/GCC_Project/output/dbg_uart.o
 .text.dbg_str_hexXX
                0x0000000000000512       0x22 /qorc-sdk/qf_apps/qf_wbfpga_pio/GCC_Project/output/dbg_uart.o
 .text.dbg_int  0x0000000000000534       0x24 /qorc-sdk/qf_apps/qf_wbfpga_pio/GCC_Project/output/dbg_uart.o
                0x0000000000000534                dbg_int
 .text.dbg_str_str
                0x0000000000000558       0x16 /qorc-sdk/qf_apps/qf_wbfpga_pio/GCC_Project/output/dbg_uart.o
                0x0000000000000558                dbg_str_str
 .text.dbg_str_int
                0x000000000000056e       0x16 /qorc-sdk/qf_apps/qf_wbfpga_pio/GCC_Project/output/dbg_uart.o
                0x000000000000056e                dbg_str_int
 .text.dbg_str_int_noln
                0x0000000000000584       0x12 /qorc-sdk/qf_apps/qf_wbfpga_pio/GCC_Project/output/dbg_uart.o
                0x0000000000000584                dbg_str_int_noln
 *fill*         0x0000000000000596        0x2 
 .text.dbg_str_hex32
                0x0000000000000598        0xc /qorc-sdk/qf_apps/qf_wbfpga_pio/GCC_Project/output/dbg_uart.o
                0x0000000000000598                dbg_str_hex32
 .text.dbg_fatal_error
                0x00000000000005a4       0x12 /qorc-sdk/qf_apps/qf_wbfpga_pio/GCC_Project/output/dbg_uart.o
                0x00000000000005a4                dbg_fatal_error
 .text.dbg_fatal_error_int
                0x00000000000005b6        0xe /qorc-sdk/qf_apps/qf_wbfpga_pio/GCC_Project/output/dbg_uart.o
                0x00000000000005b6                dbg_fatal_error_int
 .text.dbg_memdump32
                0x00000000000005c4       0x1e /qorc-sdk/qf_apps/qf_wbfpga_pio/GCC_Project/output/dbg_uart.o
                0x00000000000005c4                dbg_memdump32
 *fill*         0x00000000000005e2        0x2 
 .text.HAL_I2C_SetClockFreq
                0x00000000000005e4       0x84 /qorc-sdk/qf_apps/qf_wbfpga_pio/GCC_Project/output/eoss3_hal_i2c.o
                0x00000000000005e4                HAL_I2C_SetClockFreq
 .text.HAL_I2C_Init
                0x0000000000000668       0x64 /qorc-sdk/qf_apps/qf_wbfpga_pio/GCC_Project/output/eoss3_hal_i2c.o
                0x0000000000000668                HAL_I2C_Init
 .text.HAL_I2C_WriteRawData
                0x00000000000006cc      0x104 /qorc-sdk/qf_apps/qf_wbfpga_pio/GCC_Project/output/eoss3_hal_i2c.o
                0x00000000000006cc                HAL_I2C_WriteRawData
 .text.HAL_PAD_Config
                0x00000000000007d0      0x194 /qorc-sdk/qf_apps/qf_wbfpga_pio/GCC_Project/output/eoss3_hal_pad_config.o
                0x00000000000007d0                HAL_PAD_Config
 .text.configure_s3_pads
                0x0000000000000964       0x1a /qorc-sdk/qf_apps/qf_wbfpga_pio/GCC_Project/output/eoss3_hal_pad_config.o
                0x0000000000000964                configure_s3_pads
 *fill*         0x000000000000097e        0x2 
 .text.eoss3_rtc_enable_irq
                0x0000000000000980       0x28 /qorc-sdk/qf_apps/qf_wbfpga_pio/GCC_Project/output/eoss3_hal_rtc.o
 .text.write_rtc_reg
                0x00000000000009a8       0x18 /qorc-sdk/qf_apps/qf_wbfpga_pio/GCC_Project/output/eoss3_hal_rtc.o
 .text.__rtc_setup_alarm.isra.0
                0x00000000000009c0       0x44 /qorc-sdk/qf_apps/qf_wbfpga_pio/GCC_Project/output/eoss3_hal_rtc.o
 .text.HAL_RTC_ISR
                0x0000000000000a04       0x24 /qorc-sdk/qf_apps/qf_wbfpga_pio/GCC_Project/output/eoss3_hal_rtc.o
                0x0000000000000a04                HAL_RTC_ISR
 .text.unlock_spi1_bus
                0x0000000000000a28       0x5c /qorc-sdk/qf_apps/qf_wbfpga_pio/GCC_Project/output/eoss3_hal_spi.o
                0x0000000000000a28                unlock_spi1_bus
 .text.SPI_DMA_Complete
                0x0000000000000a84       0x88 /qorc-sdk/qf_apps/qf_wbfpga_pio/GCC_Project/output/eoss3_hal_spi.o
                0x0000000000000a84                SPI_DMA_Complete
 .text.HAL_SPI_IRQHandler
                0x0000000000000b0c       0x6c /qorc-sdk/qf_apps/qf_wbfpga_pio/GCC_Project/output/eoss3_hal_spi.o
                0x0000000000000b0c                HAL_SPI_IRQHandler
 .text.HAL_Delay_Init
                0x0000000000000b78       0x54 /qorc-sdk/qf_apps/qf_wbfpga_pio/GCC_Project/output/eoss3_hal_timer.o
                0x0000000000000b78                HAL_Delay_Init
 .text.HAL_Timer_ISR
                0x0000000000000bcc       0x88 /qorc-sdk/qf_apps/qf_wbfpga_pio/GCC_Project/output/eoss3_hal_timer.o
                0x0000000000000bcc                HAL_Timer_ISR
 .text.uart_baud_rate
                0x0000000000000c54       0xa0 /qorc-sdk/qf_apps/qf_wbfpga_pio/GCC_Project/output/eoss3_hal_uart.o
 .text.is_hw_uart_enabled
                0x0000000000000cf4       0x20 /qorc-sdk/qf_apps/qf_wbfpga_pio/GCC_Project/output/eoss3_hal_uart.o
 .text.uart_disable
                0x0000000000000d14       0x1c /qorc-sdk/qf_apps/qf_wbfpga_pio/GCC_Project/output/eoss3_hal_uart.o
 .text.uart_lpm_callback
                0x0000000000000d30       0x70 /qorc-sdk/qf_apps/qf_wbfpga_pio/GCC_Project/output/eoss3_hal_uart.o
 .text.uart_init
                0x0000000000000da0      0x178 /qorc-sdk/qf_apps/qf_wbfpga_pio/GCC_Project/output/eoss3_hal_uart.o
                0x0000000000000da0                uart_init
 .text.uart_isr_handler
                0x0000000000000f18       0x84 /qorc-sdk/qf_apps/qf_wbfpga_pio/GCC_Project/output/eoss3_hal_uart.o
                0x0000000000000f18                uart_isr_handler
 .text.uart_tx_raw
                0x0000000000000f9c       0x38 /qorc-sdk/qf_apps/qf_wbfpga_pio/GCC_Project/output/eoss3_hal_uart.o
                0x0000000000000f9c                uart_tx_raw
 .text.uart_tx  0x0000000000000fd4       0x1c /qorc-sdk/qf_apps/qf_wbfpga_pio/GCC_Project/output/eoss3_hal_uart.o
                0x0000000000000fd4                uart_tx
 .text.uart_tx_buf
                0x0000000000000ff0       0x1a /qorc-sdk/qf_apps/qf_wbfpga_pio/GCC_Project/output/eoss3_hal_uart.o
                0x0000000000000ff0                uart_tx_buf
 *fill*         0x000000000000100a        0x2 
 .text.HAL_WB_Transmit
                0x000000000000100c       0x3c /qorc-sdk/qf_apps/qf_wbfpga_pio/GCC_Project/output/eoss3_hal_wb.o
                0x000000000000100c                HAL_WB_Transmit
 .text.HAL_WB_Receive
                0x0000000000001048       0x44 /qorc-sdk/qf_apps/qf_wbfpga_pio/GCC_Project/output/eoss3_hal_wb.o
                0x0000000000001048                HAL_WB_Receive
 .text.HAL_WB_Init
                0x000000000000108c      0x10c /qorc-sdk/qf_apps/qf_wbfpga_pio/GCC_Project/output/eoss3_hal_wb.o
                0x000000000000108c                HAL_WB_Init
 .text.WDT_ISR  0x0000000000001198       0x8c /qorc-sdk/qf_apps/qf_wbfpga_pio/GCC_Project/output/eoss3_hal_wdt.o
                0x0000000000001198                WDT_ISR
 .text.spurious_interrupt
                0x0000000000001224        0xc /qorc-sdk/qf_apps/qf_wbfpga_pio/GCC_Project/output/exceptions.o
 .text.prvGetRegistersFromStack
                0x0000000000001230       0xf0 /qorc-sdk/qf_apps/qf_wbfpga_pio/GCC_Project/output/exceptions.o
                0x0000000000001230                prvGetRegistersFromStack
 .text.HardFault_Handler
                0x0000000000001320       0x16 /qorc-sdk/qf_apps/qf_wbfpga_pio/GCC_Project/output/exceptions.o
                0x0000000000001320                HardFault_Handler
 .text.NMI_Handler
                0x0000000000001336        0x6 /qorc-sdk/qf_apps/qf_wbfpga_pio/GCC_Project/output/exceptions.o
                0x0000000000001336                NMI_Handler
 .text.MemManage_Handler
                0x000000000000133c        0x6 /qorc-sdk/qf_apps/qf_wbfpga_pio/GCC_Project/output/exceptions.o
                0x000000000000133c                MemManage_Handler
 .text.BusFault_Handler
                0x0000000000001342        0x6 /qorc-sdk/qf_apps/qf_wbfpga_pio/GCC_Project/output/exceptions.o
                0x0000000000001342                BusFault_Handler
 .text.UsageFault_Handler
                0x0000000000001348        0x6 /qorc-sdk/qf_apps/qf_wbfpga_pio/GCC_Project/output/exceptions.o
                0x0000000000001348                UsageFault_Handler
 .text.DebugMon_Handler
                0x000000000000134e        0x6 /qorc-sdk/qf_apps/qf_wbfpga_pio/GCC_Project/output/exceptions.o
                0x000000000000134e                DebugMon_Handler
 .text.Uart_Handler
                0x0000000000001354       0x50 /qorc-sdk/qf_apps/qf_wbfpga_pio/GCC_Project/output/exceptions.o
                0x0000000000001354                Uart_Handler
 .text.Timer_Handler
                0x00000000000013a4       0x24 /qorc-sdk/qf_apps/qf_wbfpga_pio/GCC_Project/output/exceptions.o
                0x00000000000013a4                Timer_Handler
 .text.CpuWdtInt_Handler
                0x00000000000013c8       0x24 /qorc-sdk/qf_apps/qf_wbfpga_pio/GCC_Project/output/exceptions.o
                0x00000000000013c8                CpuWdtInt_Handler
 .text.CpuWdtRst_Handler
                0x00000000000013ec        0x6 /qorc-sdk/qf_apps/qf_wbfpga_pio/GCC_Project/output/exceptions.o
                0x00000000000013ec                CpuWdtRst_Handler
 .text.BusTimeout_Handler
                0x00000000000013f2        0x6 /qorc-sdk/qf_apps/qf_wbfpga_pio/GCC_Project/output/exceptions.o
                0x00000000000013f2                BusTimeout_Handler
 .text.Fpu_Handler
                0x00000000000013f8        0x6 /qorc-sdk/qf_apps/qf_wbfpga_pio/GCC_Project/output/exceptions.o
                0x00000000000013f8                Fpu_Handler
 *fill*         0x00000000000013fe        0x2 
 .text.Pkfb_Handler
                0x0000000000001400       0x10 /qorc-sdk/qf_apps/qf_wbfpga_pio/GCC_Project/output/exceptions.o
                0x0000000000001400                Pkfb_Handler
 .text.I2s_Handler
                0x0000000000001410        0x6 /qorc-sdk/qf_apps/qf_wbfpga_pio/GCC_Project/output/exceptions.o
                0x0000000000001410                I2s_Handler
 .text.Audio_Handler
                0x0000000000001416        0x6 /qorc-sdk/qf_apps/qf_wbfpga_pio/GCC_Project/output/exceptions.o
                0x0000000000001416                Audio_Handler
 .text.SpiMs_Handler
                0x000000000000141c       0x5c /qorc-sdk/qf_apps/qf_wbfpga_pio/GCC_Project/output/exceptions.o
                0x000000000000141c                SpiMs_Handler
 .text.CfgDma_Handler
                0x0000000000001478       0x28 /qorc-sdk/qf_apps/qf_wbfpga_pio/GCC_Project/output/exceptions.o
                0x0000000000001478                CfgDma_Handler
 .text.PmuTimer_Handler
                0x00000000000014a0        0x2 /qorc-sdk/qf_apps/qf_wbfpga_pio/GCC_Project/output/exceptions.o
                0x00000000000014a0                PmuTimer_Handler
 .text.AdcDone_Handler
                0x00000000000014a2        0x8 /qorc-sdk/qf_apps/qf_wbfpga_pio/GCC_Project/output/exceptions.o
                0x00000000000014a2                AdcDone_Handler
 *fill*         0x00000000000014aa        0x2 
 .text.RtcAlarm_Handler
                0x00000000000014ac       0x1c /qorc-sdk/qf_apps/qf_wbfpga_pio/GCC_Project/output/exceptions.o
                0x00000000000014ac                RtcAlarm_Handler
 .text.ResetInt_Handler
                0x00000000000014c8        0x8 /qorc-sdk/qf_apps/qf_wbfpga_pio/GCC_Project/output/exceptions.o
                0x00000000000014c8                ResetInt_Handler
 .text.Ffe0_Handler
                0x00000000000014d0       0x18 /qorc-sdk/qf_apps/qf_wbfpga_pio/GCC_Project/output/exceptions.o
                0x00000000000014d0                Ffe0_Handler
 .text.FbMsg_Handler
                0x00000000000014e8       0x70 /qorc-sdk/qf_apps/qf_wbfpga_pio/GCC_Project/output/exceptions.o
                0x00000000000014e8                FbMsg_Handler
 .text.M4SramSleep_Handler
                0x0000000000001558        0x8 /qorc-sdk/qf_apps/qf_wbfpga_pio/GCC_Project/output/exceptions.o
                0x0000000000001558                M4SramSleep_Handler
 .text.LDO30_PG_Handler
                0x0000000000001560        0x8 /qorc-sdk/qf_apps/qf_wbfpga_pio/GCC_Project/output/exceptions.o
                0x0000000000001560                LDO30_PG_Handler
 .text.LDO50_PG_Handler
                0x0000000000001568        0x8 /qorc-sdk/qf_apps/qf_wbfpga_pio/GCC_Project/output/exceptions.o
                0x0000000000001568                LDO50_PG_Handler
 .text.DMIC_Voice_Det_Handler
                0x0000000000001570        0x8 /qorc-sdk/qf_apps/qf_wbfpga_pio/GCC_Project/output/exceptions.o
                0x0000000000001570                DMIC_Voice_Det_Handler
 .text.ApPDMClkOn_Handler
                0x0000000000001578        0x8 /qorc-sdk/qf_apps/qf_wbfpga_pio/GCC_Project/output/exceptions.o
                0x0000000000001578                ApPDMClkOn_Handler
 .text.ApPDMClkOff_Handler
                0x0000000000001580        0x8 /qorc-sdk/qf_apps/qf_wbfpga_pio/GCC_Project/output/exceptions.o
                0x0000000000001580                ApPDMClkOff_Handler
 .text.Dmac0BlkDone_Handler
                0x0000000000001588        0x8 /qorc-sdk/qf_apps/qf_wbfpga_pio/GCC_Project/output/exceptions.o
                0x0000000000001588                Dmac0BlkDone_Handler
 .text.Dmac0BufDone_Handler
                0x0000000000001590        0x8 /qorc-sdk/qf_apps/qf_wbfpga_pio/GCC_Project/output/exceptions.o
                0x0000000000001590                Dmac0BufDone_Handler
 .text.Dmac1BlkDone_Handler
                0x0000000000001598        0x8 /qorc-sdk/qf_apps/qf_wbfpga_pio/GCC_Project/output/exceptions.o
                0x0000000000001598                Dmac1BlkDone_Handler
 .text.Dmac1BufDone_Handler
                0x00000000000015a0        0x8 /qorc-sdk/qf_apps/qf_wbfpga_pio/GCC_Project/output/exceptions.o
                0x00000000000015a0                Dmac1BufDone_Handler
 .text.Sdma0Done_Handler
                0x00000000000015a8        0x8 /qorc-sdk/qf_apps/qf_wbfpga_pio/GCC_Project/output/exceptions.o
                0x00000000000015a8                Sdma0Done_Handler
 .text.Sdma1Done_Handler
                0x00000000000015b0        0x8 /qorc-sdk/qf_apps/qf_wbfpga_pio/GCC_Project/output/exceptions.o
                0x00000000000015b0                Sdma1Done_Handler
 .text.Sdma2Done_Handler
                0x00000000000015b8        0x8 /qorc-sdk/qf_apps/qf_wbfpga_pio/GCC_Project/output/exceptions.o
                0x00000000000015b8                Sdma2Done_Handler
 .text.Sdma3Done_Handler
                0x00000000000015c0        0x8 /qorc-sdk/qf_apps/qf_wbfpga_pio/GCC_Project/output/exceptions.o
                0x00000000000015c0                Sdma3Done_Handler
 .text.Sdma4Done_Handler
                0x00000000000015c8        0x8 /qorc-sdk/qf_apps/qf_wbfpga_pio/GCC_Project/output/exceptions.o
                0x00000000000015c8                Sdma4Done_Handler
 .text.Sdma5Done_Handler
                0x00000000000015d0        0x8 /qorc-sdk/qf_apps/qf_wbfpga_pio/GCC_Project/output/exceptions.o
                0x00000000000015d0                Sdma5Done_Handler
 .text.Sdma6Done_Handler
                0x00000000000015d8        0x8 /qorc-sdk/qf_apps/qf_wbfpga_pio/GCC_Project/output/exceptions.o
                0x00000000000015d8                Sdma6Done_Handler
 .text.Sdma7Done_Handler
                0x00000000000015e0        0x8 /qorc-sdk/qf_apps/qf_wbfpga_pio/GCC_Project/output/exceptions.o
                0x00000000000015e0                Sdma7Done_Handler
 .text.Sdma8Done_Handler
                0x00000000000015e8        0x8 /qorc-sdk/qf_apps/qf_wbfpga_pio/GCC_Project/output/exceptions.o
                0x00000000000015e8                Sdma8Done_Handler
 .text.Sdma9Done_Handler
                0x00000000000015f0        0x8 /qorc-sdk/qf_apps/qf_wbfpga_pio/GCC_Project/output/exceptions.o
                0x00000000000015f0                Sdma9Done_Handler
 .text.Sdma10Done_Handler
                0x00000000000015f8        0x8 /qorc-sdk/qf_apps/qf_wbfpga_pio/GCC_Project/output/exceptions.o
                0x00000000000015f8                Sdma10Done_Handler
 .text.Sdma11Done_Handler
                0x0000000000001600        0x8 /qorc-sdk/qf_apps/qf_wbfpga_pio/GCC_Project/output/exceptions.o
                0x0000000000001600                Sdma11Done_Handler
 .text.SdmaErr_Handler
                0x0000000000001608        0x8 /qorc-sdk/qf_apps/qf_wbfpga_pio/GCC_Project/output/exceptions.o
                0x0000000000001608                SdmaErr_Handler
 .text.I2S_SlvM4TxOr_Handler
                0x0000000000001610        0x8 /qorc-sdk/qf_apps/qf_wbfpga_pio/GCC_Project/output/exceptions.o
                0x0000000000001610                I2S_SlvM4TxOr_Handler
 .text.SRAM_128KB_Handler
                0x0000000000001618        0x8 /qorc-sdk/qf_apps/qf_wbfpga_pio/GCC_Project/output/exceptions.o
                0x0000000000001618                SRAM_128KB_Handler
 .text.LPSD_Voice_Det_Handler
                0x0000000000001620        0x8 /qorc-sdk/qf_apps/qf_wbfpga_pio/GCC_Project/output/exceptions.o
                0x0000000000001620                LPSD_Voice_Det_Handler
 .text.FfeWdt_Handler
                0x0000000000001628        0x8 /qorc-sdk/qf_apps/qf_wbfpga_pio/GCC_Project/output/exceptions.o
                0x0000000000001628                FfeWdt_Handler
 .text.ApBoot_Handler
                0x0000000000001630        0x8 /qorc-sdk/qf_apps/qf_wbfpga_pio/GCC_Project/output/exceptions.o
                0x0000000000001630                ApBoot_Handler
 .text.SwInt2_Handler
                0x0000000000001638        0x8 /qorc-sdk/qf_apps/qf_wbfpga_pio/GCC_Project/output/exceptions.o
                0x0000000000001638                SwInt2_Handler
 .text.SwInt1_Handler
                0x0000000000001640       0x24 /qorc-sdk/qf_apps/qf_wbfpga_pio/GCC_Project/output/exceptions.o
                0x0000000000001640                SwInt1_Handler
 .text.Ffe0Msg_Handler
                0x0000000000001664        0x8 /qorc-sdk/qf_apps/qf_wbfpga_pio/GCC_Project/output/exceptions.o
                0x0000000000001664                Ffe0Msg_Handler
 .text.lpsdVoiceOffHandler
                0x000000000000166c        0x8 /qorc-sdk/qf_apps/qf_wbfpga_pio/GCC_Project/output/exceptions.o
                0x000000000000166c                lpsdVoiceOffHandler
 .text.dmicVoiceOffHandler
                0x0000000000001674        0x8 /qorc-sdk/qf_apps/qf_wbfpga_pio/GCC_Project/output/exceptions.o
                0x0000000000001674                dmicVoiceOffHandler
 .text.vApplicationMallocFailedHook
                0x000000000000167c       0x24 /qorc-sdk/qf_apps/qf_wbfpga_pio/GCC_Project/output/exceptions.o
                0x000000000000167c                vApplicationMallocFailedHook
 .text.vApplicationStackOverflowHook
                0x00000000000016a0       0x24 /qorc-sdk/qf_apps/qf_wbfpga_pio/GCC_Project/output/exceptions.o
                0x00000000000016a0                vApplicationStackOverflowHook
 .text.vApplicationTickHook
                0x00000000000016c4        0x2 /qorc-sdk/qf_apps/qf_wbfpga_pio/GCC_Project/output/exceptions.o
                0x00000000000016c4                vApplicationTickHook
 .text.vApplicationIdleHook
                0x00000000000016c6        0x2 /qorc-sdk/qf_apps/qf_wbfpga_pio/GCC_Project/output/exceptions.o
                0x00000000000016c6                vApplicationIdleHook
 .text.fpga_fifoctrl_init
                0x00000000000016c8       0x5c /qorc-sdk/qf_apps/qf_wbfpga_pio/GCC_Project/output/fpga_fifoctrl.o
                0x00000000000016c8                fpga_fifoctrl_init
 .text.fpga_setgpio
                0x0000000000001724        0xc /qorc-sdk/qf_apps/qf_wbfpga_pio/GCC_Project/output/fpga_fifoctrl.o
                0x0000000000001724                fpga_setgpio
 .text.fpga_getgpio
                0x0000000000001730        0xc /qorc-sdk/qf_apps/qf_wbfpga_pio/GCC_Project/output/fpga_fifoctrl.o
                0x0000000000001730                fpga_getgpio
 .text.fpga_gpio_setdir
                0x000000000000173c        0xc /qorc-sdk/qf_apps/qf_wbfpga_pio/GCC_Project/output/fpga_fifoctrl.o
                0x000000000000173c                fpga_gpio_setdir
 .text.fpga_setfifo
                0x0000000000001748       0x24 /qorc-sdk/qf_apps/qf_wbfpga_pio/GCC_Project/output/fpga_fifoctrl.o
                0x0000000000001748                fpga_setfifo
 .text.fpga_getfifo
                0x000000000000176c       0x38 /qorc-sdk/qf_apps/qf_wbfpga_pio/GCC_Project/output/fpga_fifoctrl.o
                0x000000000000176c                fpga_getfifo
 .text.fpga_getflag
                0x00000000000017a4       0x38 /qorc-sdk/qf_apps/qf_wbfpga_pio/GCC_Project/output/fpga_fifoctrl.o
                0x00000000000017a4                fpga_getflag
 .text.load_fpga
                0x00000000000017dc      0x118 /qorc-sdk/qf_apps/qf_wbfpga_pio/GCC_Project/output/fpga_loader.o
                0x00000000000017dc                load_fpga
 .text.prvInsertBlockIntoFreeList
                0x00000000000018f4       0x74 /qorc-sdk/qf_apps/qf_wbfpga_pio/GCC_Project/output/heap_4.o
 .text.pvPortMalloc
                0x0000000000001968      0x1a4 /qorc-sdk/qf_apps/qf_wbfpga_pio/GCC_Project/output/heap_4.o
                0x0000000000001968                pvPortMalloc
 .text.vPortFree
                0x0000000000001b0c       0xa0 /qorc-sdk/qf_apps/qf_wbfpga_pio/GCC_Project/output/heap_4.o
                0x0000000000001b0c                vPortFree
 .text.vListInitialise
                0x0000000000001bac       0x16 /qorc-sdk/qf_apps/qf_wbfpga_pio/GCC_Project/output/list.o
                0x0000000000001bac                vListInitialise
 .text.vListInitialiseItem
                0x0000000000001bc2        0x6 /qorc-sdk/qf_apps/qf_wbfpga_pio/GCC_Project/output/list.o
                0x0000000000001bc2                vListInitialiseItem
 .text.vListInsertEnd
                0x0000000000001bc8       0x18 /qorc-sdk/qf_apps/qf_wbfpga_pio/GCC_Project/output/list.o
                0x0000000000001bc8                vListInsertEnd
 .text.vListInsert
                0x0000000000001be0       0x2e /qorc-sdk/qf_apps/qf_wbfpga_pio/GCC_Project/output/list.o
                0x0000000000001be0                vListInsert
 .text.uxListRemove
                0x0000000000001c0e       0x22 /qorc-sdk/qf_apps/qf_wbfpga_pio/GCC_Project/output/list.o
                0x0000000000001c0e                uxListRemove
 .text.vTask1   0x0000000000001c30       0x20 /qorc-sdk/qf_apps/qf_wbfpga_pio/GCC_Project/output/main.o
                0x0000000000001c30                vTask1
 .text.vTask2   0x0000000000001c50       0x20 /qorc-sdk/qf_apps/qf_wbfpga_pio/GCC_Project/output/main.o
                0x0000000000001c50                vTask2
 .text.startup.main
                0x0000000000001c70      0x180 /qorc-sdk/qf_apps/qf_wbfpga_pio/GCC_Project/output/main.o
                0x0000000000001c70                main
 .text.SystemInit
                0x0000000000001df0        0x2 /qorc-sdk/qf_apps/qf_wbfpga_pio/GCC_Project/output/main.o
                0x0000000000001df0                SystemInit
 *fill*         0x0000000000001df2        0x2 
 .text.prvPortStartFirstTask
                0x0000000000001df4       0x28 /qorc-sdk/qf_apps/qf_wbfpga_pio/GCC_Project/output/port.o
 .text.vPortEnableVFP
                0x0000000000001e1c       0x14 /qorc-sdk/qf_apps/qf_wbfpga_pio/GCC_Project/output/port.o
 .text.prvTaskExitError
                0x0000000000001e30       0x50 /qorc-sdk/qf_apps/qf_wbfpga_pio/GCC_Project/output/port.o
 .text.pxPortInitialiseStack
                0x0000000000001e80       0x2c /qorc-sdk/qf_apps/qf_wbfpga_pio/GCC_Project/output/port.o
                0x0000000000001e80                pxPortInitialiseStack
 *fill*         0x0000000000001eac        0x4 
 .text.SVC_Handler
                0x0000000000001eb0       0x24 /qorc-sdk/qf_apps/qf_wbfpga_pio/GCC_Project/output/port.o
                0x0000000000001eb0                SVC_Handler
 .text.vPortEnterCritical
                0x0000000000001ed4       0x58 /qorc-sdk/qf_apps/qf_wbfpga_pio/GCC_Project/output/port.o
                0x0000000000001ed4                vPortEnterCritical
 .text.vPortExitCritical
                0x0000000000001f2c       0x3c /qorc-sdk/qf_apps/qf_wbfpga_pio/GCC_Project/output/port.o
                0x0000000000001f2c                vPortExitCritical
 *fill*         0x0000000000001f68        0x8 
 .text.PendSV_Handler
                0x0000000000001f70       0x64 /qorc-sdk/qf_apps/qf_wbfpga_pio/GCC_Project/output/port.o
                0x0000000000001f70                PendSV_Handler
 .text.xPortSysTickHandler
                0x0000000000001fd4       0x2c /qorc-sdk/qf_apps/qf_wbfpga_pio/GCC_Project/output/port.o
                0x0000000000001fd4                xPortSysTickHandler
 .text.xPortStartScheduler
                0x0000000000002000      0x158 /qorc-sdk/qf_apps/qf_wbfpga_pio/GCC_Project/output/port.o
                0x0000000000002000                xPortStartScheduler
 .text.vPortValidateInterruptPriority
                0x0000000000002158       0x7c /qorc-sdk/qf_apps/qf_wbfpga_pio/GCC_Project/output/port.o
                0x0000000000002158                vPortValidateInterruptPriority
 .text.system_init
                0x00000000000021d4       0x6c /qorc-sdk/qf_apps/qf_wbfpga_pio/GCC_Project/output/qf_hardwaresetup.o
                0x00000000000021d4                system_init
 .text.qf_hardwareSetup
                0x0000000000002240       0x74 /qorc-sdk/qf_apps/qf_wbfpga_pio/GCC_Project/output/qf_hardwaresetup.o
                0x0000000000002240                qf_hardwareSetup
 .text.prvIsQueueEmpty
                0x00000000000022b4       0x16 /qorc-sdk/qf_apps/qf_wbfpga_pio/GCC_Project/output/queue.o
 .text.prvCopyDataToQueue
                0x00000000000022ca       0x72 /qorc-sdk/qf_apps/qf_wbfpga_pio/GCC_Project/output/queue.o
 .text.prvCopyDataFromQueue
                0x000000000000233c       0x2a /qorc-sdk/qf_apps/qf_wbfpga_pio/GCC_Project/output/queue.o
 .text.prvUnlockQueue
                0x0000000000002366       0x70 /qorc-sdk/qf_apps/qf_wbfpga_pio/GCC_Project/output/queue.o
 *fill*         0x00000000000023d6        0x2 
 .text.xQueueGenericReset
                0x00000000000023d8       0x90 /qorc-sdk/qf_apps/qf_wbfpga_pio/GCC_Project/output/queue.o
                0x00000000000023d8                xQueueGenericReset
 .text.xQueueGenericCreate
                0x0000000000002468       0x74 /qorc-sdk/qf_apps/qf_wbfpga_pio/GCC_Project/output/queue.o
                0x0000000000002468                xQueueGenericCreate
 .text.xQueueGenericSend
                0x00000000000024dc      0x198 /qorc-sdk/qf_apps/qf_wbfpga_pio/GCC_Project/output/queue.o
                0x00000000000024dc                xQueueGenericSend
 .text.xQueueGenericSendFromISR
                0x0000000000002674       0xf0 /qorc-sdk/qf_apps/qf_wbfpga_pio/GCC_Project/output/queue.o
                0x0000000000002674                xQueueGenericSendFromISR
 .text.xQueueGenericSendFromISRDebug
                0x0000000000002764       0x30 /qorc-sdk/qf_apps/qf_wbfpga_pio/GCC_Project/output/queue.o
                0x0000000000002764                xQueueGenericSendFromISRDebug
 .text.xQueueGiveFromISR
                0x0000000000002794       0xdc /qorc-sdk/qf_apps/qf_wbfpga_pio/GCC_Project/output/queue.o
                0x0000000000002794                xQueueGiveFromISR
 .text.xQueueReceive
                0x0000000000002870      0x160 /qorc-sdk/qf_apps/qf_wbfpga_pio/GCC_Project/output/queue.o
                0x0000000000002870                xQueueReceive
 .text.xQueueSemaphoreTake
                0x00000000000029d0      0x1b0 /qorc-sdk/qf_apps/qf_wbfpga_pio/GCC_Project/output/queue.o
                0x00000000000029d0                xQueueSemaphoreTake
 .text.vQueueAddToRegistry
                0x0000000000002b80       0x24 /qorc-sdk/qf_apps/qf_wbfpga_pio/GCC_Project/output/queue.o
                0x0000000000002b80                vQueueAddToRegistry
 .text.vQueueWaitForMessageRestricted
                0x0000000000002ba4       0x46 /qorc-sdk/qf_apps/qf_wbfpga_pio/GCC_Project/output/queue.o
                0x0000000000002ba4                vQueueWaitForMessageRestricted
 .text.s3x_clkd_write_div
                0x0000000000002bea       0xa8 /qorc-sdk/qf_apps/qf_wbfpga_pio/GCC_Project/output/s3x_clock.o
 .text.s3x_clkd_read_div
                0x0000000000002c92       0x44 /qorc-sdk/qf_apps/qf_wbfpga_pio/GCC_Project/output/s3x_clock.o
 *fill*         0x0000000000002cd6        0x2 
 .text.s3x_clkd_cal_div
                0x0000000000002cd8       0x38 /qorc-sdk/qf_apps/qf_wbfpga_pio/GCC_Project/output/s3x_clock.o
 .text.S3x_Id_To_Domain
                0x0000000000002d10       0x1c /qorc-sdk/qf_apps/qf_wbfpga_pio/GCC_Project/output/s3x_clock.o
                0x0000000000002d10                S3x_Id_To_Domain
 .text.s3x_clkd_update_div_val
                0x0000000000002d2c       0x44 /qorc-sdk/qf_apps/qf_wbfpga_pio/GCC_Project/output/s3x_clock.o
                0x0000000000002d2c                s3x_clkd_update_div_val
 .text.s3x_clkd_update_fd_rate
                0x0000000000002d70        0xe /qorc-sdk/qf_apps/qf_wbfpga_pio/GCC_Project/output/s3x_clock.o
                0x0000000000002d70                s3x_clkd_update_fd_rate
 *fill*         0x0000000000002d7e        0x2 
 .text.s3x_clkd_update_sd_div
                0x0000000000002d80       0x54 /qorc-sdk/qf_apps/qf_wbfpga_pio/GCC_Project/output/s3x_clock.o
 .text.s3x_clkd_update_all_src_div
                0x0000000000002dd4       0xc8 /qorc-sdk/qf_apps/qf_wbfpga_pio/GCC_Project/output/s3x_clock.o
                0x0000000000002dd4                s3x_clkd_update_all_src_div
 .text.S3x_Clkd_Get_Hsosc_Rate
                0x0000000000002e9c       0x34 /qorc-sdk/qf_apps/qf_wbfpga_pio/GCC_Project/output/s3x_clock.o
                0x0000000000002e9c                S3x_Clkd_Get_Hsosc_Rate
 .text.S3x_Clkd_Change_Hsosc
                0x0000000000002ed0       0x70 /qorc-sdk/qf_apps/qf_wbfpga_pio/GCC_Project/output/s3x_clock.o
                0x0000000000002ed0                S3x_Clkd_Change_Hsosc
 .text.s3x_clkd_get_src_rate
                0x0000000000002f40       0x12 /qorc-sdk/qf_apps/qf_wbfpga_pio/GCC_Project/output/s3x_clock.o
                0x0000000000002f40                s3x_clkd_get_src_rate
 *fill*         0x0000000000002f52        0x2 
 .text.s3x_clkd_get_div
                0x0000000000002f54       0x60 /qorc-sdk/qf_apps/qf_wbfpga_pio/GCC_Project/output/s3x_clock.o
                0x0000000000002f54                s3x_clkd_get_div
 .text.s3x_clkd_srate
                0x0000000000002fb4      0x164 /qorc-sdk/qf_apps/qf_wbfpga_pio/GCC_Project/output/s3x_clock.o
 .text.s3x_clkd_grate
                0x0000000000003118       0x8c /qorc-sdk/qf_apps/qf_wbfpga_pio/GCC_Project/output/s3x_clock.o
 .text.s3x_clkd_set_src_div_st
                0x00000000000031a4       0x50 /qorc-sdk/qf_apps/qf_wbfpga_pio/GCC_Project/output/s3x_clock.o
 .text.s3x_update_clk_rate
                0x00000000000031f4       0xb0 /qorc-sdk/qf_apps/qf_wbfpga_pio/GCC_Project/output/s3x_clock.o
                0x00000000000031f4                s3x_update_clk_rate
 .text.s3x_clkd_get_gate_mask_st
                0x00000000000032a4       0x16 /qorc-sdk/qf_apps/qf_wbfpga_pio/GCC_Project/output/s3x_clock.o
                0x00000000000032a4                s3x_clkd_get_gate_mask_st
 *fill*         0x00000000000032ba        0x2 
 .text.s3x_clkd_set_gate_mask
                0x00000000000032bc       0x50 /qorc-sdk/qf_apps/qf_wbfpga_pio/GCC_Project/output/s3x_clock.o
                0x00000000000032bc                s3x_clkd_set_gate_mask
 .text.s3x_clkd_enable_gate
                0x000000000000330c       0x68 /qorc-sdk/qf_apps/qf_wbfpga_pio/GCC_Project/output/s3x_clock.o
 .text.s3x_clkd_disable_gate
                0x0000000000003374       0x54 /qorc-sdk/qf_apps/qf_wbfpga_pio/GCC_Project/output/s3x_clock.o
 .text._S3x_Clk_Enable
                0x00000000000033c8       0xb8 /qorc-sdk/qf_apps/qf_wbfpga_pio/GCC_Project/output/s3x_clock.o
                0x00000000000033c8                _S3x_Clk_Enable
 .text._S3x_Clk_Disable
                0x0000000000003480       0xc8 /qorc-sdk/qf_apps/qf_wbfpga_pio/GCC_Project/output/s3x_clock.o
                0x0000000000003480                _S3x_Clk_Disable
 .text._S3x_Clk_Get_Status
                0x0000000000003548       0x2c /qorc-sdk/qf_apps/qf_wbfpga_pio/GCC_Project/output/s3x_clock.o
                0x0000000000003548                _S3x_Clk_Get_Status
 .text._S3x_Clk_Get_Rate
                0x0000000000003574       0x28 /qorc-sdk/qf_apps/qf_wbfpga_pio/GCC_Project/output/s3x_clock.o
                0x0000000000003574                _S3x_Clk_Get_Rate
 .text._S3x_Clk_Set_Rate
                0x000000000000359c       0x48 /qorc-sdk/qf_apps/qf_wbfpga_pio/GCC_Project/output/s3x_clock.o
                0x000000000000359c                _S3x_Clk_Set_Rate
 .text.S3x_Clk_Init
                0x00000000000035e4      0x160 /qorc-sdk/qf_apps/qf_wbfpga_pio/GCC_Project/output/s3x_clock.o
                0x00000000000035e4                S3x_Clk_Init
 .text.S3x_Clk_Enable
                0x0000000000003744        0x4 /qorc-sdk/qf_apps/qf_wbfpga_pio/GCC_Project/output/s3x_clock_hal.o
                0x0000000000003744                S3x_Clk_Enable
 .text.S3x_Clk_Disable
                0x0000000000003748        0x4 /qorc-sdk/qf_apps/qf_wbfpga_pio/GCC_Project/output/s3x_clock_hal.o
                0x0000000000003748                S3x_Clk_Disable
 .text.S3x_Clk_Set_Rate
                0x000000000000374c        0x4 /qorc-sdk/qf_apps/qf_wbfpga_pio/GCC_Project/output/s3x_clock_hal.o
                0x000000000000374c                S3x_Clk_Set_Rate
 .text.S3x_Clk_Get_Rate
                0x0000000000003750        0x4 /qorc-sdk/qf_apps/qf_wbfpga_pio/GCC_Project/output/s3x_clock_hal.o
                0x0000000000003750                S3x_Clk_Get_Rate
 .text.DFS_cpuload
                0x0000000000003754       0x4c /qorc-sdk/qf_apps/qf_wbfpga_pio/GCC_Project/output/s3x_cpuload.o
                0x0000000000003754                DFS_cpuload
 .text.DFS_updatesleepticks
                0x00000000000037a0       0x10 /qorc-sdk/qf_apps/qf_wbfpga_pio/GCC_Project/output/s3x_cpuload.o
                0x00000000000037a0                DFS_updatesleepticks
 .text.DFS_resetsleepticks
                0x00000000000037b0        0xc /qorc-sdk/qf_apps/qf_wbfpga_pio/GCC_Project/output/s3x_cpuload.o
                0x00000000000037b0                DFS_resetsleepticks
 .text.DFS_UpdateTimer
                0x00000000000037bc       0x5c /qorc-sdk/qf_apps/qf_wbfpga_pio/GCC_Project/output/s3x_dfs.o
 .text.DFS_StartTimer
                0x0000000000003818       0x88 /qorc-sdk/qf_apps/qf_wbfpga_pio/GCC_Project/output/s3x_dfs.o
                0x0000000000003818                DFS_StartTimer
 .text.S3x_Set_Policy
                0x00000000000038a0       0xf8 /qorc-sdk/qf_apps/qf_wbfpga_pio/GCC_Project/output/s3x_dfs.o
                0x00000000000038a0                S3x_Set_Policy
 .text.S3x_get_max_rate_dfs_node
                0x0000000000003998       0x28 /qorc-sdk/qf_apps/qf_wbfpga_pio/GCC_Project/output/s3x_dfs.o
                0x0000000000003998                S3x_get_max_rate_dfs_node
 .text.S3x_Stepup_Policy
                0x00000000000039c0       0x80 /qorc-sdk/qf_apps/qf_wbfpga_pio/GCC_Project/output/s3x_dfs.o
 .text.DFS_TimerCB
                0x0000000000003a40        0xe /qorc-sdk/qf_apps/qf_wbfpga_pio/GCC_Project/output/s3x_dfs.o
 *fill*         0x0000000000003a4e        0x2 
 .text.s3x_get_index_in_dfs_node
                0x0000000000003a50       0x20 /qorc-sdk/qf_apps/qf_wbfpga_pio/GCC_Project/output/s3x_dfs.o
                0x0000000000003a50                s3x_get_index_in_dfs_node
 .text.s3x_get_policy_max_rate
                0x0000000000003a70       0x2c /qorc-sdk/qf_apps/qf_wbfpga_pio/GCC_Project/output/s3x_dfs.o
                0x0000000000003a70                s3x_get_policy_max_rate
 .text.DFS_Get_Curr_Policy
                0x0000000000003a9c        0xc /qorc-sdk/qf_apps/qf_wbfpga_pio/GCC_Project/output/s3x_dfs.o
                0x0000000000003a9c                DFS_Get_Curr_Policy
 .text.DFS_Initialize
                0x0000000000003aa8       0x14 /qorc-sdk/qf_apps/qf_wbfpga_pio/GCC_Project/output/s3x_dfs.o
                0x0000000000003aa8                DFS_Initialize
 .text.trace_this
                0x0000000000003abc       0x28 /qorc-sdk/qf_apps/qf_wbfpga_pio/GCC_Project/output/s3x_lpm.o
 .text.S3x_Register_Lpm_Cb
                0x0000000000003ae4       0x3c /qorc-sdk/qf_apps/qf_wbfpga_pio/GCC_Project/output/s3x_lpm.o
                0x0000000000003ae4                S3x_Register_Lpm_Cb
 .text.s3x_setup_systick_interrupt
                0x0000000000003b20       0x54 /qorc-sdk/qf_apps/qf_wbfpga_pio/GCC_Project/output/s3x_lpm.o
                0x0000000000003b20                s3x_setup_systick_interrupt
 .text.prvStopTickInterruptTimer
                0x0000000000003b74       0x10 /qorc-sdk/qf_apps/qf_wbfpga_pio/GCC_Project/output/s3x_lpm.o
                0x0000000000003b74                prvStopTickInterruptTimer
 .text.prvStartTickInterruptTimer
                0x0000000000003b84        0x8 /qorc-sdk/qf_apps/qf_wbfpga_pio/GCC_Project/output/s3x_lpm.o
                0x0000000000003b84                prvStartTickInterruptTimer
 .text.SysTick_Handler
                0x0000000000003b8c       0x12 /qorc-sdk/qf_apps/qf_wbfpga_pio/GCC_Project/output/s3x_lpm.o
                0x0000000000003b8c                SysTick_Handler
 .text.vPortSetupTimerInterrupt
                0x0000000000003b9e        0x6 /qorc-sdk/qf_apps/qf_wbfpga_pio/GCC_Project/output/s3x_lpm.o
                0x0000000000003b9e                vPortSetupTimerInterrupt
 .text.S3x_Pre_Lpm
                0x0000000000003ba4       0x20 /qorc-sdk/qf_apps/qf_wbfpga_pio/GCC_Project/output/s3x_lpm.o
                0x0000000000003ba4                S3x_Pre_Lpm
 .text.S3x_Post_Lpm
                0x0000000000003bc4       0x18 /qorc-sdk/qf_apps/qf_wbfpga_pio/GCC_Project/output/s3x_lpm.o
                0x0000000000003bc4                S3x_Post_Lpm
 .text.S3x_Lpm_Handler
                0x0000000000003bdc      0x2a4 /qorc-sdk/qf_apps/qf_wbfpga_pio/GCC_Project/output/s3x_lpm.o
                0x0000000000003bdc                S3x_Lpm_Handler
 .text.s3x_get_pi
                0x0000000000003e80       0x20 /qorc-sdk/qf_apps/qf_wbfpga_pio/GCC_Project/output/s3x_pi.o
                0x0000000000003e80                s3x_get_pi
 .text.s3x_get_pi_gindex
                0x0000000000003ea0       0x14 /qorc-sdk/qf_apps/qf_wbfpga_pio/GCC_Project/output/s3x_pi.o
                0x0000000000003ea0                s3x_get_pi_gindex
 .text.s3x_pi_get_st
                0x0000000000003eb4       0x26 /qorc-sdk/qf_apps/qf_wbfpga_pio/GCC_Project/output/s3x_pi.o
                0x0000000000003eb4                s3x_pi_get_st
 *fill*         0x0000000000003eda        0x2 
 .text.s3x_pi_set_cfg_st
                0x0000000000003edc       0x94 /qorc-sdk/qf_apps/qf_wbfpga_pio/GCC_Project/output/s3x_pi.o
                0x0000000000003edc                s3x_pi_set_cfg_st
 .text.s3x_pi_set_active_st
                0x0000000000003f70       0xa8 /qorc-sdk/qf_apps/qf_wbfpga_pio/GCC_Project/output/s3x_pi.o
                0x0000000000003f70                s3x_pi_set_active_st
 .text.s3x_pi_get_clkg_st
                0x0000000000004018       0x36 /qorc-sdk/qf_apps/qf_wbfpga_pio/GCC_Project/output/s3x_pi.o
                0x0000000000004018                s3x_pi_get_clkg_st
 .text.s3x_pi_set_clkg_st
                0x000000000000404e       0x26 /qorc-sdk/qf_apps/qf_wbfpga_pio/GCC_Project/output/s3x_pi.o
                0x000000000000404e                s3x_pi_set_clkg_st
 .text.s3x_set_pi_state
                0x0000000000004074        0xc /qorc-sdk/qf_apps/qf_wbfpga_pio/GCC_Project/output/s3x_pi.o
                0x0000000000004074                s3x_set_pi_state
 .text.s3x_get_pi_init_state
                0x0000000000004080       0x18 /qorc-sdk/qf_apps/qf_wbfpga_pio/GCC_Project/output/s3x_pi.o
                0x0000000000004080                s3x_get_pi_init_state
 .text.S3x_pi_init
                0x0000000000004098       0x20 /qorc-sdk/qf_apps/qf_wbfpga_pio/GCC_Project/output/s3x_pi.o
                0x0000000000004098                S3x_pi_init
 .text.S3x_pwrcfg_init
                0x00000000000040b8       0x2c /qorc-sdk/qf_apps/qf_wbfpga_pio/GCC_Project/output/s3x_pwrcfg.o
                0x00000000000040b8                S3x_pwrcfg_init
 .text.s3x_sram_in_lpm
                0x00000000000040e4       0x1c /qorc-sdk/qf_apps/qf_wbfpga_pio/GCC_Project/output/s3x_pwrcfg.o
                0x00000000000040e4                s3x_sram_in_lpm
 .text.S3x_get_qos_rate
                0x0000000000004100       0x38 /qorc-sdk/qf_apps/qf_wbfpga_pio/GCC_Project/output/s3x_qos.o
                0x0000000000004100                S3x_get_qos_rate
 .text.sccb_init
                0x0000000000004138     0x1fc0 /qorc-sdk/qf_apps/qf_wbfpga_pio/GCC_Project/output/sccb_if.o
                0x0000000000004138                sccb_init
 .text.save_assert_info
                0x00000000000060f8       0x74 /qorc-sdk/qf_apps/qf_wbfpga_pio/GCC_Project/output/sec_debug.o
                0x00000000000060f8                save_assert_info
 .text.invoke_soft_fault
                0x000000000000616c       0x20 /qorc-sdk/qf_apps/qf_wbfpga_pio/GCC_Project/output/sec_debug.o
                0x000000000000616c                invoke_soft_fault
 .text.Reset_Handler
                0x000000000000618c       0x2c /qorc-sdk/qf_apps/qf_wbfpga_pio/GCC_Project/output/startup_EOSS3B_GCC.o
                0x000000000000618c                Reset_Handler
 .text.__semihost_call
                0x00000000000061b8        0x6 /qorc-sdk/qf_apps/qf_wbfpga_pio/GCC_Project/output/startup_EOSS3B_GCC.o
                0x00000000000061b8                __semihost_call
 *fill*         0x00000000000061be        0x2 
 .text.prvGetExpectedIdleTime
                0x00000000000061c0       0x3c /qorc-sdk/qf_apps/qf_wbfpga_pio/GCC_Project/output/tasks.o
 .text.prvResetNextTaskUnblockTime
                0x00000000000061fc       0x24 /qorc-sdk/qf_apps/qf_wbfpga_pio/GCC_Project/output/tasks.o
 .text.prvAddCurrentTaskToDelayedList
                0x0000000000006220       0x8c /qorc-sdk/qf_apps/qf_wbfpga_pio/GCC_Project/output/tasks.o
 .text.xTaskCreate
                0x00000000000062ac      0x1e0 /qorc-sdk/qf_apps/qf_wbfpga_pio/GCC_Project/output/tasks.o
                0x00000000000062ac                xTaskCreate
 .text.vTaskStartScheduler
                0x000000000000648c       0x98 /qorc-sdk/qf_apps/qf_wbfpga_pio/GCC_Project/output/tasks.o
                0x000000000000648c                vTaskStartScheduler
 .text.vTaskSuspendAll
                0x0000000000006524       0x10 /qorc-sdk/qf_apps/qf_wbfpga_pio/GCC_Project/output/tasks.o
                0x0000000000006524                vTaskSuspendAll
 .text.xTaskGetTickCount
                0x0000000000006534        0xc /qorc-sdk/qf_apps/qf_wbfpga_pio/GCC_Project/output/tasks.o
                0x0000000000006534                xTaskGetTickCount
 .text.vTaskStepTick
                0x0000000000006540       0x44 /qorc-sdk/qf_apps/qf_wbfpga_pio/GCC_Project/output/tasks.o
                0x0000000000006540                vTaskStepTick
 .text.xTaskIncrementTick
                0x0000000000006584      0x144 /qorc-sdk/qf_apps/qf_wbfpga_pio/GCC_Project/output/tasks.o
                0x0000000000006584                xTaskIncrementTick
 .text.xTaskResumeAll
                0x00000000000066c8       0xfc /qorc-sdk/qf_apps/qf_wbfpga_pio/GCC_Project/output/tasks.o
                0x00000000000066c8                xTaskResumeAll
 .text.vTaskDelay
                0x00000000000067c4       0x60 /qorc-sdk/qf_apps/qf_wbfpga_pio/GCC_Project/output/tasks.o
                0x00000000000067c4                vTaskDelay
 .text.prvIdleTask
                0x0000000000006824       0xc4 /qorc-sdk/qf_apps/qf_wbfpga_pio/GCC_Project/output/tasks.o
 .text.vTaskSwitchContext
                0x00000000000068e8       0xb8 /qorc-sdk/qf_apps/qf_wbfpga_pio/GCC_Project/output/tasks.o
                0x00000000000068e8                vTaskSwitchContext
 .text.vTaskPlaceOnEventList
                0x00000000000069a0       0x48 /qorc-sdk/qf_apps/qf_wbfpga_pio/GCC_Project/output/tasks.o
                0x00000000000069a0                vTaskPlaceOnEventList
 .text.vTaskPlaceOnEventListRestricted
                0x00000000000069e8       0x50 /qorc-sdk/qf_apps/qf_wbfpga_pio/GCC_Project/output/tasks.o
                0x00000000000069e8                vTaskPlaceOnEventListRestricted
 .text.xTaskRemoveFromEventList
                0x0000000000006a38       0x98 /qorc-sdk/qf_apps/qf_wbfpga_pio/GCC_Project/output/tasks.o
                0x0000000000006a38                xTaskRemoveFromEventList
 .text.vTaskInternalSetTimeOutState
                0x0000000000006ad0       0x18 /qorc-sdk/qf_apps/qf_wbfpga_pio/GCC_Project/output/tasks.o
                0x0000000000006ad0                vTaskInternalSetTimeOutState
 .text.xTaskCheckForTimeOut
                0x0000000000006ae8       0x94 /qorc-sdk/qf_apps/qf_wbfpga_pio/GCC_Project/output/tasks.o
                0x0000000000006ae8                xTaskCheckForTimeOut
 .text.vTaskMissedYield
                0x0000000000006b7c        0xc /qorc-sdk/qf_apps/qf_wbfpga_pio/GCC_Project/output/tasks.o
                0x0000000000006b7c                vTaskMissedYield
 .text.uxTaskGetTCBNumber
                0x0000000000006b88       0x14 /qorc-sdk/qf_apps/qf_wbfpga_pio/GCC_Project/output/tasks.o
                0x0000000000006b88                uxTaskGetTCBNumber
 .text.eTaskConfirmSleepModeStatus
                0x0000000000006b9c       0x34 /qorc-sdk/qf_apps/qf_wbfpga_pio/GCC_Project/output/tasks.o
                0x0000000000006b9c                eTaskConfirmSleepModeStatus
 .text.xTaskGetCurrentTaskHandle
                0x0000000000006bd0        0xc /qorc-sdk/qf_apps/qf_wbfpga_pio/GCC_Project/output/tasks.o
                0x0000000000006bd0                xTaskGetCurrentTaskHandle
 .text.xTaskGetSchedulerState
                0x0000000000006bdc       0x20 /qorc-sdk/qf_apps/qf_wbfpga_pio/GCC_Project/output/tasks.o
                0x0000000000006bdc                xTaskGetSchedulerState
 .text.xTaskPriorityInherit
                0x0000000000006bfc       0xa4 /qorc-sdk/qf_apps/qf_wbfpga_pio/GCC_Project/output/tasks.o
                0x0000000000006bfc                xTaskPriorityInherit
 .text.xTaskPriorityDisinherit
                0x0000000000006ca0       0xc0 /qorc-sdk/qf_apps/qf_wbfpga_pio/GCC_Project/output/tasks.o
                0x0000000000006ca0                xTaskPriorityDisinherit
 .text.vTaskPriorityDisinheritAfterTimeout
                0x0000000000006d60       0xd0 /qorc-sdk/qf_apps/qf_wbfpga_pio/GCC_Project/output/tasks.o
                0x0000000000006d60                vTaskPriorityDisinheritAfterTimeout
 .text.pvTaskIncrementMutexHeldCount
                0x0000000000006e30       0x18 /qorc-sdk/qf_apps/qf_wbfpga_pio/GCC_Project/output/tasks.o
                0x0000000000006e30                pvTaskIncrementMutexHeldCount
 .text.prvCheckForValidListAndQueue
                0x0000000000006e48       0x58 /qorc-sdk/qf_apps/qf_wbfpga_pio/GCC_Project/output/timers.o
 .text.prvInsertTimerInActiveList
                0x0000000000006ea0       0x3c /qorc-sdk/qf_apps/qf_wbfpga_pio/GCC_Project/output/timers.o
 .text.xTimerCreateTimerTask
                0x0000000000006edc       0x64 /qorc-sdk/qf_apps/qf_wbfpga_pio/GCC_Project/output/timers.o
                0x0000000000006edc                xTimerCreateTimerTask
 .text.xTimerCreate
                0x0000000000006f40       0x58 /qorc-sdk/qf_apps/qf_wbfpga_pio/GCC_Project/output/timers.o
                0x0000000000006f40                xTimerCreate
 .text.xTimerGenericCommand
                0x0000000000006f98       0x70 /qorc-sdk/qf_apps/qf_wbfpga_pio/GCC_Project/output/timers.o
                0x0000000000006f98                xTimerGenericCommand
 .text.prvSwitchTimerLists
                0x0000000000007008       0x90 /qorc-sdk/qf_apps/qf_wbfpga_pio/GCC_Project/output/timers.o
 .text.prvTimerTask
                0x0000000000007098      0x1f8 /qorc-sdk/qf_apps/qf_wbfpga_pio/GCC_Project/output/timers.o
 .text.Default_Handler
                0x0000000000007290        0xc /qorc-sdk/qf_apps/qf_wbfpga_pio/GCC_Project/output/vectors_CM4F_gcc.o
                0x0000000000007290                Default_Handler
                0x0000000000007290                SensorGpio_Handler
 .text          0x000000000000729c      0x378 /usr/lib/gcc/arm-none-eabi/7.3.1/thumb/v7e-m/fpv4-sp/hard/libgcc.a(_arm_addsubdf3.o)
                0x000000000000729c                __aeabi_drsub
                0x00000000000072a4                __aeabi_dsub
                0x00000000000072a4                __subdf3
                0x00000000000072a8                __adddf3
                0x00000000000072a8                __aeabi_dadd
                0x0000000000007520                __aeabi_ui2d
                0x0000000000007520                __floatunsidf
                0x0000000000007540                __floatsidf
                0x0000000000007540                __aeabi_i2d
                0x0000000000007564                __extendsfdf2
                0x0000000000007564                __aeabi_f2d
                0x00000000000075a8                __aeabi_ul2d
                0x00000000000075a8                __floatundidf
                0x00000000000075b8                __floatdidf
                0x00000000000075b8                __aeabi_l2d
 .text          0x0000000000007614      0x424 /usr/lib/gcc/arm-none-eabi/7.3.1/thumb/v7e-m/fpv4-sp/hard/libgcc.a(_arm_muldivdf3.o)
                0x0000000000007614                __aeabi_dmul
                0x0000000000007614                __muldf3
                0x0000000000007868                __aeabi_ddiv
                0x0000000000007868                __divdf3
 .text          0x0000000000007a38       0x50 /usr/lib/gcc/arm-none-eabi/7.3.1/thumb/v7e-m/fpv4-sp/hard/libgcc.a(_arm_fixdfsi.o)
                0x0000000000007a38                __fixdfsi
                0x0000000000007a38                __aeabi_d2iz
 .text          0x0000000000007a88       0xa0 /usr/lib/gcc/arm-none-eabi/7.3.1/thumb/v7e-m/fpv4-sp/hard/libgcc.a(_arm_truncdfsf2.o)
                0x0000000000007a88                __aeabi_d2f
                0x0000000000007a88                __truncdfsf2
 .text          0x0000000000007b28       0x30 /usr/lib/gcc/arm-none-eabi/7.3.1/thumb/v7e-m/fpv4-sp/hard/libgcc.a(_aeabi_uldivmod.o)
                0x0000000000007b28                __aeabi_uldivmod
 .text          0x0000000000007b58      0x2cc /usr/lib/gcc/arm-none-eabi/7.3.1/thumb/v7e-m/fpv4-sp/hard/libgcc.a(_udivmoddi4.o)
                0x0000000000007b58                __udivmoddi4
 .text          0x0000000000007e24        0x4 /usr/lib/gcc/arm-none-eabi/7.3.1/thumb/v7e-m/fpv4-sp/hard/libgcc.a(_dvmd_tls.o)
                0x0000000000007e24                __aeabi_ldiv0
                0x0000000000007e24                __aeabi_idiv0
 .text          0x0000000000007e28        0xc /usr/lib/gcc/arm-none-eabi/7.3.1/../../../arm-none-eabi/lib/thumb/v7e-m/fpv4-sp/hard/libg_nano.a(lib_a-atexit.o)
                0x0000000000007e28                atexit
 .text          0x0000000000007e34       0x28 /usr/lib/gcc/arm-none-eabi/7.3.1/../../../arm-none-eabi/lib/thumb/v7e-m/fpv4-sp/hard/libg_nano.a(lib_a-exit.o)
                0x0000000000007e34                exit
 .text          0x0000000000007e5c       0x34 /usr/lib/gcc/arm-none-eabi/7.3.1/../../../arm-none-eabi/lib/thumb/v7e-m/fpv4-sp/hard/libg_nano.a(lib_a-fini.o)
                0x0000000000007e5c                __libc_fini_array
 .text          0x0000000000007e90       0x48 /usr/lib/gcc/arm-none-eabi/7.3.1/../../../arm-none-eabi/lib/thumb/v7e-m/fpv4-sp/hard/libg_nano.a(lib_a-init.o)
                0x0000000000007e90                __libc_init_array
 .text          0x0000000000007ed8       0x20 /usr/lib/gcc/arm-none-eabi/7.3.1/../../../arm-none-eabi/lib/thumb/v7e-m/fpv4-sp/hard/libg_nano.a(lib_a-malloc.o)
                0x0000000000007ed8                malloc
                0x0000000000007ee8                free
 .text          0x0000000000007ef8      0x134 /usr/lib/gcc/arm-none-eabi/7.3.1/../../../arm-none-eabi/lib/thumb/v7e-m/fpv4-sp/hard/libg_nano.a(lib_a-memcpy.o)
                0x0000000000007ef8                memcpy
 .text          0x000000000000802c       0x94 /usr/lib/gcc/arm-none-eabi/7.3.1/../../../arm-none-eabi/lib/thumb/v7e-m/fpv4-sp/hard/libg_nano.a(lib_a-memset.o)
                0x000000000000802c                memset
 .text          0x00000000000080c0       0xa8 /usr/lib/gcc/arm-none-eabi/7.3.1/../../../arm-none-eabi/lib/thumb/v7e-m/fpv4-sp/hard/libg_nano.a(lib_a-nano-freer.o)
                0x00000000000080c0                _free_r
 .text          0x0000000000008168       0xc8 /usr/lib/gcc/arm-none-eabi/7.3.1/../../../arm-none-eabi/lib/thumb/v7e-m/fpv4-sp/hard/libg_nano.a(lib_a-nano-mallocr.o)
                0x0000000000008168                _malloc_r
 .text          0x0000000000008230      0x6c4 /usr/lib/gcc/arm-none-eabi/7.3.1/../../../arm-none-eabi/lib/thumb/v7e-m/fpv4-sp/hard/libg_nano.a(lib_a-nano-vfprintf_float.o)
                0x0000000000008230                __cvt
                0x000000000000831c                __exponent
                0x00000000000083a8                _printf_float
 .text          0x00000000000088f4      0x3a0 /usr/lib/gcc/arm-none-eabi/7.3.1/../../../arm-none-eabi/lib/thumb/v7e-m/fpv4-sp/hard/libg_nano.a(lib_a-nano-vfprintf_i.o)
                0x00000000000088f4                _printf_common
                0x0000000000008a10                _printf_i
 .text          0x0000000000008c94       0x68 /usr/lib/gcc/arm-none-eabi/7.3.1/../../../arm-none-eabi/lib/thumb/v7e-m/fpv4-sp/hard/libg_nano.a(lib_a-printf.o)
                0x0000000000008c94                _printf_r
                0x0000000000008c94                _iprintf_r
                0x0000000000008cc4                printf
                0x0000000000008cc4                iprintf
 .text          0x0000000000008cfc       0xe8 /usr/lib/gcc/arm-none-eabi/7.3.1/../../../arm-none-eabi/lib/thumb/v7e-m/fpv4-sp/hard/libg_nano.a(lib_a-puts.o)
                0x0000000000008cfc                _puts_r
                0x0000000000008dd4                puts
 .text          0x0000000000008de4       0x24 /usr/lib/gcc/arm-none-eabi/7.3.1/../../../arm-none-eabi/lib/thumb/v7e-m/fpv4-sp/hard/libg_nano.a(lib_a-sbrkr.o)
                0x0000000000008de4                _sbrk_r
 .text          0x0000000000008e08      0x114 /usr/lib/gcc/arm-none-eabi/7.3.1/../../../arm-none-eabi/lib/thumb/v7e-m/fpv4-sp/hard/libg_nano.a(lib_a-snprintf.o)
                0x0000000000008e08                _sniprintf_r
                0x0000000000008e08                _snprintf_r
                0x0000000000008e8c                snprintf
                0x0000000000008e8c                sniprintf
 .text          0x0000000000008f1c       0x80 /usr/lib/gcc/arm-none-eabi/7.3.1/../../../arm-none-eabi/lib/thumb/v7e-m/fpv4-sp/hard/libg_nano.a(lib_a-sprintf.o)
                0x0000000000008f1c                _siprintf_r
                0x0000000000008f1c                _sprintf_r
                0x0000000000008f58                sprintf
                0x0000000000008f58                siprintf
 .text          0x0000000000008f9c       0xe8 /usr/lib/gcc/arm-none-eabi/7.3.1/../../../arm-none-eabi/lib/thumb/v7e-m/fpv4-sp/hard/libg_nano.a(lib_a-strchr.o)
                0x0000000000008f9c                strchr
 .text          0x0000000000009084       0xbc /usr/lib/gcc/arm-none-eabi/7.3.1/../../../arm-none-eabi/lib/thumb/v7e-m/fpv4-sp/hard/libg_nano.a(lib_a-strcpy.o)
                0x0000000000009084                strcpy
 .text          0x0000000000009140       0xdc /usr/lib/gcc/arm-none-eabi/7.3.1/../../../arm-none-eabi/lib/thumb/v7e-m/fpv4-sp/hard/libg_nano.a(lib_a-strlen.o)
                0x0000000000009140                strlen
 .text          0x000000000000921c       0x64 /usr/lib/gcc/arm-none-eabi/7.3.1/../../../arm-none-eabi/lib/thumb/v7e-m/fpv4-sp/hard/libg_nano.a(lib_a-strncpy.o)
                0x000000000000921c                strncpy
 .text          0x0000000000009280       0x24 /usr/lib/gcc/arm-none-eabi/7.3.1/../../../arm-none-eabi/lib/thumb/v7e-m/fpv4-sp/hard/libg_nano.a(lib_a-strrchr.o)
                0x0000000000009280                strrchr
 .text          0x00000000000092a4       0xc0 /usr/lib/gcc/arm-none-eabi/7.3.1/../../../arm-none-eabi/lib/thumb/v7e-m/fpv4-sp/hard/libg_nano.a(lib_a-wbuf.o)
                0x00000000000092a4                __swbuf_r
                0x0000000000009354                __swbuf
 .text          0x0000000000009364      0x100 /usr/lib/gcc/arm-none-eabi/7.3.1/../../../arm-none-eabi/lib/thumb/v7e-m/fpv4-sp/hard/libg_nano.a(lib_a-wsetup.o)
                0x0000000000009364                __swsetup_r
 .text          0x0000000000009464       0xa4 /usr/lib/gcc/arm-none-eabi/7.3.1/../../../arm-none-eabi/lib/thumb/v7e-m/fpv4-sp/hard/libg_nano.a(lib_a-__atexit.o)
                0x0000000000009464                __register_exitproc
 .text          0x0000000000009508       0xa4 /usr/lib/gcc/arm-none-eabi/7.3.1/../../../arm-none-eabi/lib/thumb/v7e-m/fpv4-sp/hard/libg_nano.a(lib_a-__call_atexit.o)
                0x0000000000009508                __call_exitprocs
 *fill*         0x00000000000095ac        0x4 
 .text          0x00000000000095b0      0xf6c /usr/lib/gcc/arm-none-eabi/7.3.1/../../../arm-none-eabi/lib/thumb/v7e-m/fpv4-sp/hard/libg_nano.a(lib_a-dtoa.o)
                0x00000000000096d4                _dtoa_r
 .text          0x000000000000a51c      0x1bc /usr/lib/gcc/arm-none-eabi/7.3.1/../../../arm-none-eabi/lib/thumb/v7e-m/fpv4-sp/hard/libg_nano.a(lib_a-fflush.o)
                0x000000000000a51c                __sflush_r
                0x000000000000a654                _fflush_r
                0x000000000000a6b4                fflush
 .text          0x000000000000a6d8      0x210 /usr/lib/gcc/arm-none-eabi/7.3.1/../../../arm-none-eabi/lib/thumb/v7e-m/fpv4-sp/hard/libg_nano.a(lib_a-findfp.o)
                0x000000000000a6dc                _cleanup_r
                0x000000000000a6ec                __sfmoreglue
                0x000000000000a71c                __sfp
                0x000000000000a894                _cleanup
                0x000000000000a8a8                __sinit
                0x000000000000a8b0                __sfp_lock_acquire
                0x000000000000a8b4                __sfp_lock_release
                0x000000000000a8b8                __sinit_lock_acquire
                0x000000000000a8bc                __sinit_lock_release
                0x000000000000a8c0                __fp_lock_all
                0x000000000000a8d4                __fp_unlock_all
 .text          0x000000000000a8e8       0xa0 /usr/lib/gcc/arm-none-eabi/7.3.1/../../../arm-none-eabi/lib/thumb/v7e-m/fpv4-sp/hard/libg_nano.a(lib_a-fwalk.o)
                0x000000000000a8e8                _fwalk
                0x000000000000a934                _fwalk_reent
 .text          0x000000000000a988       0x14 /usr/lib/gcc/arm-none-eabi/7.3.1/../../../arm-none-eabi/lib/thumb/v7e-m/fpv4-sp/hard/libg_nano.a(lib_a-localeconv.o)
                0x000000000000a988                __localeconv_l
                0x000000000000a98c                _localeconv_r
                0x000000000000a994                localeconv
 .text          0x000000000000a99c       0xf0 /usr/lib/gcc/arm-none-eabi/7.3.1/../../../arm-none-eabi/lib/thumb/v7e-m/fpv4-sp/hard/libg_nano.a(lib_a-makebuf.o)
                0x000000000000a99c                __swhatbuf_r
                0x000000000000a9f8                __smakebuf_r
 .text          0x000000000000aa8c       0x40 /usr/lib/gcc/arm-none-eabi/7.3.1/../../../arm-none-eabi/lib/thumb/v7e-m/fpv4-sp/hard/libg_nano.a(lib_a-mbtowc_r.o)
                0x000000000000aa8c                _mbtowc_r
                0x000000000000aaa0                __ascii_mbtowc
 *fill*         0x000000000000aacc        0x4 
 .text          0x000000000000aad0       0xa0 /usr/lib/gcc/arm-none-eabi/7.3.1/../../../arm-none-eabi/lib/thumb/v7e-m/fpv4-sp/hard/libg_nano.a(lib_a-memchr.o)
                0x000000000000aad0                memchr
 .text          0x000000000000ab70        0x8 /usr/lib/gcc/arm-none-eabi/7.3.1/../../../arm-none-eabi/lib/thumb/v7e-m/fpv4-sp/hard/libg_nano.a(lib_a-mlock.o)
                0x000000000000ab70                __malloc_lock
                0x000000000000ab74                __malloc_unlock
 .text          0x000000000000ab78      0x950 /usr/lib/gcc/arm-none-eabi/7.3.1/../../../arm-none-eabi/lib/thumb/v7e-m/fpv4-sp/hard/libg_nano.a(lib_a-mprec.o)
                0x000000000000ab78                _Balloc
                0x000000000000abe0                _Bfree
                0x000000000000ac18                __multadd
                0x000000000000ac94                __s2b
                0x000000000000ad2c                __hi0bits
                0x000000000000ad6c                __lo0bits
                0x000000000000adcc                __i2b
                0x000000000000ade0                __multiply
                0x000000000000af2c                __pow5mult
                0x000000000000afe4                __lshift
                0x000000000000b090                __mcmp
                0x000000000000b0c8                __mdiff
                0x000000000000b1b4                __ulp
                0x000000000000b208                __b2d
                0x000000000000b2c4                __d2b
                0x000000000000b388                __ratio
                0x000000000000b3e8                _mprec_log10
                0x000000000000b428                __copybits
                0x000000000000b470                __any_on
 .text          0x000000000000b4c8       0x1c /usr/lib/gcc/arm-none-eabi/7.3.1/../../../arm-none-eabi/lib/thumb/v7e-m/fpv4-sp/hard/libg_nano.a(lib_a-nano-callocr.o)
                0x000000000000b4c8                _calloc_r
 .text          0x000000000000b4e4      0x430 /usr/lib/gcc/arm-none-eabi/7.3.1/../../../arm-none-eabi/lib/thumb/v7e-m/fpv4-sp/hard/libg_nano.a(lib_a-nano-svfprintf.o)
                0x000000000000b4e4                __ssputs_r
                0x000000000000b5a4                __ssprint_r
                0x000000000000b698                _svfprintf_r
                0x000000000000b698                _svfiprintf_r
 .text          0x000000000000b914      0x360 /usr/lib/gcc/arm-none-eabi/7.3.1/../../../arm-none-eabi/lib/thumb/v7e-m/fpv4-sp/hard/libg_nano.a(lib_a-nano-vfprintf.o)
                0x000000000000b950                __sfputs_r
                0x000000000000b980                __sprint_r
                0x000000000000b99c                _vfiprintf_r
                0x000000000000b99c                _vfprintf_r
                0x000000000000bc5c                vfiprintf
                0x000000000000bc5c                vfprintf
 .text          0x000000000000bc74       0x8c /usr/lib/gcc/arm-none-eabi/7.3.1/../../../arm-none-eabi/lib/thumb/v7e-m/fpv4-sp/hard/libg_nano.a(lib_a-stdio.o)
                0x000000000000bc74                __sread
                0x000000000000bc98                __seofread
                0x000000000000bc9c                __swrite
                0x000000000000bcd8                __sseek
                0x000000000000bcf8                __sclose
 .text          0x000000000000bd00       0x30 /usr/lib/gcc/arm-none-eabi/7.3.1/../../../arm-none-eabi/lib/thumb/v7e-m/fpv4-sp/hard/libg_nano.a(lib_a-wctomb_r.o)
                0x000000000000bd00                _wctomb_r
                0x000000000000bd14                __ascii_wctomb
 .text          0x000000000000bd30       0x2c /usr/lib/gcc/arm-none-eabi/7.3.1/../../../arm-none-eabi/lib/thumb/v7e-m/fpv4-sp/hard/libg_nano.a(lib_a-writer.o)
                0x000000000000bd30                _write_r
 .text          0x000000000000bd5c       0x24 /usr/lib/gcc/arm-none-eabi/7.3.1/../../../arm-none-eabi/lib/thumb/v7e-m/fpv4-sp/hard/libg_nano.a(lib_a-closer.o)
                0x000000000000bd5c                _close_r
 .text          0x000000000000bd80       0x28 /usr/lib/gcc/arm-none-eabi/7.3.1/../../../arm-none-eabi/lib/thumb/v7e-m/fpv4-sp/hard/libg_nano.a(lib_a-fstatr.o)
                0x000000000000bd80                _fstat_r
 .text          0x000000000000bda8      0x2fc /usr/lib/gcc/arm-none-eabi/7.3.1/../../../arm-none-eabi/lib/thumb/v7e-m/fpv4-sp/hard/libg_nano.a(lib_a-fvwrite.o)
                0x000000000000bda8                __sfvwrite_r
 .text          0x000000000000c0a4       0x24 /usr/lib/gcc/arm-none-eabi/7.3.1/../../../arm-none-eabi/lib/thumb/v7e-m/fpv4-sp/hard/libg_nano.a(lib_a-isattyr.o)
                0x000000000000c0a4                _isatty_r
 .text          0x000000000000c0c8       0x2c /usr/lib/gcc/arm-none-eabi/7.3.1/../../../arm-none-eabi/lib/thumb/v7e-m/fpv4-sp/hard/libg_nano.a(lib_a-lseekr.o)
                0x000000000000c0c8                _lseek_r
 .text          0x000000000000c0f4       0xc8 /usr/lib/gcc/arm-none-eabi/7.3.1/../../../arm-none-eabi/lib/thumb/v7e-m/fpv4-sp/hard/libg_nano.a(lib_a-memmove.o)
                0x000000000000c0f4                memmove
 .text          0x000000000000c1bc       0x4c /usr/lib/gcc/arm-none-eabi/7.3.1/../../../arm-none-eabi/lib/thumb/v7e-m/fpv4-sp/hard/libg_nano.a(lib_a-nano-reallocr.o)
                0x000000000000c1bc                _realloc_r
 .text          0x000000000000c208       0x2c /usr/lib/gcc/arm-none-eabi/7.3.1/../../../arm-none-eabi/lib/thumb/v7e-m/fpv4-sp/hard/libg_nano.a(lib_a-readr.o)
                0x000000000000c208                _read_r
 .text          0x000000000000c234       0x10 /usr/lib/gcc/arm-none-eabi/7.3.1/../../../arm-none-eabi/lib/thumb/v7e-m/fpv4-sp/hard/libg_nano.a(lib_a-nano-msizer.o)
                0x000000000000c234                _malloc_usable_size_r
 .text          0x000000000000c244      0x110 /usr/lib/gcc/arm-none-eabi/7.3.1/thumb/v7e-m/fpv4-sp/hard/libgcc.a(_arm_cmpdf2.o)
                0x000000000000c244                __gtdf2
                0x000000000000c244                __gedf2
                0x000000000000c24c                __ltdf2
                0x000000000000c24c                __ledf2
                0x000000000000c254                __cmpdf2
                0x000000000000c254                __eqdf2
                0x000000000000c254                __nedf2
                0x000000000000c2d0                __aeabi_cdrcmple
                0x000000000000c2e0                __aeabi_cdcmple
                0x000000000000c2e0                __aeabi_cdcmpeq
                0x000000000000c2f0                __aeabi_dcmpeq
                0x000000000000c304                __aeabi_dcmplt
                0x000000000000c318                __aeabi_dcmple
                0x000000000000c32c                __aeabi_dcmpge
                0x000000000000c340                __aeabi_dcmpgt
 .text          0x000000000000c354       0x2c /usr/lib/gcc/arm-none-eabi/7.3.1/thumb/v7e-m/fpv4-sp/hard/libgcc.a(_arm_unorddf2.o)
                0x000000000000c354                __aeabi_dcmpun
                0x000000000000c354                __unorddf2
 .text          0x000000000000c380       0x10 /usr/lib/gcc/arm-none-eabi/7.3.1/../../../arm-none-eabi/lib/thumb/v7e-m/fpv4-sp/hard/libnosys.a(fstat.o)
                0x000000000000c380                _fstat
 .text          0x000000000000c390       0x10 /usr/lib/gcc/arm-none-eabi/7.3.1/../../../arm-none-eabi/lib/thumb/v7e-m/fpv4-sp/hard/libnosys.a(isatty.o)
                0x000000000000c390                _isatty
 .text          0x000000000000c3a0       0x1c /usr/lib/gcc/arm-none-eabi/7.3.1/../../../arm-none-eabi/lib/thumb/v7e-m/fpv4-sp/hard/libnosys.a(sbrk.o)
                0x000000000000c3a0                _sbrk
 .text          0x000000000000c3bc        0x4 /usr/lib/gcc/arm-none-eabi/7.3.1/../../../arm-none-eabi/lib/thumb/v7e-m/fpv4-sp/hard/libnosys.a(_exit.o)
                0x000000000000c3bc                _exit
 *(.init)
 .init          0x000000000000c3c0        0x4 /usr/lib/gcc/arm-none-eabi/7.3.1/thumb/v7e-m/fpv4-sp/hard/crti.o
                0x000000000000c3c0                _init
 .init          0x000000000000c3c4        0x8 /usr/lib/gcc/arm-none-eabi/7.3.1/thumb/v7e-m/fpv4-sp/hard/crtn.o
 *(.fini)
 .fini          0x000000000000c3cc        0x4 /usr/lib/gcc/arm-none-eabi/7.3.1/thumb/v7e-m/fpv4-sp/hard/crti.o
                0x000000000000c3cc                _fini
 .fini          0x000000000000c3d0        0x8 /usr/lib/gcc/arm-none-eabi/7.3.1/thumb/v7e-m/fpv4-sp/hard/crtn.o
 *crtbegin.o(.ctors)
 *crtbegin?.o(.ctors)
 *(EXCLUDE_FILE(*crtend.o *crtend?.o) .ctors)
 *(SORT_BY_NAME(.ctors.*))
 *(.ctors)
 *crtbegin.o(.dtors)
 *crtbegin?.o(.dtors)
 *(EXCLUDE_FILE(*crtend.o *crtend?.o) .dtors)
 *(SORT_BY_NAME(.dtors.*))
 *(.dtors)
 *(.rodata*)
 .rodata._colon_tt.8461
                0x000000000000c3d8        0x4 /qorc-sdk/qf_apps/qf_wbfpga_pio/GCC_Project/output/dbg_uart.o
 .rodata.dbg_str.str1.1
                0x000000000000c3dc        0x0 /qorc-sdk/qf_apps/qf_wbfpga_pio/GCC_Project/output/dbg_uart.o
                                          0x3 (size before relaxing)
 .rodata.checkDivArray
                0x000000000000c3dc       0x40 /qorc-sdk/qf_apps/qf_wbfpga_pio/GCC_Project/output/eoss3_hal_i2c.o
 .rodata.HAL_PAD_Config.str1.1
                0x000000000000c41c       0x54 /qorc-sdk/qf_apps/qf_wbfpga_pio/GCC_Project/output/eoss3_hal_pad_config.o
 .rodata.IO_INPUT_PAD_SEL
                0x000000000000c470       0x10 /qorc-sdk/qf_apps/qf_wbfpga_pio/GCC_Project/output/eoss3_hal_pad_config.o
                0x000000000000c470                IO_INPUT_PAD_SEL
 .rodata.SEL_EXT_PAD_REGS
                0x000000000000c480      0x160 /qorc-sdk/qf_apps/qf_wbfpga_pio/GCC_Project/output/eoss3_hal_pad_config.o
                0x000000000000c480                SEL_EXT_PAD_REGS
 .rodata.unlock_spi1_bus.str1.1
                0x000000000000c5e0       0x36 /qorc-sdk/qf_apps/qf_wbfpga_pio/GCC_Project/output/eoss3_hal_spi.o
 .rodata.HAL_Timer_ISR.str1.1
                0x000000000000c616       0x20 /qorc-sdk/qf_apps/qf_wbfpga_pio/GCC_Project/output/eoss3_hal_timer.o
 .rodata.SendEventToTimerThread.str1.1
                0x000000000000c636       0x82 /qorc-sdk/qf_apps/qf_wbfpga_pio/GCC_Project/output/eoss3_hal_timer.o
 .rodata.__FUNCTION__.9229
                0x000000000000c6b8        0xe /qorc-sdk/qf_apps/qf_wbfpga_pio/GCC_Project/output/eoss3_hal_timer.o
 .rodata.uart_init.str1.1
                0x000000000000c6c6        0xc /qorc-sdk/qf_apps/qf_wbfpga_pio/GCC_Project/output/eoss3_hal_uart.o
 .rodata.WDT_ISR.str1.1
                0x000000000000c6d2       0x4d /qorc-sdk/qf_apps/qf_wbfpga_pio/GCC_Project/output/eoss3_hal_wdt.o
 .rodata.__FUNCTION__.8588
                0x000000000000c71f        0x8 /qorc-sdk/qf_apps/qf_wbfpga_pio/GCC_Project/output/eoss3_hal_wdt.o
 .rodata.prvGetRegistersFromStack.str1.1
                0x000000000000c727       0x44 /qorc-sdk/qf_apps/qf_wbfpga_pio/GCC_Project/output/exceptions.o
 .rodata.spurious_interrupt.str1.1
                0x000000000000c76b        0xd /qorc-sdk/qf_apps/qf_wbfpga_pio/GCC_Project/output/exceptions.o
 .rodata.vApplicationMallocFailedHook.str1.1
                0x000000000000c778       0x20 /qorc-sdk/qf_apps/qf_wbfpga_pio/GCC_Project/output/exceptions.o
 .rodata.vApplicationStackOverflowHook.str1.1
                0x000000000000c798       0x21 /qorc-sdk/qf_apps/qf_wbfpga_pio/GCC_Project/output/exceptions.o
 .rodata.fpga_fifoctrl_init.str1.1
                0x000000000000c7b9       0x39 /qorc-sdk/qf_apps/qf_wbfpga_pio/GCC_Project/output/fpga_fifoctrl.o
 .rodata.pvPortMalloc.str1.1
                0x000000000000c7f2       0x58 /qorc-sdk/qf_apps/qf_wbfpga_pio/GCC_Project/output/heap_4.o
 .rodata.vPortFree.str1.1
                0x000000000000c84a       0x35 /qorc-sdk/qf_apps/qf_wbfpga_pio/GCC_Project/output/heap_4.o
 .rodata.main.str1.1
                0x000000000000c87f       0xfe /qorc-sdk/qf_apps/qf_wbfpga_pio/GCC_Project/output/main.o
                                        0x103 (size before relaxing)
 .rodata.vTask2.str1.1
                0x000000000000c97d       0x2c /qorc-sdk/qf_apps/qf_wbfpga_pio/GCC_Project/output/main.o
 .rodata.prvTaskExitError.str1.1
                0x000000000000c9a9       0x6b /qorc-sdk/qf_apps/qf_wbfpga_pio/GCC_Project/output/port.o
 .rodata.xQueueGenericReset.str1.1
                0x000000000000ca14       0x46 /qorc-sdk/qf_apps/qf_wbfpga_pio/GCC_Project/output/queue.o
 .rodata.S3x_Clk_Init.str1.1
                0x000000000000ca5a       0x5c /qorc-sdk/qf_apps/qf_wbfpga_pio/GCC_Project/output/s3x_clock.o
 .rodata.DFS_StartTimer.str1.1
                0x000000000000cab6       0x5d /qorc-sdk/qf_apps/qf_wbfpga_pio/GCC_Project/output/s3x_dfs.o
 .rodata.S3x_Set_Policy.str1.1
                0x000000000000cb13       0x17 /qorc-sdk/qf_apps/qf_wbfpga_pio/GCC_Project/output/s3x_dfs.o
 .rodata.S3x_Lpm_Handler.str1.1
                0x000000000000cb2a       0x7c /qorc-sdk/qf_apps/qf_wbfpga_pio/GCC_Project/output/s3x_lpm.o
 .rodata.__func__.8935
                0x000000000000cba6       0x15 /qorc-sdk/qf_apps/qf_wbfpga_pio/GCC_Project/output/s3x_pi.o
 .rodata.s3x_pi_set_active_st.str1.1
                0x000000000000cbbb       0x2f /qorc-sdk/qf_apps/qf_wbfpga_pio/GCC_Project/output/s3x_pi.o
 .rodata        0x000000000000cbea        0x3 /qorc-sdk/qf_apps/qf_wbfpga_pio/GCC_Project/output/sccb_if.o
 .rodata.i2c0config
                0x000000000000cbed        0x3 /qorc-sdk/qf_apps/qf_wbfpga_pio/GCC_Project/output/sccb_if.o
 .rodata        0x000000000000cbf0        0x8 /qorc-sdk/qf_apps/qf_wbfpga_pio/GCC_Project/output/sec_debug.o
 .rodata.invoke_soft_fault.str1.1
                0x000000000000cbf8        0xc /qorc-sdk/qf_apps/qf_wbfpga_pio/GCC_Project/output/sec_debug.o
 .rodata.save_assert_info.str1.1
                0x000000000000cc04       0x1c /qorc-sdk/qf_apps/qf_wbfpga_pio/GCC_Project/output/sec_debug.o
 .rodata.prvTaskIsTaskSuspended.str1.1
                0x000000000000cc20       0x46 /qorc-sdk/qf_apps/qf_wbfpga_pio/GCC_Project/output/tasks.o
 .rodata.vTaskStartScheduler.str1.1
                0x000000000000cc66        0x5 /qorc-sdk/qf_apps/qf_wbfpga_pio/GCC_Project/output/tasks.o
 .rodata.prvCheckForValidListAndQueue.str1.1
                0x000000000000cc6b        0x5 /qorc-sdk/qf_apps/qf_wbfpga_pio/GCC_Project/output/timers.o
 .rodata.xTimerCreateTimerTask.str1.1
                0x000000000000cc70       0x4f /qorc-sdk/qf_apps/qf_wbfpga_pio/GCC_Project/output/timers.o
 .rodata.Default_Handler.str1.1
                0x000000000000ccbf        0xd /qorc-sdk/qf_apps/qf_wbfpga_pio/GCC_Project/output/vectors_CM4F_gcc.o
 *fill*         0x000000000000ccbf        0x1 
 .rodata        0x000000000000ccc0        0x4 /usr/lib/gcc/arm-none-eabi/7.3.1/../../../arm-none-eabi/lib/thumb/v7e-m/fpv4-sp/hard/libg_nano.a(lib_a-impure.o)
                0x000000000000ccc0                _global_impure_ptr
 .rodata.str1.4
                0x000000000000ccc4       0x12 /usr/lib/gcc/arm-none-eabi/7.3.1/../../../arm-none-eabi/lib/thumb/v7e-m/fpv4-sp/hard/libg_nano.a(lib_a-nano-vfprintf_float.o)
 *fill*         0x000000000000ccd6        0x2 
 .rodata.str1.4
                0x000000000000ccd8       0x25 /usr/lib/gcc/arm-none-eabi/7.3.1/../../../arm-none-eabi/lib/thumb/v7e-m/fpv4-sp/hard/libg_nano.a(lib_a-nano-vfprintf_i.o)
 *fill*         0x000000000000ccfd        0x3 
 .rodata        0x000000000000cd00      0x101 /usr/lib/gcc/arm-none-eabi/7.3.1/../../../arm-none-eabi/lib/thumb/v7e-m/fpv4-sp/hard/libg_nano.a(lib_a-ctype_.o)
                0x000000000000cd00                _ctype_
 *fill*         0x000000000000ce01        0x3 
 .rodata.str1.4
                0x000000000000ce04       0x10 /usr/lib/gcc/arm-none-eabi/7.3.1/../../../arm-none-eabi/lib/thumb/v7e-m/fpv4-sp/hard/libg_nano.a(lib_a-dtoa.o)
                                         0x12 (size before relaxing)
 .rodata        0x000000000000ce14       0x60 /usr/lib/gcc/arm-none-eabi/7.3.1/../../../arm-none-eabi/lib/thumb/v7e-m/fpv4-sp/hard/libg_nano.a(lib_a-findfp.o)
                0x000000000000ce14                __sf_fake_stderr
                0x000000000000ce34                __sf_fake_stdout
                0x000000000000ce54                __sf_fake_stdin
 .rodata.str1.4
                0x000000000000ce74        0xe /usr/lib/gcc/arm-none-eabi/7.3.1/../../../arm-none-eabi/lib/thumb/v7e-m/fpv4-sp/hard/libg_nano.a(lib_a-locale.o)
                                         0x12 (size before relaxing)
 *fill*         0x000000000000ce82        0x6 
 .rodata        0x000000000000ce88      0x128 /usr/lib/gcc/arm-none-eabi/7.3.1/../../../arm-none-eabi/lib/thumb/v7e-m/fpv4-sp/hard/libg_nano.a(lib_a-mprec.o)
                0x000000000000ce98                __mprec_tens
                0x000000000000cf60                __mprec_tinytens
                0x000000000000cf88                __mprec_bigtens
 .rodata.str1.4
                0x000000000000cfb0       0x14 /usr/lib/gcc/arm-none-eabi/7.3.1/../../../arm-none-eabi/lib/thumb/v7e-m/fpv4-sp/hard/libg_nano.a(lib_a-nano-svfprintf.o)
                                         0x13 (size before relaxing)
 .rodata.str1.4
                0x000000000000cfc4       0x13 /usr/lib/gcc/arm-none-eabi/7.3.1/../../../arm-none-eabi/lib/thumb/v7e-m/fpv4-sp/hard/libg_nano.a(lib_a-nano-vfprintf.o)
 *(.eh_fram e*)

.eh_frame       0x000000000000cfc4        0x0
 .eh_frame      0x000000000000cfc4        0x0 /usr/lib/gcc/arm-none-eabi/7.3.1/thumb/v7e-m/fpv4-sp/hard/crtbegin.o

.glue_7         0x000000000000cfc4        0x0
 .glue_7        0x000000000000cfc4        0x0 linker stubs

.glue_7t        0x000000000000cfc4        0x0
 .glue_7t       0x000000000000cfc4        0x0 linker stubs

.vfp11_veneer   0x000000000000cfc4        0x0
 .vfp11_veneer  0x000000000000cfc4        0x0 linker stubs

.v4_bx          0x000000000000cfc4        0x0
 .v4_bx         0x000000000000cfc4        0x0 linker stubs

.iplt           0x000000000000cfc4        0x0
 .iplt          0x000000000000cfc4        0x0 /usr/lib/gcc/arm-none-eabi/7.3.1/thumb/v7e-m/fpv4-sp/hard/crtbegin.o

.ARM.extab
 *(.ARM.extab* .gnu.linkonce.armextab.*)
                0x000000000000cfc4                __exidx_start = .

.ARM.exidx      0x000000000000cfc4        0x8
 *(.ARM.exidx* .gnu.linkonce.armexidx.*)
 .ARM.exidx     0x000000000000cfc4        0x8 /usr/lib/gcc/arm-none-eabi/7.3.1/../../../arm-none-eabi/lib/thumb/v7e-m/fpv4-sp/hard/crt0.o
 .ARM.exidx     0x000000000000cfcc        0x0 /usr/lib/gcc/arm-none-eabi/7.3.1/thumb/v7e-m/fpv4-sp/hard/libgcc.a(_udivmoddi4.o)
                                          0x8 (size before relaxing)
                0x000000000000cfcc                __exidx_end = .
                0x000000000000cfcc                __etext = .
                0x000000000000cfcc                _sidata = __etext

.rel.dyn        0x000000000000cfcc        0x0
 .rel.iplt      0x000000000000cfcc        0x0 /usr/lib/gcc/arm-none-eabi/7.3.1/thumb/v7e-m/fpv4-sp/hard/crtbegin.o

.data           0x0000000020036c00    0x13388 load address 0x000000000000cfcc
                0x0000000020036c00                __data_start__ = .
                0x0000000020036c00                _sdata = __data_start__
 *(vtable)
 *(.data*)
 .data._dbg_uart_id
                0x0000000020036c00        0x4 /qorc-sdk/qf_apps/qf_wbfpga_pio/GCC_Project/output/dbg_uart.o
                0x0000000020036c00                _dbg_uart_id
 .data._semihost_handle
                0x0000000020036c04        0x4 /qorc-sdk/qf_apps/qf_wbfpga_pio/GCC_Project/output/dbg_uart.o
                0x0000000020036c04                _semihost_handle
 .data.pcDbgBuffer
                0x0000000020036c08        0x4 /qorc-sdk/qf_apps/qf_wbfpga_pio/GCC_Project/output/dbg_uart.o
                0x0000000020036c08                pcDbgBuffer
 .data.pcDbgBufferLim
                0x0000000020036c0c        0x4 /qorc-sdk/qf_apps/qf_wbfpga_pio/GCC_Project/output/dbg_uart.o
                0x0000000020036c0c                pcDbgBufferLim
 .data.rtc_alarm_interval
                0x0000000020036c10        0x4 /qorc-sdk/qf_apps/qf_wbfpga_pio/GCC_Project/output/eoss3_hal_rtc.o
 .data.fifoctrl_regs
                0x0000000020036c14        0x4 /qorc-sdk/qf_apps/qf_wbfpga_pio/GCC_Project/output/fpga_fifoctrl.o
                0x0000000020036c14                fifoctrl_regs
 .data.axFPGABitStream
                0x0000000020036c18    0x128b8 /qorc-sdk/qf_apps/qf_wbfpga_pio/GCC_Project/output/main.o
                0x0000000020036c18                axFPGABitStream
 .data.pincfg_table
                0x00000000200494d0      0x120 /qorc-sdk/qf_apps/qf_wbfpga_pio/GCC_Project/output/pincfg_table.o
                0x00000000200494d0                pincfg_table
 .data.sizeof_pincfg_table
                0x00000000200495f0        0x4 /qorc-sdk/qf_apps/qf_wbfpga_pio/GCC_Project/output/pincfg_table.o
                0x00000000200495f0                sizeof_pincfg_table
 .data.uxCriticalNesting
                0x00000000200495f4        0x4 /qorc-sdk/qf_apps/qf_wbfpga_pio/GCC_Project/output/port.o
 .data.S3x_Clk_Domain_Gate_info
                0x00000000200495f8       0x90 /qorc-sdk/qf_apps/qf_wbfpga_pio/GCC_Project/output/s3x_clock.o
                0x00000000200495f8                S3x_Clk_Domain_Gate_info
 .data.policyCurrent
                0x0000000020049688        0x1 /qorc-sdk/qf_apps/qf_wbfpga_pio/GCC_Project/output/s3x_dfs.o
 .data.stepdown_clkd_index
                0x0000000020049689        0x4 /qorc-sdk/qf_apps/qf_wbfpga_pio/GCC_Project/output/s3x_dfs.o
                0x0000000020049689                stepdown_clkd_index
 .data.stepup_clkd_index
                0x000000002004968d        0x4 /qorc-sdk/qf_apps/qf_wbfpga_pio/GCC_Project/output/s3x_dfs.o
                0x000000002004968d                stepup_clkd_index
 *fill*         0x0000000020049691        0x1 
 .data.S3x_Gate_PI_info
                0x0000000020049692       0x48 /qorc-sdk/qf_apps/qf_wbfpga_pio/GCC_Project/output/s3x_pi.o
                0x0000000020049692                S3x_Gate_PI_info
 .data.S3Pi     0x00000000200496da      0x1dc /qorc-sdk/qf_apps/qf_wbfpga_pio/GCC_Project/output/s3x_pwrcfg.o
                0x00000000200496da                S3Pi
 *fill*         0x00000000200498b6        0x2 